Archive member included to satisfy reference by file (symbol)

c:/program files (x86)/cypress/psoc creator/4.3/psoc creator/import/gnu/arm/5.4.1/bin/../lib/gcc/arm-none-eabi/5.4.1/armv7e-m/softfp\libgcc.a(_arm_addsubdf3.o)
                              .\CortexM4\ARM_GCC_541\Debug\cy_sysclk.o (__aeabi_f2d)
c:/program files (x86)/cypress/psoc creator/4.3/psoc creator/import/gnu/arm/5.4.1/bin/../lib/gcc/arm-none-eabi/5.4.1/armv7e-m/softfp\libgcc.a(_arm_muldivdf3.o)
                              .\CortexM4\ARM_GCC_541\Debug\cy_sysclk.o (__aeabi_ddiv)
c:/program files (x86)/cypress/psoc creator/4.3/psoc creator/import/gnu/arm/5.4.1/bin/../lib/gcc/arm-none-eabi/5.4.1/armv7e-m/softfp\libgcc.a(_arm_fixunsdfsi.o)
                              .\CortexM4\ARM_GCC_541\Debug\cy_sysclk.o (__aeabi_d2uiz)
c:/program files (x86)/cypress/psoc creator/4.3/psoc creator/import/gnu/arm/5.4.1/bin/../lib/gcc/arm-none-eabi/5.4.1/armv7e-m/softfp\libgcc.a(_arm_truncdfsf2.o)
                              .\CortexM4\ARM_GCC_541\Debug\cy_sysclk.o (__aeabi_d2f)
c:/program files (x86)/cypress/psoc creator/4.3/psoc creator/import/gnu/arm/5.4.1/bin/../lib/gcc/arm-none-eabi/5.4.1/armv7e-m/softfp\libgcc.a(_aeabi_uldivmod.o)
                              .\CortexM4\ARM_GCC_541\Debug\cy_sysclk.o (__aeabi_uldivmod)
c:/program files (x86)/cypress/psoc creator/4.3/psoc creator/import/gnu/arm/5.4.1/bin/../lib/gcc/arm-none-eabi/5.4.1/armv7e-m/softfp\libgcc.a(_udivmoddi4.o)
                              c:/program files (x86)/cypress/psoc creator/4.3/psoc creator/import/gnu/arm/5.4.1/bin/../lib/gcc/arm-none-eabi/5.4.1/armv7e-m/softfp\libgcc.a(_aeabi_uldivmod.o) (__udivmoddi4)
c:/program files (x86)/cypress/psoc creator/4.3/psoc creator/import/gnu/arm/5.4.1/bin/../lib/gcc/arm-none-eabi/5.4.1/armv7e-m/softfp\libgcc.a(_dvmd_tls.o)
                              c:/program files (x86)/cypress/psoc creator/4.3/psoc creator/import/gnu/arm/5.4.1/bin/../lib/gcc/arm-none-eabi/5.4.1/armv7e-m/softfp\libgcc.a(_aeabi_uldivmod.o) (__aeabi_ldiv0)
c:/program files (x86)/cypress/psoc creator/4.3/psoc creator/import/gnu/arm/5.4.1/bin/../lib/gcc/arm-none-eabi/5.4.1/../../../../arm-none-eabi/lib/armv7e-m/softfp\libg_nano.a(lib_a-exit.o)
                              c:/program files (x86)/cypress/psoc creator/4.3/psoc creator/import/gnu/arm/5.4.1/bin/../lib/gcc/arm-none-eabi/5.4.1/../../../../arm-none-eabi/lib/armv7e-m/softfp/crt0.o (exit)
c:/program files (x86)/cypress/psoc creator/4.3/psoc creator/import/gnu/arm/5.4.1/bin/../lib/gcc/arm-none-eabi/5.4.1/../../../../arm-none-eabi/lib/armv7e-m/softfp\libg_nano.a(lib_a-impure.o)
                              c:/program files (x86)/cypress/psoc creator/4.3/psoc creator/import/gnu/arm/5.4.1/bin/../lib/gcc/arm-none-eabi/5.4.1/../../../../arm-none-eabi/lib/armv7e-m/softfp\libg_nano.a(lib_a-exit.o) (_global_impure_ptr)
c:/program files (x86)/cypress/psoc creator/4.3/psoc creator/import/gnu/arm/5.4.1/bin/../lib/gcc/arm-none-eabi/5.4.1/../../../../arm-none-eabi/lib/armv7e-m/softfp\libg_nano.a(lib_a-init.o)
                              c:/program files (x86)/cypress/psoc creator/4.3/psoc creator/import/gnu/arm/5.4.1/bin/../lib/gcc/arm-none-eabi/5.4.1/../../../../arm-none-eabi/lib/armv7e-m/softfp/crt0.o (__libc_init_array)
c:/program files (x86)/cypress/psoc creator/4.3/psoc creator/import/gnu/arm/5.4.1/bin/../lib/gcc/arm-none-eabi/5.4.1/../../../../arm-none-eabi/lib/armv7e-m/softfp\libg_nano.a(lib_a-malloc.o)
                              .\CortexM4\ARM_GCC_541\Debug\flash_config_u.o (malloc)
c:/program files (x86)/cypress/psoc creator/4.3/psoc creator/import/gnu/arm/5.4.1/bin/../lib/gcc/arm-none-eabi/5.4.1/../../../../arm-none-eabi/lib/armv7e-m/softfp\libg_nano.a(lib_a-memcpy-stub.o)
                              .\CortexM4\ARM_GCC_541\Debug\CapSense_Structure.o (memcpy)
c:/program files (x86)/cypress/psoc creator/4.3/psoc creator/import/gnu/arm/5.4.1/bin/../lib/gcc/arm-none-eabi/5.4.1/../../../../arm-none-eabi/lib/armv7e-m/softfp\libg_nano.a(lib_a-memset.o)
                              c:/program files (x86)/cypress/psoc creator/4.3/psoc creator/import/gnu/arm/5.4.1/bin/../lib/gcc/arm-none-eabi/5.4.1/../../../../arm-none-eabi/lib/armv7e-m/softfp/crt0.o (memset)
c:/program files (x86)/cypress/psoc creator/4.3/psoc creator/import/gnu/arm/5.4.1/bin/../lib/gcc/arm-none-eabi/5.4.1/../../../../arm-none-eabi/lib/armv7e-m/softfp\libg_nano.a(lib_a-nano-freer.o)
                              c:/program files (x86)/cypress/psoc creator/4.3/psoc creator/import/gnu/arm/5.4.1/bin/../lib/gcc/arm-none-eabi/5.4.1/../../../../arm-none-eabi/lib/armv7e-m/softfp\libg_nano.a(lib_a-malloc.o) (_free_r)
c:/program files (x86)/cypress/psoc creator/4.3/psoc creator/import/gnu/arm/5.4.1/bin/../lib/gcc/arm-none-eabi/5.4.1/../../../../arm-none-eabi/lib/armv7e-m/softfp\libg_nano.a(lib_a-nano-mallocr.o)
[...]
Memory Configuration

Name             Origin             Length             Attributes
ram              0x08024000         0x00023800         xrw
flash            0x10080000         0x00080000         xr
em_eeprom        0x14000000         0x00008000         xr
sflash_user_data 0x16000800         0x00000800         xr
sflash_nar       0x16001a00         0x00000200         xr
sflash_public_key 0x16005a00         0x00000c00         xr
sflash_toc_2     0x16007c00         0x00000200         xr
sflash_rtoc_2    0x16007e00         0x00000200         xr
xip              0x18000000         0x08000000         xr
efuse            0x90700000         0x00100000         r
*default*        0x00000000         0xffffffff

Linker script and memory map

LOAD c:/program files (x86)/cypress/psoc creator/4.3/psoc creator/import/gnu/arm/5.4.1/bin/../lib/gcc/arm-none-eabi/5.4.1/armv7e-m/softfp/crti.o
LOAD c:/program files (x86)/cypress/psoc creator/4.3/psoc creator/import/gnu/arm/5.4.1/bin/../lib/gcc/arm-none-eabi/5.4.1/armv7e-m/softfp/crtbegin.o
LOAD c:/program files (x86)/cypress/psoc creator/4.3/psoc creator/import/gnu/arm/5.4.1/bin/../lib/gcc/arm-none-eabi/5.4.1/../../../../arm-none-eabi/lib/armv7e-m/softfp/crt0.o
START GROUP
LOAD .\CortexM4\ARM_GCC_541\Debug\startup_psoc63_cm4.o
LOAD .\CortexM4\ARM_GCC_541\Debug\main_cm4.o
LOAD .\CortexM4\ARM_GCC_541\Debug\flash_config_u.o
LOAD .\CortexM4\ARM_GCC_541\Debug\CapSense_config_u.o
LOAD .\CortexM4\ARM_GCC_541\Debug\APP_U.o
LOAD .\CortexM4\ARM_GCC_541\Debug\system_psoc63_cm4.o
LOAD .\CortexM4\ARM_GCC_541\Debug\cy_ipc_config.o
LOAD .\CortexM4\ARM_GCC_541\Debug\cyfitter_sysint_cfg.o
LOAD .\CortexM4\ARM_GCC_541\Debug\cymetadata.o
LOAD .\CortexM4\ARM_GCC_541\Debug\cy_sysint.o
LOAD .\CortexM4\ARM_GCC_541\Debug\cy_ipc_drv.o
LOAD .\CortexM4\ARM_GCC_541\Debug\cy_ipc_sema.o
LOAD .\CortexM4\ARM_GCC_541\Debug\cy_ipc_pipe.o
LOAD .\CortexM4\ARM_GCC_541\Debug\cy_sysclk.o
LOAD .\CortexM4\ARM_GCC_541\Debug\cy_wdt.o
LOAD .\CortexM4\ARM_GCC_541\Debug\cy_efuse.o
LOAD .\CortexM4\ARM_GCC_541\Debug\cy_flash.o
LOAD .\CortexM4\ARM_GCC_541\Debug\cy_gpio.o
LOAD .\CortexM4\ARM_GCC_541\Debug\cy_sysanalog.o
LOAD .\CortexM4\ARM_GCC_541\Debug\cy_syspm.o
LOAD .\CortexM4\ARM_GCC_541\Debug\cy_syslib.o
LOAD .\CortexM4\ARM_GCC_541\Debug\cy_syslib_gcc.o
LOAD .\CortexM4\ARM_GCC_541\Debug\cy_trigmux.o
LOAD .\CortexM4\ARM_GCC_541\Debug\cy_systick.o
LOAD .\CortexM4\ARM_GCC_541\Debug\cy_profile.o
LOAD .\CortexM4\ARM_GCC_541\Debug\cy_prot.o
LOAD .\CortexM4\ARM_GCC_541\Debug\cy_lvd.o
LOAD .\CortexM4\ARM_GCC_541\Debug\cy_ble_clk.o
LOAD .\CortexM4\ARM_GCC_541\Debug\CapSense_Control.o
LOAD .\CortexM4\ARM_GCC_541\Debug\CapSense_Processing.o
LOAD .\CortexM4\ARM_GCC_541\Debug\CapSense_Structure.o
LOAD .\CortexM4\ARM_GCC_541\Debug\CapSense_Tuner.o
LOAD .\CortexM4\ARM_GCC_541\Debug\CapSense_Filter.o
LOAD .\CortexM4\ARM_GCC_541\Debug\CapSense_Sensing.o
LOAD .\CortexM4\ARM_GCC_541\Debug\CapSense_INT.o
LOAD .\CortexM4\ARM_GCC_541\Debug\CapSense_SensingCSD_LL.o
LOAD C:\Program Files (x86)\Cypress\PSoC Creator\4.3\PSoC Creator\psoc\content\CyComponentLibrary\CyComponentLibrary.cylib\CapSense_v3_0\Library\CapSense_Library_GCC_M4.a
END GROUP
START GROUP
LOAD c:/program files (x86)/cypress/psoc creator/4.3/psoc creator/import/gnu/arm/5.4.1/bin/../lib/gcc/arm-none-eabi/5.4.1/armv7e-m/softfp\libgcc.a
LOAD c:/program files (x86)/cypress/psoc creator/4.3/psoc creator/import/gnu/arm/5.4.1/bin/../lib/gcc/arm-none-eabi/5.4.1/../../../../arm-none-eabi/lib/armv7e-m/softfp\libg_nano.a
LOAD c:/program files (x86)/cypress/psoc creator/4.3/psoc creator/import/gnu/arm/5.4.1/bin/../lib/gcc/arm-none-eabi/5.4.1/../../../../arm-none-eabi/lib/armv7e-m/softfp\libc_nano.a
END GROUP
START GROUP
LOAD c:/program files (x86)/cypress/psoc creator/4.3/psoc creator/import/gnu/arm/5.4.1/bin/../lib/gcc/arm-none-eabi/5.4.1/armv7e-m/softfp\libgcc.a
LOAD c:/program files (x86)/cypress/psoc creator/4.3/psoc creator/import/gnu/arm/5.4.1/bin/../lib/gcc/arm-none-eabi/5.4.1/../../../../arm-none-eabi/lib/armv7e-m/softfp\libc_nano.a
END GROUP
LOAD c:/program files (x86)/cypress/psoc creator/4.3/psoc creator/import/gnu/arm/5.4.1/bin/../lib/gcc/arm-none-eabi/5.4.1/armv7e-m/softfp/crtend.o
LOAD c:/program files (x86)/cypress/psoc creator/4.3/psoc creator/import/gnu/arm/5.4.1/bin/../lib/gcc/arm-none-eabi/5.4.1/armv7e-m/softfp/crtn.o
START GROUP
LOAD c:/program files (x86)/cypress/psoc creator/4.3/psoc creator/import/gnu/arm/5.4.1/bin/../lib/gcc/arm-none-eabi/5.4.1/armv7e-m/softfp\libgcc.a
LOAD c:/program files (x86)/cypress/psoc creator/4.3/psoc creator/import/gnu/arm/5.4.1/bin/../lib/gcc/arm-none-eabi/5.4.1/../../../../arm-none-eabi/lib/armv7e-m/softfp\libc.a
LOAD c:/program files (x86)/cypress/psoc creator/4.3/psoc creator/import/gnu/arm/5.4.1/bin/../lib/gcc/arm-none-eabi/5.4.1/../../../../arm-none-eabi/lib/armv7e-m/softfp\libnosys.a
END GROUP
START GROUP
LOAD c:/program files (x86)/cypress/psoc creator/4.3/psoc creator/import/gnu/arm/5.4.1/bin/../lib/gcc/arm-none-eabi/5.4.1/armv7e-m/softfp\libgcc.a
LOAD c:/program files (x86)/cypress/psoc creator/4.3/psoc creator/import/gnu/arm/5.4.1/bin/../lib/gcc/arm-none-eabi/5.4.1/../../../../arm-none-eabi/lib/armv7e-m/softfp\libc.a
LOAD c:/program files (x86)/cypress/psoc creator/4.3/psoc creator/import/gnu/arm/5.4.1/bin/../lib/gcc/arm-none-eabi/5.4.1/../../../../arm-none-eabi/lib/armv7e-m/softfp\libm.a
LOAD c:/program files (x86)/cypress/psoc creator/4.3/psoc creator/import/gnu/arm/5.4.1/bin/../lib/gcc/arm-none-eabi/5.4.1/../../../../arm-none-eabi/lib/armv7e-m/softfp\libnosys.a
END GROUP

.text           0x10080000     0x29fc
                0x10080000                . = ALIGN (0x4)
                0x10080000                __Vectors = .
 *(.vectors)
 .vectors       0x10080000      0x28c .\CortexM4\ARM_GCC_541\Debug\startup_psoc63_cm4.o
                0x1008028c                . = ALIGN (0x4)
                0x1008028c                __Vectors_End = .
                0x0000028c                __Vectors_Size = (__Vectors_End - __Vectors)
                0x1008028c                __end__ = .
                0x1008028c                . = ALIGN (0x4)
 *(.text*)
 .text          0x1008028c       0x5c c:/program files (x86)/cypress/psoc creator/4.3/psoc creator/import/gnu/arm/5.4.1/bin/../lib/gcc/arm-none-eabi/5.4.1/armv7e-m/softfp/crtbegin.o
 .text          0x100802e8       0x94 .\CortexM4\ARM_GCC_541\Debug\startup_psoc63_cm4.o
                0x100802e8                Cy_OnResetUser
                0x100802ea                Cy_SaveIRQ
                0x100802f2                Cy_RestoreIRQ
                0x100802f8                Reset_Handler
                0x1008035c                tcpwm_1_interrupts_11_IRQHandler
                0x1008035c                cpuss_interrupts_ipc_0_IRQHandler
                0x1008035c                tcpwm_1_interrupts_15_IRQHandler
                0x1008035c                ioss_interrupts_gpio_13_IRQHandler
                0x1008035c                tcpwm_1_interrupts_13_IRQHandler
                0x1008035c                cpuss_interrupts_dw1_8_IRQHandler
                0x1008035c                tcpwm_0_interrupts_0_IRQHandler
                0x1008035c                SysTick_Handler
                0x1008035c                cpuss_interrupt_fm_IRQHandler
                0x1008035c                cpuss_interrupts_ipc_7_IRQHandler
                0x1008035c                tcpwm_1_interrupts_14_IRQHandler
                0x1008035c                cpuss_interrupts_dw0_11_IRQHandler
                0x1008035c                tcpwm_1_interrupts_9_IRQHandler
                0x1008035c                cpuss_interrupts_cm0_cti_1_IRQHandler
                0x1008035c                tcpwm_1_interrupts_22_IRQHandler
                0x1008035c                cpuss_interrupts_dw0_4_IRQHandler
                0x1008035c                PendSV_Handler
                0x1008035c                NMI_Handler
                0x1008035c                cpuss_interrupts_dw1_12_IRQHandler
                0x1008035c                tcpwm_1_interrupts_12_IRQHandler
                0x1008035c                smif_interrupt_IRQHandler
                0x1008035c                tcpwm_1_interrupts_2_IRQHandler
                0x1008035c                cpuss_interrupts_ipc_13_IRQHandler
                0x1008035c                udb_interrupts_11_IRQHandler
                0x1008035c                tcpwm_1_interrupts_18_IRQHandler
                0x1008035c                cpuss_interrupts_ipc_6_IRQHandler
                0x1008035c                tcpwm_0_interrupts_2_IRQHandler
                0x1008035c                cpuss_interrupts_dw0_13_IRQHandler
                0x1008035c                udb_interrupts_2_IRQHandler
                0x1008035c                cpuss_interrupts_dw1_7_IRQHandler
                0x1008035c                ioss_interrupts_gpio_1_IRQHandler
                0x1008035c                ioss_interrupts_gpio_7_IRQHandler
                0x1008035c                scb_5_interrupt_IRQHandler
                0x1008035c                udb_interrupts_6_IRQHandler
                0x1008035c                cpuss_interrupts_fault_1_IRQHandler
                0x1008035c                cpuss_interrupts_ipc_4_IRQHandler
                0x1008035c                cpuss_interrupts_ipc_5_IRQHandler
                0x1008035c                cpuss_interrupts_dw1_10_IRQHandler
                0x1008035c                udb_interrupts_0_IRQHandler
                0x1008035c                tcpwm_1_interrupts_6_IRQHandler
                0x1008035c                scb_4_interrupt_IRQHandler
                0x1008035c                pass_interrupt_dacs_IRQHandler
                0x1008035c                ioss_interrupts_gpio_2_IRQHandler
                0x1008035c                cpuss_interrupts_dw1_9_IRQHandler
                0x1008035c                cpuss_interrupts_dw1_13_IRQHandler
                0x1008035c                scb_2_interrupt_IRQHandler
                0x1008035c                cpuss_interrupts_cm0_cti_0_IRQHandler
                0x1008035c                udb_interrupts_5_IRQHandler
                0x1008035c                srss_interrupt_IRQHandler
                0x1008035c                udb_interrupts_12_IRQHandler
                0x1008035c                scb_0_interrupt_IRQHandler
                0x1008035c                csd_interrupt_IRQHandler
                0x1008035c                udb_interrupts_1_IRQHandler
                0x1008035c                profile_interrupt_IRQHandler
                0x1008035c                tcpwm_1_interrupts_1_IRQHandler
                0x1008035c                cpuss_interrupts_ipc_12_IRQHandler
                0x1008035c                tcpwm_1_interrupts_3_IRQHandler
                0x1008035c                tcpwm_0_interrupts_7_IRQHandler
                0x1008035c                cpuss_interrupts_dw1_1_IRQHandler
                0x1008035c                cpuss_interrupts_dw1_0_IRQHandler
                0x1008035c                cpuss_interrupts_dw0_9_IRQHandler
                0x1008035c                DebugMon_Handler
                0x1008035c                cpuss_interrupts_dw0_5_IRQHandler
                0x1008035c                udb_interrupts_4_IRQHandler
                0x1008035c                tcpwm_1_interrupts_20_IRQHandler
                0x1008035c                ioss_interrupt_gpio_IRQHandler
                0x1008035c                tcpwm_0_interrupts_1_IRQHandler
                0x1008035c                ioss_interrupts_gpio_8_IRQHandler
                0x1008035c                tcpwm_0_interrupts_6_IRQHandler
                0x1008035c                scb_7_interrupt_IRQHandler
                0x1008035c                tcpwm_1_interrupts_7_IRQHandler
                0x1008035c                cpuss_interrupts_ipc_11_IRQHandler
                0x1008035c                udb_interrupts_13_IRQHandler
                0x1008035c                cpuss_interrupts_dw0_15_IRQHandler
                0x1008035c                udb_interrupts_7_IRQHandler
                0x1008035c                cpuss_interrupts_dw1_6_IRQHandler
                0x1008035c                cpuss_interrupt_crypto_IRQHandler
                0x1008035c                scb_1_interrupt_IRQHandler
                0x1008035c                Default_Handler
                0x1008035c                usb_interrupt_hi_IRQHandler
                0x1008035c                tcpwm_1_interrupts_0_IRQHandler
                0x1008035c                udb_interrupts_9_IRQHandler
                0x1008035c                audioss_interrupt_pdm_IRQHandler
                0x1008035c                srss_interrupt_mcwdt_0_IRQHandler
                0x1008035c                scb_3_interrupt_IRQHandler
                0x1008035c                pass_interrupt_ctbs_IRQHandler
                0x1008035c                udb_interrupts_8_IRQHandler
                0x1008035c                ioss_interrupts_gpio_3_IRQHandler
                0x1008035c                scb_6_interrupt_IRQHandler
                0x1008035c                cpuss_interrupts_cm4_cti_0_IRQHandler
                0x1008035c                cpuss_interrupts_dw1_3_IRQHandler
                0x1008035c                pass_interrupt_sar_IRQHandler
                0x1008035c                ioss_interrupts_gpio_0_IRQHandler
                0x1008035c                ioss_interrupts_gpio_14_IRQHandler
                0x1008035c                tcpwm_0_interrupts_4_IRQHandler
                0x1008035c                udb_interrupts_3_IRQHandler
                0x1008035c                tcpwm_0_interrupts_5_IRQHandler
                0x1008035c                cpuss_interrupts_ipc_15_IRQHandler
                0x1008035c                cpuss_interrupts_cm4_cti_1_IRQHandler
                0x1008035c                scb_8_interrupt_IRQHandler
                0x1008035c                srss_interrupt_mcwdt_1_IRQHandler
                0x1008035c                cpuss_interrupts_dw1_2_IRQHandler
                0x1008035c                SVC_Handler
                0x1008035c                cpuss_interrupts_dw1_5_IRQHandler
                0x1008035c                cpuss_interrupts_ipc_1_IRQHandler
                0x1008035c                cpuss_interrupts_dw0_0_IRQHandler
                0x1008035c                ioss_interrupts_gpio_12_IRQHandler
                0x1008035c                cpuss_interrupts_ipc_3_IRQHandler
                0x1008035c                tcpwm_1_interrupts_17_IRQHandler
                0x1008035c                srss_interrupt_backup_IRQHandler
                0x1008035c                bless_interrupt_IRQHandler
                0x1008035c                cpuss_interrupts_ipc_10_IRQHandler
                0x1008035c                cpuss_interrupts_ipc_9_IRQHandler
                0x1008035c                cpuss_interrupts_dw0_14_IRQHandler
                0x1008035c                tcpwm_1_interrupts_4_IRQHandler
                0x1008035c                tcpwm_0_interrupts_3_IRQHandler
                0x1008035c                cpuss_interrupts_dw1_15_IRQHandler
                0x1008035c                ioss_interrupts_gpio_10_IRQHandler
                0x1008035c                udb_interrupts_10_IRQHandler
                0x1008035c                cpuss_interrupts_dw0_8_IRQHandler
                0x1008035c                ioss_interrupts_gpio_11_IRQHandler
                0x1008035c                cpuss_interrupts_ipc_14_IRQHandler
                0x1008035c                ioss_interrupts_gpio_5_IRQHandler
                0x1008035c                ioss_interrupts_gpio_4_IRQHandler
                0x1008035c                tcpwm_1_interrupts_8_IRQHandler
                0x1008035c                cpuss_interrupts_dw1_14_IRQHandler
                0x1008035c                usb_interrupt_med_IRQHandler
                0x1008035c                cpuss_interrupts_dw0_2_IRQHandler
                0x1008035c                tcpwm_1_interrupts_23_IRQHandler
                0x1008035c                tcpwm_1_interrupts_10_IRQHandler
                0x1008035c                cpuss_interrupts_fault_0_IRQHandler
                0x1008035c                cpuss_interrupts_dw0_12_IRQHandler
                0x1008035c                ioss_interrupts_gpio_6_IRQHandler
                0x1008035c                tcpwm_1_interrupts_21_IRQHandler
                0x1008035c                tcpwm_1_interrupts_16_IRQHandler
                0x1008035c                cpuss_interrupts_dw1_4_IRQHandler
                0x1008035c                udb_interrupts_15_IRQHandler
                0x1008035c                cpuss_interrupts_dw1_11_IRQHandler
                0x1008035c                cpuss_interrupts_dw0_6_IRQHandler
                0x1008035c                ioss_interrupt_vdd_IRQHandler
                0x1008035c                cpuss_interrupts_dw0_7_IRQHandler
                0x1008035c                audioss_interrupt_i2s_IRQHandler
                0x1008035c                tcpwm_1_interrupts_5_IRQHandler
                0x1008035c                cpuss_interrupts_ipc_2_IRQHandler
                0x1008035c                cpuss_interrupts_dw0_10_IRQHandler
                0x1008035c                tcpwm_1_interrupts_19_IRQHandler
                0x1008035c                cpuss_interrupts_dw0_1_IRQHandler
                0x1008035c                lpcomp_interrupt_IRQHandler
                0x1008035c                ioss_interrupts_gpio_9_IRQHandler
                0x1008035c                usb_interrupt_lo_IRQHandler
                0x1008035c                cpuss_interrupts_ipc_8_IRQHandler
                0x1008035c                udb_interrupts_14_IRQHandler
                0x1008035c                cpuss_interrupts_dw0_3_IRQHandler
                0x10080360                UsageFault_Handler
                0x10080360                HardFault_Handler
                0x10080360                MemManage_Handler
                0x10080360                BusFault_Handler
 .text.main     0x1008037c       0x10 .\CortexM4\ARM_GCC_541\Debug\main_cm4.o
                0x1008037c                main
 .text.is_memory_empty
                0x1008038c       0x1c .\CortexM4\ARM_GCC_541\Debug\flash_config_u.o
 .text.get_checksum
                0x100803a8       0x18 .\CortexM4\ARM_GCC_541\Debug\flash_config_u.o
                0x100803a8                get_checksum
 .text.is_writen_config
                0x100803c0       0x6c .\CortexM4\ARM_GCC_541\Debug\flash_config_u.o
                0x100803c0                is_writen_config
 .text.make_data_for_flash
                0x1008042c       0x28 .\CortexM4\ARM_GCC_541\Debug\flash_config_u.o
                0x1008042c                make_data_for_flash
 .text.write_flash_data
                0x10080454       0x10 .\CortexM4\ARM_GCC_541\Debug\flash_config_u.o
                0x10080454                write_flash_data
 .text.eraze_flash_data
                0x10080464       0x24 .\CortexM4\ARM_GCC_541\Debug\flash_config_u.o
                0x10080464                eraze_flash_data
 .text.make_sensors_data
                0x10080488       0x4c .\CortexM4\ARM_GCC_541\Debug\CapSense_config_u.o
                0x10080488                make_sensors_data
 .text.Find_Liquid_Level
                0x100804d4       0x34 .\CortexM4\ARM_GCC_541\Debug\CapSense_config_u.o
                0x100804d4                Find_Liquid_Level
 .text.Start_Interrapts
                0x10080508       0x10 .\CortexM4\ARM_GCC_541\Debug\APP_U.o
                0x10080508                Start_Interrapts
 .text.CSD_Config
                0x10080518       0x2c .\CortexM4\ARM_GCC_541\Debug\APP_U.o
                0x10080518                CSD_Config
 .text.FLASH_Config
                0x10080544       0x24 .\CortexM4\ARM_GCC_541\Debug\APP_U.o
                0x10080544                FLASH_Config
 .text.Cy_SystemInit
                0x10080568        0x4 .\CortexM4\ARM_GCC_541\Debug\system_psoc63_cm4.o
                0x10080568                Cy_SystemInit
 .text.SystemCoreClockUpdate
                0x1008056c      0x190 .\CortexM4\ARM_GCC_541\Debug\system_psoc63_cm4.o
                0x1008056c                SystemCoreClockUpdate
 .text.SystemInit
                0x100806fc       0x48 .\CortexM4\ARM_GCC_541\Debug\system_psoc63_cm4.o
                0x100806fc                SystemInit
 .text.Cy_SystemInitFpuEnable
                0x10080744       0x28 .\CortexM4\ARM_GCC_541\Debug\system_psoc63_cm4.o
                0x10080744                Cy_SystemInitFpuEnable
 .text.Cy_IPC_SystemPipeIsr
                0x1008076c        0xc .\CortexM4\ARM_GCC_541\Debug\cy_ipc_config.o
 .text.Cy_IPC_SystemSemaInit
                0x10080778       0x10 .\CortexM4\ARM_GCC_541\Debug\cy_ipc_config.o
                0x10080778                Cy_IPC_SystemSemaInit
 .text.Cy_IPC_SystemPipeInit
                0x10080788       0x24 .\CortexM4\ARM_GCC_541\Debug\cy_ipc_config.o
                0x10080788                Cy_IPC_SystemPipeInit
 .text.Cy_SysInt_SetVector
                0x100807ac       0x44 .\CortexM4\ARM_GCC_541\Debug\cy_sysint.o
                0x100807ac                Cy_SysInt_SetVector
 .text.Cy_SysInt_Init
                0x100807f0       0x7c .\CortexM4\ARM_GCC_541\Debug\cy_sysint.o
                0x100807f0                Cy_SysInt_Init
 .text.Cy_IPC_Drv_LockRelease
                0x1008086c       0x30 .\CortexM4\ARM_GCC_541\Debug\cy_ipc_drv.o
                0x1008086c                Cy_IPC_Drv_LockRelease
 .text.Cy_IPC_Drv_SendMsgWord
                0x1008089c       0x3c .\CortexM4\ARM_GCC_541\Debug\cy_ipc_drv.o
                0x1008089c                Cy_IPC_Drv_SendMsgWord
 .text.Cy_IPC_Drv_ReadMsgWord
                0x100808d8       0x2c .\CortexM4\ARM_GCC_541\Debug\cy_ipc_drv.o
                0x100808d8                Cy_IPC_Drv_ReadMsgWord
 .text.Cy_IPC_Sema_Init
                0x10080904       0xb0 .\CortexM4\ARM_GCC_541\Debug\cy_ipc_sema.o
                0x10080904                Cy_IPC_Sema_Init
 .text.Cy_IPC_Sema_Clear
                0x100809b4       0x88 .\CortexM4\ARM_GCC_541\Debug\cy_ipc_sema.o
                0x100809b4                Cy_IPC_Sema_Clear
 .text.Cy_IPC_Sema_Status
                0x10080a3c       0x40 .\CortexM4\ARM_GCC_541\Debug\cy_ipc_sema.o
                0x10080a3c                Cy_IPC_Sema_Status
 .text.Cy_IPC_Pipe_Config
                0x10080a7c       0x10 .\CortexM4\ARM_GCC_541\Debug\cy_ipc_pipe.o
                0x10080a7c                Cy_IPC_Pipe_Config
 .text.Cy_IPC_Pipe_EndpointInit
                0x10080a8c       0xc8 .\CortexM4\ARM_GCC_541\Debug\cy_ipc_pipe.o
                0x10080a8c                Cy_IPC_Pipe_EndpointInit
 .text.Cy_IPC_Pipe_Init
                0x10080b54       0xc4 .\CortexM4\ARM_GCC_541\Debug\cy_ipc_pipe.o
                0x10080b54                Cy_IPC_Pipe_Init
 .text.Cy_IPC_Pipe_SendMessage
                0x10080c18       0xc0 .\CortexM4\ARM_GCC_541\Debug\cy_ipc_pipe.o
                0x10080c18                Cy_IPC_Pipe_SendMessage
 .text.Cy_IPC_Pipe_RegisterCallback
                0x10080cd8       0x60 .\CortexM4\ARM_GCC_541\Debug\cy_ipc_pipe.o
                0x10080cd8                Cy_IPC_Pipe_RegisterCallback
 .text.Cy_IPC_Pipe_ExecCallback
                0x10080d38       0xb0 .\CortexM4\ARM_GCC_541\Debug\cy_ipc_pipe.o
                0x10080d38                Cy_IPC_Pipe_ExecCallback
 .text.Cy_IPC_Pipe_ExecuteCallback
                0x10080de8       0x3c .\CortexM4\ARM_GCC_541\Debug\cy_ipc_pipe.o
                0x10080de8                Cy_IPC_Pipe_ExecuteCallback
 .text.Cy_Flash_GetRowNum
                0x10080e24       0x38 .\CortexM4\ARM_GCC_541\Debug\cy_flash.o
 .text.Cy_Flash_BoundsCheck
                0x10080e5c       0x20 .\CortexM4\ARM_GCC_541\Debug\cy_flash.o
 .text.Cy_Flash_ProcessOpcode
                0x10080e7c       0xac .\CortexM4\ARM_GCC_541\Debug\cy_flash.o
 .text.Cy_Flash_OperationStatus
                0x10080f28       0x44 .\CortexM4\ARM_GCC_541\Debug\cy_flash.o
 .text.Cy_Flash_Init
                0x10080f6c       0x4c .\CortexM4\ARM_GCC_541\Debug\cy_flash.o
                0x10080f6c                Cy_Flash_Init
 .text.Cy_Flash_WriteRow
                0x10080fb8       0x7c .\CortexM4\ARM_GCC_541\Debug\cy_flash.o
                0x10080fb8                Cy_Flash_WriteRow
 .text.Cy_GPIO_Pin_FastInit
                0x10081034       0xf0 .\CortexM4\ARM_GCC_541\Debug\cy_gpio.o
                0x10081034                Cy_GPIO_Pin_FastInit
 .text.Cy_SysLib_DelayUs
                0x10081124       0x14 .\CortexM4\ARM_GCC_541\Debug\cy_syslib.o
                0x10081124                Cy_SysLib_DelayUs
 .text.Cy_SysLib_Halt
                0x10081138        0x4 .\CortexM4\ARM_GCC_541\Debug\cy_syslib.o
                0x10081138                Cy_SysLib_Halt
 .text.Cy_SysLib_AssertFailed
                0x1008113c       0x1c .\CortexM4\ARM_GCC_541\Debug\cy_syslib.o
                0x1008113c                Cy_SysLib_AssertFailed
 .text.Cy_SysLib_ProcessingFault
                0x10081158        0x4 .\CortexM4\ARM_GCC_541\Debug\cy_syslib.o
                0x10081158                Cy_SysLib_ProcessingFault
 .text.Cy_SysLib_FaultHandler
                0x1008115c       0xa4 .\CortexM4\ARM_GCC_541\Debug\cy_syslib.o
                0x1008115c                Cy_SysLib_FaultHandler
 .text          0x10081200       0x20 .\CortexM4\ARM_GCC_541\Debug\cy_syslib_gcc.o
                0x10081200                Cy_SysLib_DelayCycles
                0x10081212                Cy_SysLib_EnterCriticalSection
                0x1008121a                Cy_SysLib_ExitCriticalSection
 .text.CapSense_Initialize
                0x10081220       0x24 .\CortexM4\ARM_GCC_541\Debug\CapSense_Control.o
                0x10081220                CapSense_Initialize
 .text.CapSense_Start
                0x10081244       0x2c .\CortexM4\ARM_GCC_541\Debug\CapSense_Control.o
                0x10081244                CapSense_Start
 .text.CapSense_ProcessAllWidgets
                0x10081270       0x44 .\CortexM4\ARM_GCC_541\Debug\CapSense_Control.o
                0x10081270                CapSense_ProcessAllWidgets
 .text.CapSense_DpInitialize
                0x100812b4       0x58 .\CortexM4\ARM_GCC_541\Debug\CapSense_Processing.o
                0x100812b4                CapSense_DpInitialize
 .text.CapSense_DpUpdateDifferences
                0x1008130c       0x18 .\CortexM4\ARM_GCC_541\Debug\CapSense_Processing.o
                0x1008130c                CapSense_DpUpdateDifferences
 .text.CapSense_DpProcessCsdWidgetRawCounts
                0x10081324       0x38 .\CortexM4\ARM_GCC_541\Debug\CapSense_Processing.o
                0x10081324                CapSense_DpProcessCsdWidgetRawCounts
 .text.CapSense_DpProcessButton
                0x1008135c       0x64 .\CortexM4\ARM_GCC_541\Debug\CapSense_Processing.o
                0x1008135c                CapSense_DpProcessButton
 .text.CapSense_DpProcessCsdWidgetStatus
                0x100813c0       0x64 .\CortexM4\ARM_GCC_541\Debug\CapSense_Processing.o
                0x100813c0                CapSense_DpProcessCsdWidgetStatus
 .text.CapSense_DsInitialize
                0x10081424       0x70 .\CortexM4\ARM_GCC_541\Debug\CapSense_Structure.o
                0x10081424                CapSense_DsInitialize
 .text.CapSense_TuInitialize
                0x10081494       0x14 .\CortexM4\ARM_GCC_541\Debug\CapSense_Tuner.o
                0x10081494                CapSense_TuInitialize
 .text.CapSense_FtInitialize
                0x100814a8        0x4 .\CortexM4\ARM_GCC_541\Debug\CapSense_Filter.o
                0x100814a8                CapSense_FtInitialize
 .text.CapSense_FtInitializeBaselineChannel
                0x100814ac       0x20 .\CortexM4\ARM_GCC_541\Debug\CapSense_Filter.o
                0x100814ac                CapSense_FtInitializeBaselineChannel
 .text.CapSense_FtInitializeBaseline
                0x100814cc       0x20 .\CortexM4\ARM_GCC_541\Debug\CapSense_Filter.o
                0x100814cc                CapSense_FtInitializeBaseline
 .text.CapSense_InitializeSensorBaseline
                0x100814ec       0x28 .\CortexM4\ARM_GCC_541\Debug\CapSense_Filter.o
                0x100814ec                CapSense_InitializeSensorBaseline
 .text.CapSense_InitializeWidgetBaseline
                0x10081514       0x28 .\CortexM4\ARM_GCC_541\Debug\CapSense_Filter.o
                0x10081514                CapSense_InitializeWidgetBaseline
 .text.CapSense_InitializeAllBaselines
                0x1008153c       0x18 .\CortexM4\ARM_GCC_541\Debug\CapSense_Filter.o
                0x1008153c                CapSense_InitializeAllBaselines
 .text.CapSense_FtIIR1stOrder
                0x10081554       0x14 .\CortexM4\ARM_GCC_541\Debug\CapSense_Filter.o
                0x10081554                CapSense_FtIIR1stOrder
 .text.CapSense_FtUpdateBaseline
                0x10081568       0xa0 .\CortexM4\ARM_GCC_541\Debug\CapSense_Filter.o
                0x10081568                CapSense_FtUpdateBaseline
 .text.CapSense_SsSetWidgetSenseClkSrc
                0x10081608        0x8 .\CortexM4\ARM_GCC_541\Debug\CapSense_Sensing.o
 .text.CapSense_IsBusy
                0x10081610       0x10 .\CortexM4\ARM_GCC_541\Debug\CapSense_Sensing.o
                0x10081610                CapSense_IsBusy
 .text.CapSense_SetBusyFlags
                0x10081620       0x18 .\CortexM4\ARM_GCC_541\Debug\CapSense_Sensing.o
                0x10081620                CapSense_SetBusyFlags
 .text.CapSense_ClrBusyFlags
                0x10081638       0x18 .\CortexM4\ARM_GCC_541\Debug\CapSense_Sensing.o
                0x10081638                CapSense_ClrBusyFlags
 .text.CapSense_SetupWidget
                0x10081650       0x44 .\CortexM4\ARM_GCC_541\Debug\CapSense_Sensing.o
                0x10081650                CapSense_SetupWidget
 .text.CapSense_Scan
                0x10081694       0x1c .\CortexM4\ARM_GCC_541\Debug\CapSense_Sensing.o
                0x10081694                CapSense_Scan
 .text.CapSense_ScanAllWidgets
                0x100816b0       0x54 .\CortexM4\ARM_GCC_541\Debug\CapSense_Sensing.o
                0x100816b0                CapSense_ScanAllWidgets
 .text.CapSense_SsSetIOsInDefaultState
                0x10081704       0x28 .\CortexM4\ARM_GCC_541\Debug\CapSense_Sensing.o
                0x10081704                CapSense_SsSetIOsInDefaultState
 .text.CapSense_SsPostAllWidgetsScan
                0x1008172c       0x78 .\CortexM4\ARM_GCC_541\Debug\CapSense_Sensing.o
                0x1008172c                CapSense_SsPostAllWidgetsScan
 .text.CapSense_SsIsrInitialize
                0x100817a4       0x58 .\CortexM4\ARM_GCC_541\Debug\CapSense_Sensing.o
                0x100817a4                CapSense_SsIsrInitialize
 .text.CapSense_CalibrateWidget
                0x100817fc       0x1c .\CortexM4\ARM_GCC_541\Debug\CapSense_Sensing.o
                0x100817fc                CapSense_CalibrateWidget
 .text.CapSense_CalibrateAllWidgets
                0x10081818       0x1c .\CortexM4\ARM_GCC_541\Debug\CapSense_Sensing.o
                0x10081818                CapSense_CalibrateAllWidgets
 .text.CapSense_SsInitializeSourceSenseClk
                0x10081834       0x24 .\CortexM4\ARM_GCC_541\Debug\CapSense_Sensing.o
                0x10081834                CapSense_SsInitializeSourceSenseClk
 .text.CapSense_SsInitialize
                0x10081858       0x14 .\CortexM4\ARM_GCC_541\Debug\CapSense_Sensing.o
                0x10081858                CapSense_SsInitialize
 .text.CapSense_SsClearCSDSensors
                0x1008186c       0x3c .\CortexM4\ARM_GCC_541\Debug\CapSense_Sensing.o
                0x1008186c                CapSense_SsClearCSDSensors
 .text.CapSense_BistDischargeExtCapacitors
                0x100818a8       0x38 .\CortexM4\ARM_GCC_541\Debug\CapSense_Sensing.o
                0x100818a8                CapSense_BistDischargeExtCapacitors
 .text.CapSense_SsCSDPostScan
                0x100818e0       0x54 .\CortexM4\ARM_GCC_541\Debug\CapSense_INT.o
 .text.CapSense_SsCSDInitNextScan
                0x10081934       0xa8 .\CortexM4\ARM_GCC_541\Debug\CapSense_INT.o
 .text.CapSense_CSDPostSingleScan
                0x100819dc       0x2c .\CortexM4\ARM_GCC_541\Debug\CapSense_INT.o
                0x100819dc                CapSense_CSDPostSingleScan
 .text.CapSense_CSDPostMultiScan
                0x10081a08       0x44 .\CortexM4\ARM_GCC_541\Debug\CapSense_INT.o
                0x10081a08                CapSense_CSDPostMultiScan
 .text.CapSense_SsCSDSetModeSnsClockDivider
                0x10081a4c       0x10 .\CortexM4\ARM_GCC_541\Debug\CapSense_SensingCSD_LL.o
 .text.CapSense_SsCSDSetFilterDelay
                0x10081a5c       0x54 .\CortexM4\ARM_GCC_541\Debug\CapSense_SensingCSD_LL.o
 .text.CapSense_SsCSDConfigIDACs
                0x10081ab0       0x1c .\CortexM4\ARM_GCC_541\Debug\CapSense_SensingCSD_LL.o
 .text.CapSense_SsCSDSetSingleIdacMode
                0x10081acc       0x28 .\CortexM4\ARM_GCC_541\Debug\CapSense_SensingCSD_LL.o
 .text.CapSense_SsCSDRestoreIdacMode
                0x10081af4       0x2c .\CortexM4\ARM_GCC_541\Debug\CapSense_SensingCSD_LL.o
 .text.CapSense_SsCSDCalibrateCheck
                0x10081b20       0x4c .\CortexM4\ARM_GCC_541\Debug\CapSense_SensingCSD_LL.o
 .text.CapSense_SsCSDCmodPrecharge
                0x10081b6c       0x70 .\CortexM4\ARM_GCC_541\Debug\CapSense_SensingCSD_LL.o
 .text.CapSense_SsCSDTriggerScan
                0x10081bdc       0x8c .\CortexM4\ARM_GCC_541\Debug\CapSense_SensingCSD_LL.o
 .text.CapSense_SsCSDInitialize
                0x10081c68      0x12c .\CortexM4\ARM_GCC_541\Debug\CapSense_SensingCSD_LL.o
                0x10081c68                CapSense_SsCSDInitialize
 .text.CapSense_SsCSDSetUpIdacs
                0x10081d94       0x50 .\CortexM4\ARM_GCC_541\Debug\CapSense_SensingCSD_LL.o
                0x10081d94                CapSense_SsCSDSetUpIdacs
 .text.CapSense_SsCSDGetNumberOfConversions
                0x10081de4       0x2c .\CortexM4\ARM_GCC_541\Debug\CapSense_SensingCSD_LL.o
                0x10081de4                CapSense_SsCSDGetNumberOfConversions
 .text.CapSense_SsCSDConfigClock
                0x10081e10       0x30 .\CortexM4\ARM_GCC_541\Debug\CapSense_SensingCSD_LL.o
                0x10081e10                CapSense_SsCSDConfigClock
 .text.CapSense_SsCSDCalculateScanDuration
                0x10081e40       0x18 .\CortexM4\ARM_GCC_541\Debug\CapSense_SensingCSD_LL.o
                0x10081e40                CapSense_SsCSDCalculateScanDuration
 .text.CapSense_SsCSDStartSample
                0x10081e58       0x44 .\CortexM4\ARM_GCC_541\Debug\CapSense_SensingCSD_LL.o
                0x10081e58                CapSense_SsCSDStartSample
 .text.CapSense_CSDScanExt
                0x10081e9c       0x18 .\CortexM4\ARM_GCC_541\Debug\CapSense_SensingCSD_LL.o
                0x10081e9c                CapSense_CSDScanExt
 .text.CapSense_CSDConnectSns
                0x10081eb4       0x98 .\CortexM4\ARM_GCC_541\Debug\CapSense_SensingCSD_LL.o
                0x10081eb4                CapSense_CSDConnectSns
 .text.CapSense_CSDScan
                0x10081f4c       0x74 .\CortexM4\ARM_GCC_541\Debug\CapSense_SensingCSD_LL.o
                0x10081f4c                CapSense_CSDScan
 .text.CapSense_SsCSDConnectSensorExt
                0x10081fc0       0x24 .\CortexM4\ARM_GCC_541\Debug\CapSense_SensingCSD_LL.o
                0x10081fc0                CapSense_SsCSDConnectSensorExt
 .text.CapSense_CSDDisconnectSns
                0x10081fe4       0xa4 .\CortexM4\ARM_GCC_541\Debug\CapSense_SensingCSD_LL.o
                0x10081fe4                CapSense_CSDDisconnectSns
 .text.CapSense_SsCSDElectrodeCheck
                0x10082088       0x24 .\CortexM4\ARM_GCC_541\Debug\CapSense_SensingCSD_LL.o
                0x10082088                CapSense_SsCSDElectrodeCheck
 .text.CapSense_CSDSetupWidget
                0x100820ac       0x54 .\CortexM4\ARM_GCC_541\Debug\CapSense_SensingCSD_LL.o
                0x100820ac                CapSense_CSDSetupWidget
 .text.CapSense_CSDSetupWidgetExt
                0x10082100       0x64 .\CortexM4\ARM_GCC_541\Debug\CapSense_SensingCSD_LL.o
                0x10082100                CapSense_CSDSetupWidgetExt
 .text.CapSense_SsCSDCalibrateOneSensor
                0x10082164       0xdc .\CortexM4\ARM_GCC_541\Debug\CapSense_SensingCSD_LL.o
 .text.CapSense_CSDCalibrateWidget
                0x10082240      0x110 .\CortexM4\ARM_GCC_541\Debug\CapSense_SensingCSD_LL.o
                0x10082240                CapSense_CSDCalibrateWidget
 .text.malloc   0x10082350       0x10 c:/program files (x86)/cypress/psoc creator/4.3/psoc creator/import/gnu/arm/5.4.1/bin/../lib/gcc/arm-none-eabi/5.4.1/../../../../arm-none-eabi/lib/armv7e-m/softfp\libg_nano.a(lib_a-malloc.o)
                0x10082350                malloc
 .text.free     0x10082360       0x10 c:/program files (x86)/cypress/psoc creator/4.3/psoc creator/import/gnu/arm/5.4.1/bin/../lib/gcc/arm-none-eabi/5.4.1/../../../../arm-none-eabi/lib/armv7e-m/softfp\libg_nano.a(lib_a-malloc.o)
                0x10082360                free
 .text.memcpy   0x10082370       0x16 c:/program files (x86)/cypress/psoc creator/4.3/psoc creator/import/gnu/arm/5.4.1/bin/../lib/gcc/arm-none-eabi/5.4.1/../../../../arm-none-eabi/lib/armv7e-m/softfp\libg_nano.a(lib_a-memcpy-stub.o)
                0x10082370                memcpy
 .text.memset   0x10082386       0x10 c:/program files (x86)/cypress/psoc creator/4.3/psoc creator/import/gnu/arm/5.4.1/bin/../lib/gcc/arm-none-eabi/5.4.1/../../../../arm-none-eabi/lib/armv7e-m/softfp\libg_nano.a(lib_a-memset.o)
                0x10082386                memset
 *fill*         0x10082396        0x2 
 .text._free_r  0x10082398       0x9c c:/program files (x86)/cypress/psoc creator/4.3/psoc creator/import/gnu/arm/5.4.1/bin/../lib/gcc/arm-none-eabi/5.4.1/../../../../arm-none-eabi/lib/armv7e-m/softfp\libg_nano.a(lib_a-nano-freer.o)
                0x10082398                _free_r
 .text._malloc_r
                0x10082434       0xbc c:/program files (x86)/cypress/psoc creator/4.3/psoc creator/import/gnu/arm/5.4.1/bin/../lib/gcc/arm-none-eabi/5.4.1/../../../../arm-none-eabi/lib/armv7e-m/softfp\libg_nano.a(lib_a-nano-mallocr.o)
                0x10082434                _malloc_r
 .text._sbrk_r  0x100824f0       0x20 c:/program files (x86)/cypress/psoc creator/4.3/psoc creator/import/gnu/arm/5.4.1/bin/../lib/gcc/arm-none-eabi/5.4.1/../../../../arm-none-eabi/lib/armv7e-m/softfp\libg_nano.a(lib_a-sbrkr.o)
                0x100824f0                _sbrk_r
 .text.strncpy  0x10082510       0x26 c:/program files (x86)/cypress/psoc creator/4.3/psoc creator/import/gnu/arm/5.4.1/bin/../lib/gcc/arm-none-eabi/5.4.1/../../../../arm-none-eabi/lib/armv7e-m/softfp\libg_nano.a(lib_a-strncpy.o)
                0x10082510                strncpy
 .text.__malloc_lock
                0x10082536        0x2 c:/program files (x86)/cypress/psoc creator/4.3/psoc creator/import/gnu/arm/5.4.1/bin/../lib/gcc/arm-none-eabi/5.4.1/../../../../arm-none-eabi/lib/armv7e-m/softfp\libg_nano.a(lib_a-mlock.o)
                0x10082536                __malloc_lock
 .text.__malloc_unlock
                0x10082538        0x2 c:/program files (x86)/cypress/psoc creator/4.3/psoc creator/import/gnu/arm/5.4.1/bin/../lib/gcc/arm-none-eabi/5.4.1/../../../../arm-none-eabi/lib/armv7e-m/softfp\libg_nano.a(lib_a-mlock.o)
                0x10082538                __malloc_unlock
 *fill*         0x1008253a        0x2 
 .text._sbrk    0x1008253c       0x1c c:/program files (x86)/cypress/psoc creator/4.3/psoc creator/import/gnu/arm/5.4.1/bin/../lib/gcc/arm-none-eabi/5.4.1/../../../../arm-none-eabi/lib/armv7e-m/softfp\libnosys.a(sbrk.o)
                0x1008253c                _sbrk
 *(.init)
 .init          0x10082558        0x4 c:/program files (x86)/cypress/psoc creator/4.3/psoc creator/import/gnu/arm/5.4.1/bin/../lib/gcc/arm-none-eabi/5.4.1/armv7e-m/softfp/crti.o
                0x10082558                _init
 .init          0x1008255c        0x8 c:/program files (x86)/cypress/psoc creator/4.3/psoc creator/import/gnu/arm/5.4.1/bin/../lib/gcc/arm-none-eabi/5.4.1/armv7e-m/softfp/crtn.o
 *(.fini)
 .fini          0x10082564        0x4 c:/program files (x86)/cypress/psoc creator/4.3/psoc creator/import/gnu/arm/5.4.1/bin/../lib/gcc/arm-none-eabi/5.4.1/armv7e-m/softfp/crti.o
                0x10082564                _fini
 .fini          0x10082568        0x8 c:/program files (x86)/cypress/psoc creator/4.3/psoc creator/import/gnu/arm/5.4.1/bin/../lib/gcc/arm-none-eabi/5.4.1/armv7e-m/softfp/crtn.o
 .fini.__stub   0x10082570       0x10 linker stubs
 *crtbegin.o(.ctors)
 *crtbegin?.o(.ctors)
 *(EXCLUDE_FILE(*crtend.o *crtend?.o) .ctors)
 *(SORT(.ctors.*))
 *(.ctors)
 *crtbegin.o(.dtors)
 *crtbegin?.o(.dtors)
 *(EXCLUDE_FILE(*crtend.o *crtend?.o) .dtors)
 *(SORT(.dtors.*))
 *(.dtors)
 *(.rodata .rodata.* .constdata .constdata.* .conststring .conststring.*)
 .rodata        0x10082580       0x34 .\CortexM4\ARM_GCC_541\Debug\cy_ipc_config.o
 .rodata        0x100825b4        0x8 .\CortexM4\ARM_GCC_541\Debug\cyfitter_sysint_cfg.o
                0x100825b4                CapSense_ISR_cfg
 .rodata.str1.4
                0x100825bc       0x41 .\CortexM4\ARM_GCC_541\Debug\cy_sysint.o
 *fill*         0x100825fd        0x3 
 .rodata.str1.4
                0x10082600       0x7f .\CortexM4\ARM_GCC_541\Debug\cy_ipc_drv.o
 *fill*         0x1008267f        0x1 
 .rodata.str1.4
                0x10082680       0x3f .\CortexM4\ARM_GCC_541\Debug\cy_ipc_sema.o
 *fill*         0x100826bf        0x1 
 .rodata.str1.4
                0x100826c0       0x40 .\CortexM4\ARM_GCC_541\Debug\cy_ipc_pipe.o
                                 0x7f (size before relaxing)
 .rodata.str1.4
                0x10082700       0x7d .\CortexM4\ARM_GCC_541\Debug\cy_gpio.o
 *fill*         0x1008277d        0x3 
 .rodata.str1.4
                0x10082780       0x2d .\CortexM4\ARM_GCC_541\Debug\CapSense_Processing.o
 *fill*         0x100827ad        0x3 
 .rodata        0x100827b0      0x200 .\CortexM4\ARM_GCC_541\Debug\CapSense_Structure.o
                0x100827b0                CapSense_ramIdacInit
                0x100827bc                CapSense_dsFlash
                0x100828d4                CapSense_ramWidgetInit
                0x10082960                CapSense_ioList
 .rodata        0x100829b0        0x1 .\CortexM4\ARM_GCC_541\Debug\CapSense_Sensing.o
                0x100829b0                CapSense_scanFreqIndex
 *fill*         0x100829b1        0x3 
 .rodata.str1.4
                0x100829b4       0x40 .\CortexM4\ARM_GCC_541\Debug\CapSense_SensingCSD_LL.o
                                 0x3d (size before relaxing)
 .rodata.str1.1
                0x100829f4        0x2 c:/program files (x86)/cypress/psoc creator/4.3/psoc creator/import/gnu/arm/5.4.1/bin/../lib/gcc/arm-none-eabi/5.4.1/../../../../arm-none-eabi/lib/armv7e-m/softfp\libg_nano.a(lib_a-impure.o)
 *(.eh_frame*)
 *fill*         0x100829f6        0x2 
 .eh_frame      0x100829f8        0x0 c:/program files (x86)/cypress/psoc creator/4.3/psoc creator/import/gnu/arm/5.4.1/bin/../lib/gcc/arm-none-eabi/5.4.1/armv7e-m/softfp/crtbegin.o
 .eh_frame      0x100829f8        0x4 c:/program files (x86)/cypress/psoc creator/4.3/psoc creator/import/gnu/arm/5.4.1/bin/../lib/gcc/arm-none-eabi/5.4.1/armv7e-m/softfp/crtend.o

.glue_7         0x100829fc        0x0
 .glue_7        0x100829fc        0x0 linker stubs

.glue_7t        0x100829fc        0x0
 .glue_7t       0x100829fc        0x0 linker stubs

.vfp11_veneer   0x100829fc        0x0
 .vfp11_veneer  0x100829fc        0x0 linker stubs

.v4_bx          0x100829fc        0x0
 .v4_bx         0x100829fc        0x0 linker stubs

.iplt           0x100829fc        0x0
 .iplt          0x100829fc        0x0 c:/program files (x86)/cypress/psoc creator/4.3/psoc creator/import/gnu/arm/5.4.1/bin/../lib/gcc/arm-none-eabi/5.4.1/armv7e-m/softfp/crtbegin.o

.ARM.extab
 *(.ARM.extab* .gnu.linkonce.armextab.*)
                0x100829fc                __exidx_start = .

.ARM.exidx
 *(.ARM.exidx* .gnu.linkonce.armexidx.*)
                0x100829fc                __exidx_end = .

.copy.table     0x100829fc       0x18
                0x100829fc                . = ALIGN (0x4)
                0x100829fc                __copy_table_start__ = .
                0x100829fc        0x4 LONG 0x10080000 __Vectors
                0x10082a00        0x4 LONG 0x8024000 __ram_vectors_start__
                0x10082a04        0x4 LONG 0x28c (__Vectors_End - __Vectors)
                0x10082a08        0x4 LONG 0x10082a1c __etext
                0x10082a0c        0x4 LONG 0x802428c __data_start__
                0x10082a10        0x4 LONG 0x534 (__data_end__ - __data_start__)
                0x10082a14                __copy_table_end__ = .

.zero.table     0x10082a14        0x8
                0x10082a14                . = ALIGN (0x4)
                0x10082a14                __zero_table_start__ = .
                0x10082a14        0x4 LONG 0x8024854 __bss_start__
                0x10082a18        0x4 LONG 0x3ac (__bss_end__ - __bss_start__)
                0x10082a1c                __zero_table_end__ = .
                0x10082a1c                __etext = .

.ramVectors     0x08024000      0x28c
                0x08024000                __ram_vectors_start__ = .
 *(.ram_vectors)
 .ram_vectors   0x08024000      0x28c .\CortexM4\ARM_GCC_541\Debug\startup_psoc63_cm4.o
                0x08024000                __ramVectors
                0x0802428c                __ram_vectors_end__ = .

.data           0x0802428c      0x534 load address 0x10082a1c
                0x0802428c                __data_start__ = .
 *(vtable)
 *(.data*)
 .data          0x0802428c       0x20 .\CortexM4\ARM_GCC_541\Debug\system_psoc63_cm4.o
                0x0802428c                cy_BleEcoClockFreqHz
                0x08024290                cy_Hfclk0FreqHz
                0x08024294                cy_PeriClkFreqHz
                0x08024298                SystemCoreClock
                0x0802429c                cy_delayFreqHz
                0x080242a0                cy_delayFreqMhz
                0x080242a4                cy_delayFreqKhz
                0x080242a8                cy_delay32kMs
 .data          0x080242ac        0x4 .\CortexM4\ARM_GCC_541\Debug\cy_flash.o
 .data          0x080242b0        0x4 .\CortexM4\ARM_GCC_541\Debug\CapSense_SensingCSD_LL.o
                0x080242b0                CapSense_configCsd
 .data.impure_data
                0x080242b4       0x60 c:/program files (x86)/cypress/psoc creator/4.3/psoc creator/import/gnu/arm/5.4.1/bin/../lib/gcc/arm-none-eabi/5.4.1/../../../../arm-none-eabi/lib/armv7e-m/softfp\libg_nano.a(lib_a-impure.o)
 .data._impure_ptr
                0x08024314        0x4 c:/program files (x86)/cypress/psoc creator/4.3/psoc creator/import/gnu/arm/5.4.1/bin/../lib/gcc/arm-none-eabi/5.4.1/../../../../arm-none-eabi/lib/armv7e-m/softfp\libg_nano.a(lib_a-impure.o)
                0x08024314                _impure_ptr
                0x08024318                . = ALIGN (0x4)
                0x08024318                PROVIDE (__preinit_array_start, .)
 *(.preinit_array)
                0x08024318                PROVIDE (__preinit_array_end, .)
                0x08024318                . = ALIGN (0x4)
                0x08024318                PROVIDE (__init_array_start, .)
 *(SORT(.init_array.*))
 *(.init_array)
 .init_array    0x08024318        0x4 c:/program files (x86)/cypress/psoc creator/4.3/psoc creator/import/gnu/arm/5.4.1/bin/../lib/gcc/arm-none-eabi/5.4.1/armv7e-m/softfp/crtbegin.o
                0x0802431c                PROVIDE (__init_array_end, .)
                0x0802431c                . = ALIGN (0x4)
                [!provide]                PROVIDE (__fini_array_start, .)
 *(SORT(.fini_array.*))
 *(.fini_array)
 .fini_array    0x0802431c        0x4 c:/program files (x86)/cypress/psoc creator/4.3/psoc creator/import/gnu/arm/5.4.1/bin/../lib/gcc/arm-none-eabi/5.4.1/armv7e-m/softfp/crtbegin.o
                [!provide]                PROVIDE (__fini_array_end, .)
 *(.jcr*)
 .jcr           0x08024320        0x0 c:/program files (x86)/cypress/psoc creator/4.3/psoc creator/import/gnu/arm/5.4.1/bin/../lib/gcc/arm-none-eabi/5.4.1/armv7e-m/softfp/crtbegin.o
 .jcr           0x08024320        0x4 c:/program files (x86)/cypress/psoc creator/4.3/psoc creator/import/gnu/arm/5.4.1/bin/../lib/gcc/arm-none-eabi/5.4.1/armv7e-m/softfp/crtend.o
                0x08024324                . = ALIGN (0x4)
 *(.cy_ramfunc*)
 .cy_ramfunc    0x08024324      0x29c .\CortexM4\ARM_GCC_541\Debug\cy_flash.o
 .cy_ramfunc    0x080245c0      0x190 .\CortexM4\ARM_GCC_541\Debug\cy_syspm.o
 .cy_ramfunc.__stub
                0x08024750       0x70 linker stubs
                0x080247c0                . = ALIGN (0x4)
                0x080247c0                __data_end__ = .

.igot.plt       0x080247c0        0x0 load address 0x10082f50
 .igot.plt      0x080247c0        0x0 c:/program files (x86)/cypress/psoc creator/4.3/psoc creator/import/gnu/arm/5.4.1/bin/../lib/gcc/arm-none-eabi/5.4.1/armv7e-m/softfp/crtbegin.o

.noinit         0x080247c0       0x94 load address 0x10082f50
 *(.noinit)
 .noinit        0x080247c0       0x94 .\CortexM4\ARM_GCC_541\Debug\cy_syslib.o
                0x080247c0                cy_assertFileName
                0x080247d8                cy_assertLine
                0x080247dc                cy_faultFrame

.bss            0x08024854      0x3ac load address 0x10082fe4
                0x08024854                . = ALIGN (0x4)
                0x08024854                __bss_start__ = .
 *(.bss*)
 .bss           0x08024854       0x1c c:/program files (x86)/cypress/psoc creator/4.3/psoc creator/import/gnu/arm/5.4.1/bin/../lib/gcc/arm-none-eabi/5.4.1/armv7e-m/softfp/crtbegin.o
 .bss           0x08024870      0x180 .\CortexM4\ARM_GCC_541\Debug\cy_ipc_config.o
 .bss           0x080249f0        0xc .\CortexM4\ARM_GCC_541\Debug\cy_ipc_sema.o
 .bss           0x080249fc        0x4 .\CortexM4\ARM_GCC_541\Debug\cy_ipc_pipe.o
 .bss           0x08024a00       0x10 .\CortexM4\ARM_GCC_541\Debug\cy_flash.o
 .bss           0x08024a10       0x30 .\CortexM4\ARM_GCC_541\Debug\cy_syspm.o
 .bss           0x08024a40        0x1 .\CortexM4\ARM_GCC_541\Debug\CapSense_Control.o
 *fill*         0x08024a41        0x3 
 .bss           0x08024a44       0x25 .\CortexM4\ARM_GCC_541\Debug\CapSense_Structure.o
 *fill*         0x08024a69        0x3 
 .bss           0x08024a6c        0x4 .\CortexM4\ARM_GCC_541\Debug\CapSense_Tuner.o
 .bss           0x08024a70        0x3 .\CortexM4\ARM_GCC_541\Debug\CapSense_Sensing.o
                0x08024a70                CapSense_requestScanAllWidget
                0x08024a71                CapSense_widgetIndex
                0x08024a72                CapSense_sensorIndex
 .bss           0x08024a73        0x1 .\CortexM4\ARM_GCC_541\Debug\CapSense_SensingCSD_LL.o
 .bss.__malloc_sbrk_start
                0x08024a74        0x4 c:/program files (x86)/cypress/psoc creator/4.3/psoc creator/import/gnu/arm/5.4.1/bin/../lib/gcc/arm-none-eabi/5.4.1/../../../../arm-none-eabi/lib/armv7e-m/softfp\libg_nano.a(lib_a-nano-mallocr.o)
                0x08024a74                __malloc_sbrk_start
 .bss.__malloc_free_list
                0x08024a78        0x4 c:/program files (x86)/cypress/psoc creator/4.3/psoc creator/import/gnu/arm/5.4.1/bin/../lib/gcc/arm-none-eabi/5.4.1/../../../../arm-none-eabi/lib/armv7e-m/softfp\libg_nano.a(lib_a-nano-mallocr.o)
                0x08024a78                __malloc_free_list
 .bss.heap_end.4169
                0x08024a7c        0x4 c:/program files (x86)/cypress/psoc creator/4.3/psoc creator/import/gnu/arm/5.4.1/bin/../lib/gcc/arm-none-eabi/5.4.1/../../../../arm-none-eabi/lib/armv7e-m/softfp\libnosys.a(sbrk.o)
 *(COMMON)
 COMMON         0x08024a80       0x2c .\CortexM4\ARM_GCC_541\Debug\main_cm4.o
                0x08024a80                Sensors
                0x08024aa8                Level
 COMMON         0x08024aac       0x2c .\CortexM4\ARM_GCC_541\Debug\flash_config_u.o
                0x08024aac                flash
 COMMON         0x08024ad8      0x11c .\CortexM4\ARM_GCC_541\Debug\CapSense_Structure.o
                0x08024ad8                CapSense_dsRam
 COMMON         0x08024bf4        0x8 .\CortexM4\ARM_GCC_541\Debug\CapSense_Sensing.o
                0x08024bf4                CapSense_curRamSnsPtr
                0x08024bf8                CapSense_curSnsIOPtr
 COMMON         0x08024bfc        0x4 c:/program files (x86)/cypress/psoc creator/4.3/psoc creator/import/gnu/arm/5.4.1/bin/../lib/gcc/arm-none-eabi/5.4.1/../../../../arm-none-eabi/lib/armv7e-m/softfp\libg_nano.a(lib_a-reent.o)
                0x08024bfc                errno
                0x08024c00                . = ALIGN (0x4)
                0x08024c00                __bss_end__ = .

.heap           0x08024c00      0x400
                0x08024c00                __HeapBase = .
                0x08024c00                __end__ = .
                0x08024c00                end = __end__
 *(.heap*)
 .heap          0x08024c00      0x400 .\CortexM4\ARM_GCC_541\Debug\startup_psoc63_cm4.o
                0x08025000                __HeapLimit = .

.stack_dummy    0x08024c00     0x1000
 *(.stack*)
 .stack         0x08024c00     0x1000 .\CortexM4\ARM_GCC_541\Debug\startup_psoc63_cm4.o
                0x08047800                __StackTop = (ORIGIN (ram) + LENGTH (ram))
                0x08046800                __StackLimit = (__StackTop - SIZEOF (.stack_dummy))
                0x08047800                PROVIDE (__stack, __StackTop)
                0x00000001                ASSERT ((__StackLimit >= __HeapLimit), region RAM overflowed with stack)

.cy_app_signature
 *(.cy_app_signature)

.cy_em_eeprom
 *(.cy_em_eeprom)

.cy_sflash_user_data
 *(.cy_sflash_user_data)

.cy_sflash_nar
 *(.cy_sflash_nar)

.cy_sflash_public_key
 *(.cy_sflash_public_key)

.cy_toc_part2
 *(.cy_toc_part2)

.cy_rtoc_part2
 *(.cy_rtoc_part2)

.cy_xip
 *(.cy_xip)

.cy_efuse
 *(.cy_efuse)

.cymeta         0x90500000        0xc
 *(.cymeta)
 .cymeta        0x90500000        0xc .\CortexM4\ARM_GCC_541\Debug\cymetadata.o
                0x90500000                cy_metadata
                0x10000000                __cy_memory_0_start = 0x10000000
                0x00100000                __cy_memory_0_length = 0x100000
                0x00000200                __cy_memory_0_row_size = 0x200
                0x14000000                __cy_memory_1_start = 0x14000000
                0x00008000                __cy_memory_1_length = 0x8000
                0x00000200                __cy_memory_1_row_size = 0x200
                0x16000000                __cy_memory_2_start = 0x16000000
                0x00008000                __cy_memory_2_length = 0x8000
                0x00000200                __cy_memory_2_row_size = 0x200
                0x18000000                __cy_memory_3_start = 0x18000000
                0x08000000                __cy_memory_3_length = 0x8000000
                0x00000200                __cy_memory_3_row_size = 0x200
                0x90700000                __cy_memory_4_start = 0x90700000
                0x00100000                __cy_memory_4_length = 0x100000
                0x00000001                __cy_memory_4_row_size = 0x1
OUTPUT(C:\Users\kotli\Documents\GitHub\Smartbottle_0_1\flash\FLASH_test\FLASH_test.cydsn\CortexM4\ARM_GCC_541\Debug\FLASH_test_link.elf elf32-littlearm)

.rel.dyn        0x08024c00        0x0 load address 0x9855e79c
 .rel.iplt      0x08024c00        0x0 c:/program files (x86)/cypress/psoc creator/4.3/psoc creator/import/gnu/arm/5.4.1/bin/../lib/gcc/arm-none-eabi/5.4.1/armv7e-m/softfp/crtbegin.o

.ARM.attributes
                0x00000000       0x2e
 .ARM.attributes
                0x00000000       0x22 c:/program files (x86)/cypress/psoc creator/4.3/psoc creator/import/gnu/arm/5.4.1/bin/../lib/gcc/arm-none-eabi/5.4.1/armv7e-m/softfp/crti.o
 .ARM.attributes
                0x00000022       0x32 c:/program files (x86)/cypress/psoc creator/4.3/psoc creator/import/gnu/arm/5.4.1/bin/../lib/gcc/arm-none-eabi/5.4.1/armv7e-m/softfp/crtbegin.o
 .ARM.attributes
                0x00000054       0x1f .\CortexM4\ARM_GCC_541\Debug\startup_psoc63_cm4.o
 .ARM.attributes
                0x00000073       0x37 .\CortexM4\ARM_GCC_541\Debug\main_cm4.o
 .ARM.attributes
                0x000000aa       0x37 .\CortexM4\ARM_GCC_541\Debug\flash_config_u.o
 .ARM.attributes
                0x000000e1       0x37 .\CortexM4\ARM_GCC_541\Debug\CapSense_config_u.o
 .ARM.attributes
                0x00000118       0x37 .\CortexM4\ARM_GCC_541\Debug\APP_U.o
 .ARM.attributes
                0x0000014f       0x37 .\CortexM4\ARM_GCC_541\Debug\system_psoc63_cm4.o
 .ARM.attributes
                0x00000186       0x37 .\CortexM4\ARM_GCC_541\Debug\cy_ipc_config.o
 .ARM.attributes
                0x000001bd       0x37 .\CortexM4\ARM_GCC_541\Debug\cyfitter_sysint_cfg.o
 .ARM.attributes
                0x000001f4       0x37 .\CortexM4\ARM_GCC_541\Debug\cymetadata.o
 .ARM.attributes
                0x0000022b       0x37 .\CortexM4\ARM_GCC_541\Debug\cy_sysint.o
 .ARM.attributes
                0x00000262       0x37 .\CortexM4\ARM_GCC_541\Debug\cy_ipc_drv.o
 .ARM.attributes
                0x00000299       0x37 .\CortexM4\ARM_GCC_541\Debug\cy_ipc_sema.o
 .ARM.attributes
                0x000002d0       0x37 .\CortexM4\ARM_GCC_541\Debug\cy_ipc_pipe.o
 .ARM.attributes
                0x00000307       0x37 .\CortexM4\ARM_GCC_541\Debug\cy_flash.o
 .ARM.attributes
                0x0000033e       0x37 .\CortexM4\ARM_GCC_541\Debug\cy_gpio.o
 .ARM.attributes
                0x00000375       0x37 .\CortexM4\ARM_GCC_541\Debug\cy_syspm.o
 .ARM.attributes
                0x000003ac       0x37 .\CortexM4\ARM_GCC_541\Debug\cy_syslib.o
 .ARM.attributes
                0x000003e3       0x25 .\CortexM4\ARM_GCC_541\Debug\cy_syslib_gcc.o
 .ARM.attributes
                0x00000408       0x37 .\CortexM4\ARM_GCC_541\Debug\CapSense_Control.o
 .ARM.attributes
                0x0000043f       0x37 .\CortexM4\ARM_GCC_541\Debug\CapSense_Processing.o
 .ARM.attributes
                0x00000476       0x37 .\CortexM4\ARM_GCC_541\Debug\CapSense_Structure.o
 .ARM.attributes
                0x000004ad       0x37 .\CortexM4\ARM_GCC_541\Debug\CapSense_Tuner.o
 .ARM.attributes
                0x000004e4       0x37 .\CortexM4\ARM_GCC_541\Debug\CapSense_Filter.o
 .ARM.attributes
                0x0000051b       0x37 .\CortexM4\ARM_GCC_541\Debug\CapSense_Sensing.o
 .ARM.attributes
                0x00000552       0x37 .\CortexM4\ARM_GCC_541\Debug\CapSense_INT.o
 .ARM.attributes
                0x00000589       0x37 .\CortexM4\ARM_GCC_541\Debug\CapSense_SensingCSD_LL.o
 .ARM.attributes
                0x000005c0       0x32 c:/program files (x86)/cypress/psoc creator/4.3/psoc creator/import/gnu/arm/5.4.1/bin/../lib/gcc/arm-none-eabi/5.4.1/../../../../arm-none-eabi/lib/armv7e-m/softfp\libg_nano.a(lib_a-impure.o)
 .ARM.attributes
                0x000005f2       0x32 c:/program files (x86)/cypress/psoc creator/4.3/psoc creator/import/gnu/arm/5.4.1/bin/../lib/gcc/arm-none-eabi/5.4.1/../../../../arm-none-eabi/lib/armv7e-m/softfp\libg_nano.a(lib_a-malloc.o)
 .ARM.attributes
                0x00000624       0x32 c:/program files (x86)/cypress/psoc creator/4.3/psoc creator/import/gnu/arm/5.4.1/bin/../lib/gcc/arm-none-eabi/5.4.1/../../../../arm-none-eabi/lib/armv7e-m/softfp\libg_nano.a(lib_a-memcpy-stub.o)
 .ARM.attributes
                0x00000656       0x32 c:/program files (x86)/cypress/psoc creator/4.3/psoc creator/import/gnu/arm/5.4.1/bin/../lib/gcc/arm-none-eabi/5.4.1/../../../../arm-none-eabi/lib/armv7e-m/softfp\libg_nano.a(lib_a-memset.o)
 .ARM.attributes
                0x00000688       0x32 c:/program files (x86)/cypress/psoc creator/4.3/psoc creator/import/gnu/arm/5.4.1/bin/../lib/gcc/arm-none-eabi/5.4.1/../../../../arm-none-eabi/lib/armv7e-m/softfp\libg_nano.a(lib_a-nano-freer.o)
 .ARM.attributes
                0x000006ba       0x32 c:/program files (x86)/cypress/psoc creator/4.3/psoc creator/import/gnu/arm/5.4.1/bin/../lib/gcc/arm-none-eabi/5.4.1/../../../../arm-none-eabi/lib/armv7e-m/softfp\libg_nano.a(lib_a-nano-mallocr.o)
 .ARM.attributes
                0x000006ec       0x32 c:/program files (x86)/cypress/psoc creator/4.3/psoc creator/import/gnu/arm/5.4.1/bin/../lib/gcc/arm-none-eabi/5.4.1/../../../../arm-none-eabi/lib/armv7e-m/softfp\libg_nano.a(lib_a-sbrkr.o)
 .ARM.attributes
                0x0000071e       0x32 c:/program files (x86)/cypress/psoc creator/4.3/psoc creator/import/gnu/arm/5.4.1/bin/../lib/gcc/arm-none-eabi/5.4.1/../../../../arm-none-eabi/lib/armv7e-m/softfp\libg_nano.a(lib_a-strncpy.o)
 .ARM.attributes
                0x00000750       0x32 c:/program files (x86)/cypress/psoc creator/4.3/psoc creator/import/gnu/arm/5.4.1/bin/../lib/gcc/arm-none-eabi/5.4.1/../../../../arm-none-eabi/lib/armv7e-m/softfp\libg_nano.a(lib_a-mlock.o)
 .ARM.attributes
                0x00000782       0x32 c:/program files (x86)/cypress/psoc creator/4.3/psoc creator/import/gnu/arm/5.4.1/bin/../lib/gcc/arm-none-eabi/5.4.1/../../../../arm-none-eabi/lib/armv7e-m/softfp\libg_nano.a(lib_a-reent.o)
 .ARM.attributes
                0x000007b4       0x32 c:/program files (x86)/cypress/psoc creator/4.3/psoc creator/import/gnu/arm/5.4.1/bin/../lib/gcc/arm-none-eabi/5.4.1/armv7e-m/softfp/crtend.o
 .ARM.attributes
                0x000007e6       0x22 c:/program files (x86)/cypress/psoc creator/4.3/psoc creator/import/gnu/arm/5.4.1/bin/../lib/gcc/arm-none-eabi/5.4.1/armv7e-m/softfp/crtn.o
 .ARM.attributes
                0x00000808       0x32 c:/program files (x86)/cypress/psoc creator/4.3/psoc creator/import/gnu/arm/5.4.1/bin/../lib/gcc/arm-none-eabi/5.4.1/../../../../arm-none-eabi/lib/armv7e-m/softfp\libnosys.a(sbrk.o)

.comment        0x00000000       0x6e
 .comment       0x00000000       0x6e .\CortexM4\ARM_GCC_541\Debug\main_cm4.o
                                 0x6f (size before relaxing)
 .comment       0x0000006e       0x6f .\CortexM4\ARM_GCC_541\Debug\flash_config_u.o
 .comment       0x0000006e       0x6f .\CortexM4\ARM_GCC_541\Debug\CapSense_config_u.o
 .comment       0x0000006e       0x6f .\CortexM4\ARM_GCC_541\Debug\APP_U.o
 .comment       0x0000006e       0x6f .\CortexM4\ARM_GCC_541\Debug\system_psoc63_cm4.o
 .comment       0x0000006e       0x6f .\CortexM4\ARM_GCC_541\Debug\cy_ipc_config.o
 .comment       0x0000006e       0x6f .\CortexM4\ARM_GCC_541\Debug\cyfitter_sysint_cfg.o
 .comment       0x0000006e       0x6f .\CortexM4\ARM_GCC_541\Debug\cymetadata.o
 .comment       0x0000006e       0x6f .\CortexM4\ARM_GCC_541\Debug\cy_sysint.o
 .comment       0x0000006e       0x6f .\CortexM4\ARM_GCC_541\Debug\cy_ipc_drv.o
 .comment       0x0000006e       0x6f .\CortexM4\ARM_GCC_541\Debug\cy_ipc_sema.o
 .comment       0x0000006e       0x6f .\CortexM4\ARM_GCC_541\Debug\cy_ipc_pipe.o
 .comment       0x0000006e       0x6f .\CortexM4\ARM_GCC_541\Debug\cy_flash.o
 .comment       0x0000006e       0x6f .\CortexM4\ARM_GCC_541\Debug\cy_gpio.o
 .comment       0x0000006e       0x6f .\CortexM4\ARM_GCC_541\Debug\cy_syspm.o
 .comment       0x0000006e       0x6f .\CortexM4\ARM_GCC_541\Debug\cy_syslib.o
 .comment       0x0000006e       0x6f .\CortexM4\ARM_GCC_541\Debug\CapSense_Control.o
 .comment       0x0000006e       0x6f .\CortexM4\ARM_GCC_541\Debug\CapSense_Processing.o
 .comment       0x0000006e       0x6f .\CortexM4\ARM_GCC_541\Debug\CapSense_Structure.o
 .comment       0x0000006e       0x6f .\CortexM4\ARM_GCC_541\Debug\CapSense_Tuner.o
 .comment       0x0000006e       0x6f .\CortexM4\ARM_GCC_541\Debug\CapSense_Filter.o
 .comment       0x0000006e       0x6f .\CortexM4\ARM_GCC_541\Debug\CapSense_Sensing.o
 .comment       0x0000006e       0x6f .\CortexM4\ARM_GCC_541\Debug\CapSense_INT.o
 .comment       0x0000006e       0x6f .\CortexM4\ARM_GCC_541\Debug\CapSense_SensingCSD_LL.o

.debug_line     0x00000000     0x5dc7
 .debug_line    0x00000000       0xa0 .\CortexM4\ARM_GCC_541\Debug\startup_psoc63_cm4.o
 .debug_line    0x000000a0      0x1d4 .\CortexM4\ARM_GCC_541\Debug\main_cm4.o
 .debug_line    0x00000274      0x32e .\CortexM4\ARM_GCC_541\Debug\flash_config_u.o
 .debug_line    0x000005a2      0x2b5 .\CortexM4\ARM_GCC_541\Debug\CapSense_config_u.o
 .debug_line    0x00000857      0x2e3 .\CortexM4\ARM_GCC_541\Debug\APP_U.o
 .debug_line    0x00000b3a      0x2fa .\CortexM4\ARM_GCC_541\Debug\system_psoc63_cm4.o
 .debug_line    0x00000e34      0x2bc .\CortexM4\ARM_GCC_541\Debug\cy_ipc_config.o
 .debug_line    0x000010f0      0x214 .\CortexM4\ARM_GCC_541\Debug\cyfitter_sysint_cfg.o
 .debug_line    0x00001304      0x141 .\CortexM4\ARM_GCC_541\Debug\cymetadata.o
 .debug_line    0x00001445      0x2a8 .\CortexM4\ARM_GCC_541\Debug\cy_sysint.o
 .debug_line    0x000016ed      0x2ac .\CortexM4\ARM_GCC_541\Debug\cy_ipc_drv.o
 .debug_line    0x00001999      0x35f .\CortexM4\ARM_GCC_541\Debug\cy_ipc_sema.o
 .debug_line    0x00001cf8      0x572 .\CortexM4\ARM_GCC_541\Debug\cy_ipc_pipe.o
 .debug_line    0x0000226a      0x72e .\CortexM4\ARM_GCC_541\Debug\cy_flash.o
 .debug_line    0x00002998      0x447 .\CortexM4\ARM_GCC_541\Debug\cy_gpio.o
 .debug_line    0x00002ddf      0x8c7 .\CortexM4\ARM_GCC_541\Debug\cy_syspm.o
 .debug_line    0x000036a6      0x401 .\CortexM4\ARM_GCC_541\Debug\cy_syslib.o
 .debug_line    0x00003aa7       0x89 .\CortexM4\ARM_GCC_541\Debug\cy_syslib_gcc.o
 .debug_line    0x00003b30      0x416 .\CortexM4\ARM_GCC_541\Debug\CapSense_Control.o
 .debug_line    0x00003f46      0x437 .\CortexM4\ARM_GCC_541\Debug\CapSense_Processing.o
 .debug_line    0x0000437d      0x357 .\CortexM4\ARM_GCC_541\Debug\CapSense_Structure.o
 .debug_line    0x000046d4      0x27a .\CortexM4\ARM_GCC_541\Debug\CapSense_Tuner.o
 .debug_line    0x0000494e      0x326 .\CortexM4\ARM_GCC_541\Debug\CapSense_Filter.o
 .debug_line    0x00004c74      0x6f9 .\CortexM4\ARM_GCC_541\Debug\CapSense_Sensing.o
 .debug_line    0x0000536d      0x2df .\CortexM4\ARM_GCC_541\Debug\CapSense_INT.o
 .debug_line    0x0000564c      0x77b .\CortexM4\ARM_GCC_541\Debug\CapSense_SensingCSD_LL.o

.debug_info     0x00000000    0x1d695
 .debug_info    0x00000000       0x8e .\CortexM4\ARM_GCC_541\Debug\startup_psoc63_cm4.o
 .debug_info    0x0000008e      0x17d .\CortexM4\ARM_GCC_541\Debug\main_cm4.o
 .debug_info    0x0000020b      0x3a7 .\CortexM4\ARM_GCC_541\Debug\flash_config_u.o
 .debug_info    0x000005b2      0x59b .\CortexM4\ARM_GCC_541\Debug\CapSense_config_u.o
 .debug_info    0x00000b4d      0x2fe .\CortexM4\ARM_GCC_541\Debug\APP_U.o
 .debug_info    0x00000e4b      0xff9 .\CortexM4\ARM_GCC_541\Debug\system_psoc63_cm4.o
 .debug_info    0x00001e44      0x876 .\CortexM4\ARM_GCC_541\Debug\cy_ipc_config.o
 .debug_info    0x000026ba      0x4d2 .\CortexM4\ARM_GCC_541\Debug\cyfitter_sysint_cfg.o
 .debug_info    0x00002b8c       0xac .\CortexM4\ARM_GCC_541\Debug\cymetadata.o
 .debug_info    0x00002c38      0x9c5 .\CortexM4\ARM_GCC_541\Debug\cy_sysint.o
 .debug_info    0x000035fd      0x486 .\CortexM4\ARM_GCC_541\Debug\cy_ipc_drv.o
 .debug_info    0x00003a83      0x808 .\CortexM4\ARM_GCC_541\Debug\cy_ipc_sema.o
 .debug_info    0x0000428b     0x15f4 .\CortexM4\ARM_GCC_541\Debug\cy_ipc_pipe.o
 .debug_info    0x0000587f     0x27a5 .\CortexM4\ARM_GCC_541\Debug\cy_flash.o
 .debug_info    0x00008024     0x2ce5 .\CortexM4\ARM_GCC_541\Debug\cy_gpio.o
 .debug_info    0x0000ad09     0x3d45 .\CortexM4\ARM_GCC_541\Debug\cy_syspm.o
 .debug_info    0x0000ea4e     0x2511 .\CortexM4\ARM_GCC_541\Debug\cy_syslib.o
 .debug_info    0x00010f5f       0xc3 .\CortexM4\ARM_GCC_541\Debug\cy_syslib_gcc.o
 .debug_info    0x00011022      0xcc8 .\CortexM4\ARM_GCC_541\Debug\CapSense_Control.o
 .debug_info    0x00011cea      0xaa6 .\CortexM4\ARM_GCC_541\Debug\CapSense_Processing.o
 .debug_info    0x00012790      0xd44 .\CortexM4\ARM_GCC_541\Debug\CapSense_Structure.o
 .debug_info    0x000134d4      0x71e .\CortexM4\ARM_GCC_541\Debug\CapSense_Tuner.o
 .debug_info    0x00013bf2      0x81b .\CortexM4\ARM_GCC_541\Debug\CapSense_Filter.o
 .debug_info    0x0001440d     0x4209 .\CortexM4\ARM_GCC_541\Debug\CapSense_Sensing.o
 .debug_info    0x00018616      0xd77 .\CortexM4\ARM_GCC_541\Debug\CapSense_INT.o
 .debug_info    0x0001938d     0x4308 .\CortexM4\ARM_GCC_541\Debug\CapSense_SensingCSD_LL.o

.debug_abbrev   0x00000000     0x3088
 .debug_abbrev  0x00000000       0x14 .\CortexM4\ARM_GCC_541\Debug\startup_psoc63_cm4.o
 .debug_abbrev  0x00000014       0xba .\CortexM4\ARM_GCC_541\Debug\main_cm4.o
 .debug_abbrev  0x000000ce      0x190 .\CortexM4\ARM_GCC_541\Debug\flash_config_u.o
 .debug_abbrev  0x0000025e      0x181 .\CortexM4\ARM_GCC_541\Debug\CapSense_config_u.o
 .debug_abbrev  0x000003df      0x132 .\CortexM4\ARM_GCC_541\Debug\APP_U.o
 .debug_abbrev  0x00000511      0x1c4 .\CortexM4\ARM_GCC_541\Debug\system_psoc63_cm4.o
 .debug_abbrev  0x000006d5      0x173 .\CortexM4\ARM_GCC_541\Debug\cy_ipc_config.o
 .debug_abbrev  0x00000848       0xa0 .\CortexM4\ARM_GCC_541\Debug\cyfitter_sysint_cfg.o
 .debug_abbrev  0x000008e8       0x5d .\CortexM4\ARM_GCC_541\Debug\cymetadata.o
 .debug_abbrev  0x00000945      0x221 .\CortexM4\ARM_GCC_541\Debug\cy_sysint.o
 .debug_abbrev  0x00000b66      0x177 .\CortexM4\ARM_GCC_541\Debug\cy_ipc_drv.o
 .debug_abbrev  0x00000cdd      0x22d .\CortexM4\ARM_GCC_541\Debug\cy_ipc_sema.o
 .debug_abbrev  0x00000f0a      0x30d .\CortexM4\ARM_GCC_541\Debug\cy_ipc_pipe.o
 .debug_abbrev  0x00001217      0x340 .\CortexM4\ARM_GCC_541\Debug\cy_flash.o
 .debug_abbrev  0x00001557      0x1d7 .\CortexM4\ARM_GCC_541\Debug\cy_gpio.o
 .debug_abbrev  0x0000172e      0x349 .\CortexM4\ARM_GCC_541\Debug\cy_syspm.o
 .debug_abbrev  0x00001a77      0x310 .\CortexM4\ARM_GCC_541\Debug\cy_syslib.o
 .debug_abbrev  0x00001d87       0x14 .\CortexM4\ARM_GCC_541\Debug\cy_syslib_gcc.o
 .debug_abbrev  0x00001d9b      0x266 .\CortexM4\ARM_GCC_541\Debug\CapSense_Control.o
 .debug_abbrev  0x00002001      0x1ef .\CortexM4\ARM_GCC_541\Debug\CapSense_Processing.o
 .debug_abbrev  0x000021f0      0x268 .\CortexM4\ARM_GCC_541\Debug\CapSense_Structure.o
 .debug_abbrev  0x00002458      0x193 .\CortexM4\ARM_GCC_541\Debug\CapSense_Tuner.o
 .debug_abbrev  0x000025eb      0x207 .\CortexM4\ARM_GCC_541\Debug\CapSense_Filter.o
 .debug_abbrev  0x000027f2      0x363 .\CortexM4\ARM_GCC_541\Debug\CapSense_Sensing.o
 .debug_abbrev  0x00002b55      0x1ca .\CortexM4\ARM_GCC_541\Debug\CapSense_INT.o
 .debug_abbrev  0x00002d1f      0x369 .\CortexM4\ARM_GCC_541\Debug\CapSense_SensingCSD_LL.o

.debug_aranges  0x00000000      0x8a0
 .debug_aranges
                0x00000000       0x20 .\CortexM4\ARM_GCC_541\Debug\startup_psoc63_cm4.o
 .debug_aranges
                0x00000020       0x20 .\CortexM4\ARM_GCC_541\Debug\main_cm4.o
 .debug_aranges
                0x00000040       0x48 .\CortexM4\ARM_GCC_541\Debug\flash_config_u.o
 .debug_aranges
                0x00000088       0x28 .\CortexM4\ARM_GCC_541\Debug\CapSense_config_u.o
 .debug_aranges
                0x000000b0       0x30 .\CortexM4\ARM_GCC_541\Debug\APP_U.o
 .debug_aranges
                0x000000e0       0x38 .\CortexM4\ARM_GCC_541\Debug\system_psoc63_cm4.o
 .debug_aranges
                0x00000118       0x30 .\CortexM4\ARM_GCC_541\Debug\cy_ipc_config.o
 .debug_aranges
                0x00000148       0x18 .\CortexM4\ARM_GCC_541\Debug\cyfitter_sysint_cfg.o
 .debug_aranges
                0x00000160       0x18 .\CortexM4\ARM_GCC_541\Debug\cymetadata.o
 .debug_aranges
                0x00000178       0x30 .\CortexM4\ARM_GCC_541\Debug\cy_sysint.o
 .debug_aranges
                0x000001a8       0x30 .\CortexM4\ARM_GCC_541\Debug\cy_ipc_drv.o
 .debug_aranges
                0x000001d8       0x40 .\CortexM4\ARM_GCC_541\Debug\cy_ipc_sema.o
 .debug_aranges
                0x00000218       0x68 .\CortexM4\ARM_GCC_541\Debug\cy_ipc_pipe.o
 .debug_aranges
                0x00000280       0xb0 .\CortexM4\ARM_GCC_541\Debug\cy_flash.o
 .debug_aranges
                0x00000330       0x38 .\CortexM4\ARM_GCC_541\Debug\cy_gpio.o
 .debug_aranges
                0x00000368      0x108 .\CortexM4\ARM_GCC_541\Debug\cy_syspm.o
 .debug_aranges
                0x00000470       0x78 .\CortexM4\ARM_GCC_541\Debug\cy_syslib.o
 .debug_aranges
                0x000004e8       0x20 .\CortexM4\ARM_GCC_541\Debug\cy_syslib_gcc.o
 .debug_aranges
                0x00000508       0x88 .\CortexM4\ARM_GCC_541\Debug\CapSense_Control.o
 .debug_aranges
                0x00000590       0x48 .\CortexM4\ARM_GCC_541\Debug\CapSense_Processing.o
 .debug_aranges
                0x000005d8       0x50 .\CortexM4\ARM_GCC_541\Debug\CapSense_Structure.o
 .debug_aranges
                0x00000628       0x28 .\CortexM4\ARM_GCC_541\Debug\CapSense_Tuner.o
 .debug_aranges
                0x00000650       0x70 .\CortexM4\ARM_GCC_541\Debug\CapSense_Filter.o
 .debug_aranges
                0x000006c0       0xc8 .\CortexM4\ARM_GCC_541\Debug\CapSense_Sensing.o
 .debug_aranges
                0x00000788       0x38 .\CortexM4\ARM_GCC_541\Debug\CapSense_INT.o
 .debug_aranges
                0x000007c0       0xe0 .\CortexM4\ARM_GCC_541\Debug\CapSense_SensingCSD_LL.o

.debug_ranges   0x00000000      0x750
 .debug_ranges  0x00000000       0x10 .\CortexM4\ARM_GCC_541\Debug\main_cm4.o
 .debug_ranges  0x00000010       0x38 .\CortexM4\ARM_GCC_541\Debug\flash_config_u.o
 .debug_ranges  0x00000048       0x18 .\CortexM4\ARM_GCC_541\Debug\CapSense_config_u.o
 .debug_ranges  0x00000060       0x20 .\CortexM4\ARM_GCC_541\Debug\APP_U.o
 .debug_ranges  0x00000080       0x40 .\CortexM4\ARM_GCC_541\Debug\system_psoc63_cm4.o
 .debug_ranges  0x000000c0       0x20 .\CortexM4\ARM_GCC_541\Debug\cy_ipc_config.o
 .debug_ranges  0x000000e0       0x20 .\CortexM4\ARM_GCC_541\Debug\cy_sysint.o
 .debug_ranges  0x00000100       0x20 .\CortexM4\ARM_GCC_541\Debug\cy_ipc_drv.o
 .debug_ranges  0x00000120       0x30 .\CortexM4\ARM_GCC_541\Debug\cy_ipc_sema.o
 .debug_ranges  0x00000150       0x58 .\CortexM4\ARM_GCC_541\Debug\cy_ipc_pipe.o
 .debug_ranges  0x000001a8       0xa0 .\CortexM4\ARM_GCC_541\Debug\cy_flash.o
 .debug_ranges  0x00000248       0x28 .\CortexM4\ARM_GCC_541\Debug\cy_gpio.o
 .debug_ranges  0x00000270      0x160 .\CortexM4\ARM_GCC_541\Debug\cy_syspm.o
 .debug_ranges  0x000003d0       0x68 .\CortexM4\ARM_GCC_541\Debug\cy_syslib.o
 .debug_ranges  0x00000438       0x78 .\CortexM4\ARM_GCC_541\Debug\CapSense_Control.o
 .debug_ranges  0x000004b0       0x38 .\CortexM4\ARM_GCC_541\Debug\CapSense_Processing.o
 .debug_ranges  0x000004e8       0x40 .\CortexM4\ARM_GCC_541\Debug\CapSense_Structure.o
 .debug_ranges  0x00000528       0x18 .\CortexM4\ARM_GCC_541\Debug\CapSense_Tuner.o
 .debug_ranges  0x00000540       0x60 .\CortexM4\ARM_GCC_541\Debug\CapSense_Filter.o
 .debug_ranges  0x000005a0       0xb8 .\CortexM4\ARM_GCC_541\Debug\CapSense_Sensing.o
 .debug_ranges  0x00000658       0x28 .\CortexM4\ARM_GCC_541\Debug\CapSense_INT.o
 .debug_ranges  0x00000680       0xd0 .\CortexM4\ARM_GCC_541\Debug\CapSense_SensingCSD_LL.o

.debug_str      0x00000000     0xc267
 .debug_str     0x00000000      0x1dc .\CortexM4\ARM_GCC_541\Debug\main_cm4.o
                                0x248 (size before relaxing)
 .debug_str     0x000001dc       0xa6 .\CortexM4\ARM_GCC_541\Debug\flash_config_u.o
                                0x2c9 (size before relaxing)
 .debug_str     0x00000282      0x2b4 .\CortexM4\ARM_GCC_541\Debug\CapSense_config_u.o
                                0x4e2 (size before relaxing)
 .debug_str     0x00000536       0x70 .\CortexM4\ARM_GCC_541\Debug\APP_U.o
                                0x325 (size before relaxing)
 .debug_str     0x000005a6      0x8d7 .\CortexM4\ARM_GCC_541\Debug\system_psoc63_cm4.o
                                0xb0e (size before relaxing)
 .debug_str     0x00000e7d     0x12f6 .\CortexM4\ARM_GCC_541\Debug\cy_ipc_config.o
                               0x1537 (size before relaxing)
 .debug_str     0x00002173       0x63 .\CortexM4\ARM_GCC_541\Debug\cyfitter_sysint_cfg.o
                               0x121a (size before relaxing)
 .debug_str     0x000021d6       0x83 .\CortexM4\ARM_GCC_541\Debug\cymetadata.o
                                0x1d5 (size before relaxing)
 .debug_str     0x00002259      0x14e .\CortexM4\ARM_GCC_541\Debug\cy_sysint.o
                               0x13e3 (size before relaxing)
 .debug_str     0x000023a7      0x196 .\CortexM4\ARM_GCC_541\Debug\cy_ipc_drv.o
                                0x3de (size before relaxing)
 .debug_str     0x0000253d      0x261 .\CortexM4\ARM_GCC_541\Debug\cy_ipc_sema.o
                                0x604 (size before relaxing)
 .debug_str     0x0000279e      0x46e .\CortexM4\ARM_GCC_541\Debug\cy_ipc_pipe.o
                               0x1adb (size before relaxing)
 .debug_str     0x00002c0c      0xc26 .\CortexM4\ARM_GCC_541\Debug\cy_flash.o
                               0x29f9 (size before relaxing)
 .debug_str     0x00003832     0x590f .\CortexM4\ARM_GCC_541\Debug\cy_gpio.o
                               0x5b6b (size before relaxing)
 .debug_str     0x00009141     0x1539 .\CortexM4\ARM_GCC_541\Debug\cy_syspm.o
                               0x2531 (size before relaxing)
 .debug_str     0x0000a67a      0x513 .\CortexM4\ARM_GCC_541\Debug\cy_syslib.o
                               0x190a (size before relaxing)
 .debug_str     0x0000ab8d      0x512 .\CortexM4\ARM_GCC_541\Debug\CapSense_Control.o
                                0xb36 (size before relaxing)
 .debug_str     0x0000b09f      0x133 .\CortexM4\ARM_GCC_541\Debug\CapSense_Processing.o
                                0x882 (size before relaxing)
 .debug_str     0x0000b1d2      0x2eb .\CortexM4\ARM_GCC_541\Debug\CapSense_Structure.o
                                0x9db (size before relaxing)
 .debug_str     0x0000b4bd      0x135 .\CortexM4\ARM_GCC_541\Debug\CapSense_Tuner.o
                                0x6f6 (size before relaxing)
 .debug_str     0x0000b5f2      0x1c0 .\CortexM4\ARM_GCC_541\Debug\CapSense_Filter.o
                                0x6a8 (size before relaxing)
 .debug_str     0x0000b7b2      0x6ab .\CortexM4\ARM_GCC_541\Debug\CapSense_Sensing.o
                               0x77ca (size before relaxing)
 .debug_str     0x0000be5d       0xf6 .\CortexM4\ARM_GCC_541\Debug\CapSense_INT.o
                                0x9f5 (size before relaxing)
 .debug_str     0x0000bf53      0x314 .\CortexM4\ARM_GCC_541\Debug\CapSense_SensingCSD_LL.o
                               0x7796 (size before relaxing)

.debug_frame    0x00000000     0x191c
 .debug_frame   0x00000000       0x2c .\CortexM4\ARM_GCC_541\Debug\main_cm4.o
 .debug_frame   0x0000002c       0xac .\CortexM4\ARM_GCC_541\Debug\flash_config_u.o
 .debug_frame   0x000000d8       0x40 .\CortexM4\ARM_GCC_541\Debug\CapSense_config_u.o
 .debug_frame   0x00000118       0x64 .\CortexM4\ARM_GCC_541\Debug\APP_U.o
 .debug_frame   0x0000017c       0x68 .\CortexM4\ARM_GCC_541\Debug\system_psoc63_cm4.o
 .debug_frame   0x000001e4       0x64 .\CortexM4\ARM_GCC_541\Debug\cy_ipc_config.o
 .debug_frame   0x00000248       0x7c .\CortexM4\ARM_GCC_541\Debug\cy_sysint.o
 .debug_frame   0x000002c4       0x70 .\CortexM4\ARM_GCC_541\Debug\cy_ipc_drv.o
 .debug_frame   0x00000334       0xcc .\CortexM4\ARM_GCC_541\Debug\cy_ipc_sema.o
 .debug_frame   0x00000400      0x164 .\CortexM4\ARM_GCC_541\Debug\cy_ipc_pipe.o
 .debug_frame   0x00000564      0x22c .\CortexM4\ARM_GCC_541\Debug\cy_flash.o
 .debug_frame   0x00000790       0xd0 .\CortexM4\ARM_GCC_541\Debug\cy_gpio.o
 .debug_frame   0x00000860      0x354 .\CortexM4\ARM_GCC_541\Debug\cy_syspm.o
 .debug_frame   0x00000bb4      0x124 .\CortexM4\ARM_GCC_541\Debug\cy_syslib.o
 .debug_frame   0x00000cd8      0x1ac .\CortexM4\ARM_GCC_541\Debug\CapSense_Control.o
 .debug_frame   0x00000e84       0xe8 .\CortexM4\ARM_GCC_541\Debug\CapSense_Processing.o
 .debug_frame   0x00000f6c       0xc8 .\CortexM4\ARM_GCC_541\Debug\CapSense_Structure.o
 .debug_frame   0x00001034       0x40 .\CortexM4\ARM_GCC_541\Debug\CapSense_Tuner.o
 .debug_frame   0x00001074      0x144 .\CortexM4\ARM_GCC_541\Debug\CapSense_Filter.o
 .debug_frame   0x000011b8      0x24c .\CortexM4\ARM_GCC_541\Debug\CapSense_Sensing.o
 .debug_frame   0x00001404       0x78 .\CortexM4\ARM_GCC_541\Debug\CapSense_INT.o
 .debug_frame   0x0000147c      0x2c4 .\CortexM4\ARM_GCC_541\Debug\CapSense_SensingCSD_LL.o
 .debug_frame   0x00001740       0x30 c:/program files (x86)/cypress/psoc creator/4.3/psoc creator/import/gnu/arm/5.4.1/bin/../lib/gcc/arm-none-eabi/5.4.1/../../../../arm-none-eabi/lib/armv7e-m/softfp\libg_nano.a(lib_a-malloc.o)
 .debug_frame   0x00001770       0x28 c:/program files (x86)/cypress/psoc creator/4.3/psoc creator/import/gnu/arm/5.4.1/bin/../lib/gcc/arm-none-eabi/5.4.1/../../../../arm-none-eabi/lib/armv7e-m/softfp\libg_nano.a(lib_a-memcpy-stub.o)
 .debug_frame   0x00001798       0x20 c:/program files (x86)/cypress/psoc creator/4.3/psoc creator/import/gnu/arm/5.4.1/bin/../lib/gcc/arm-none-eabi/5.4.1/../../../../arm-none-eabi/lib/armv7e-m/softfp\libg_nano.a(lib_a-memset.o)
 .debug_frame   0x000017b8       0x38 c:/program files (x86)/cypress/psoc creator/4.3/psoc creator/import/gnu/arm/5.4.1/bin/../lib/gcc/arm-none-eabi/5.4.1/../../../../arm-none-eabi/lib/armv7e-m/softfp\libg_nano.a(lib_a-nano-freer.o)
 .debug_frame   0x000017f0       0x2c c:/program files (x86)/cypress/psoc creator/4.3/psoc creator/import/gnu/arm/5.4.1/bin/../lib/gcc/arm-none-eabi/5.4.1/../../../../arm-none-eabi/lib/armv7e-m/softfp\libg_nano.a(lib_a-nano-mallocr.o)
 .debug_frame   0x0000181c       0x2c c:/program files (x86)/cypress/psoc creator/4.3/psoc creator/import/gnu/arm/5.4.1/bin/../lib/gcc/arm-none-eabi/5.4.1/../../../../arm-none-eabi/lib/armv7e-m/softfp\libg_nano.a(lib_a-sbrkr.o)
 .debug_frame   0x00001848       0x28 c:/program files (x86)/cypress/psoc creator/4.3/psoc creator/import/gnu/arm/5.4.1/bin/../lib/gcc/arm-none-eabi/5.4.1/../../../../arm-none-eabi/lib/armv7e-m/softfp\libg_nano.a(lib_a-strncpy.o)
 .debug_frame   0x00001870       0x30 c:/program files (x86)/cypress/psoc creator/4.3/psoc creator/import/gnu/arm/5.4.1/bin/../lib/gcc/arm-none-eabi/5.4.1/../../../../arm-none-eabi/lib/armv7e-m/softfp\libg_nano.a(lib_a-mlock.o)
 .debug_frame   0x000018a0       0x5c c:/program files (x86)/cypress/psoc creator/4.3/psoc creator/import/gnu/arm/5.4.1/bin/../lib/gcc/arm-none-eabi/5.4.1/../../../../arm-none-eabi/lib/armv7e-m/softfp\libg_nano.a(lib_a-reent.o)
 .debug_frame   0x000018fc       0x20 c:/program files (x86)/cypress/psoc creator/4.3/psoc creator/import/gnu/arm/5.4.1/bin/../lib/gcc/arm-none-eabi/5.4.1/../../../../arm-none-eabi/lib/armv7e-m/softfp\libnosys.a(sbrk.o)

.debug_loc      0x00000000     0x621e
 .debug_loc     0x00000000      0x1cf .\CortexM4\ARM_GCC_541\Debug\flash_config_u.o
 .debug_loc     0x000001cf       0xac .\CortexM4\ARM_GCC_541\Debug\CapSense_config_u.o
 .debug_loc     0x0000027b       0x31 .\CortexM4\ARM_GCC_541\Debug\APP_U.o
 .debug_loc     0x000002ac      0x1fe .\CortexM4\ARM_GCC_541\Debug\system_psoc63_cm4.o
 .debug_loc     0x000004aa       0x1e .\CortexM4\ARM_GCC_541\Debug\cy_ipc_config.o
 .debug_loc     0x000004c8      0x223 .\CortexM4\ARM_GCC_541\Debug\cy_sysint.o
 .debug_loc     0x000006eb      0x2a1 .\CortexM4\ARM_GCC_541\Debug\cy_ipc_drv.o
 .debug_loc     0x0000098c      0x6c2 .\CortexM4\ARM_GCC_541\Debug\cy_ipc_sema.o
 .debug_loc     0x0000104e      0x7d4 .\CortexM4\ARM_GCC_541\Debug\cy_ipc_pipe.o
 .debug_loc     0x00001822      0xbe0 .\CortexM4\ARM_GCC_541\Debug\cy_flash.o
 .debug_loc     0x00002402      0x791 .\CortexM4\ARM_GCC_541\Debug\cy_gpio.o
 .debug_loc     0x00002b93      0xb0a .\CortexM4\ARM_GCC_541\Debug\cy_syspm.o
 .debug_loc     0x0000369d      0x1fc .\CortexM4\ARM_GCC_541\Debug\cy_syslib.o
 .debug_loc     0x00003899      0x499 .\CortexM4\ARM_GCC_541\Debug\CapSense_Control.o
 .debug_loc     0x00003d32      0x47c .\CortexM4\ARM_GCC_541\Debug\CapSense_Processing.o
 .debug_loc     0x000041ae      0x40f .\CortexM4\ARM_GCC_541\Debug\CapSense_Structure.o
 .debug_loc     0x000045bd      0x186 .\CortexM4\ARM_GCC_541\Debug\CapSense_Tuner.o
 .debug_loc     0x00004743      0x584 .\CortexM4\ARM_GCC_541\Debug\CapSense_Filter.o
 .debug_loc     0x00004cc7      0x910 .\CortexM4\ARM_GCC_541\Debug\CapSense_Sensing.o
 .debug_loc     0x000055d7       0xae .\CortexM4\ARM_GCC_541\Debug\CapSense_INT.o
 .debug_loc     0x00005685      0xb99 .\CortexM4\ARM_GCC_541\Debug\CapSense_SensingCSD_LL.o
