Archive member included to satisfy reference by file (symbol)

C:\Program Files (x86)\Cypress\PSoC Creator\4.3\PSoC Creator\psoc\content\CyComponentLibrary\CyComponentLibrary.cylib\CapSense_v3_0\Library\CapSense_Library_GCC_M4.a(CapSense_SmartSense_LL.o)
                              .\CortexM4\ARM_GCC_541\Debug\CapSense_Sensing.o (SmartSense_TunePrescalers)
C:\Program Files (x86)\Cypress\PSoC Creator\4.3\PSoC Creator\psoc\content\CyComponentLibrary\CyComponentLibrary.cylib\CapSense_v3_0\Library\CapSense_Library_GCC_M4.a(CapSense_SmartSense_SL.o)
                              .\CortexM4\ARM_GCC_541\Debug\CapSense_Processing.o (SmartSense_UpdateThresholds)
c:/program files (x86)/cypress/psoc creator/4.3/psoc creator/import/gnu/arm/5.4.1/bin/../lib/gcc/arm-none-eabi/5.4.1/armv7e-m/softfp\libgcc.a(_arm_addsubdf3.o)
                              .\CortexM4\ARM_GCC_541\Debug\cy_sysclk.o (__aeabi_f2d)
c:/program files (x86)/cypress/psoc creator/4.3/psoc creator/import/gnu/arm/5.4.1/bin/../lib/gcc/arm-none-eabi/5.4.1/armv7e-m/softfp\libgcc.a(_arm_muldivdf3.o)
                              .\CortexM4\ARM_GCC_541\Debug\cy_sysclk.o (__aeabi_ddiv)
c:/program files (x86)/cypress/psoc creator/4.3/psoc creator/import/gnu/arm/5.4.1/bin/../lib/gcc/arm-none-eabi/5.4.1/armv7e-m/softfp\libgcc.a(_arm_fixunsdfsi.o)
                              .\CortexM4\ARM_GCC_541\Debug\cy_sysclk.o (__aeabi_d2uiz)
c:/program files (x86)/cypress/psoc creator/4.3/psoc creator/import/gnu/arm/5.4.1/bin/../lib/gcc/arm-none-eabi/5.4.1/armv7e-m/softfp\libgcc.a(_arm_truncdfsf2.o)
                              .\CortexM4\ARM_GCC_541\Debug\cy_sysclk.o (__aeabi_d2f)
c:/program files (x86)/cypress/psoc creator/4.3/psoc creator/import/gnu/arm/5.4.1/bin/../lib/gcc/arm-none-eabi/5.4.1/armv7e-m/softfp\libgcc.a(_aeabi_uldivmod.o)
                              .\CortexM4\ARM_GCC_541\Debug\cy_sysclk.o (__aeabi_uldivmod)
c:/program files (x86)/cypress/psoc creator/4.3/psoc creator/import/gnu/arm/5.4.1/bin/../lib/gcc/arm-none-eabi/5.4.1/armv7e-m/softfp\libgcc.a(_udivmoddi4.o)
                              c:/program files (x86)/cypress/psoc creator/4.3/psoc creator/import/gnu/arm/5.4.1/bin/../lib/gcc/arm-none-eabi/5.4.1/armv7e-m/softfp\libgcc.a(_aeabi_uldivmod.o) (__udivmoddi4)
c:/program files (x86)/cypress/psoc creator/4.3/psoc creator/import/gnu/arm/5.4.1/bin/../lib/gcc/arm-none-eabi/5.4.1/armv7e-m/softfp\libgcc.a(_dvmd_tls.o)
                              c:/program files (x86)/cypress/psoc creator/4.3/psoc creator/import/gnu/arm/5.4.1/bin/../lib/gcc/arm-none-eabi/5.4.1/armv7e-m/softfp\libgcc.a(_aeabi_uldivmod.o) (__aeabi_ldiv0)
c:/program files (x86)/cypress/psoc creator/4.3/psoc creator/import/gnu/arm/5.4.1/bin/../lib/gcc/arm-none-eabi/5.4.1/../../../../arm-none-eabi/lib/armv7e-m/softfp\libg_nano.a(lib_a-exit.o)
                              c:/program files (x86)/cypress/psoc creator/4.3/psoc creator/import/gnu/arm/5.4.1/bin/../lib/gcc/arm-none-eabi/5.4.1/../../../../arm-none-eabi/lib/armv7e-m/softfp/crt0.o (exit)
c:/program files (x86)/cypress/psoc creator/4.3/psoc creator/import/gnu/arm/5.4.1/bin/../lib/gcc/arm-none-eabi/5.4.1/../../../../arm-none-eabi/lib/armv7e-m/softfp\libg_nano.a(lib_a-impure.o)
                              c:/program files (x86)/cypress/psoc creator/4.3/psoc creator/import/gnu/arm/5.4.1/bin/../lib/gcc/arm-none-eabi/5.4.1/../../../../arm-none-eabi/lib/armv7e-m/softfp\libg_nano.a(lib_a-exit.o) (_global_impure_ptr)
c:/program files (x86)/cypress/psoc creator/4.3/psoc creator/import/gnu/arm/5.4.1/bin/../lib/gcc/arm-none-eabi/5.4.1/../../../../arm-none-eabi/lib/armv7e-m/softfp\libg_nano.a(lib_a-init.o)
                              c:/program files (x86)/cypress/psoc creator/4.3/psoc creator/import/gnu/arm/5.4.1/bin/../lib/gcc/arm-none-eabi/5.4.1/../../../../arm-none-eabi/lib/armv7e-m/softfp/crt0.o (__libc_init_array)
c:/program files (x86)/cypress/psoc creator/4.3/psoc creator/import/gnu/arm/5.4.1/bin/../lib/gcc/arm-none-eabi/5.4.1/../../../../arm-none-eabi/lib/armv7e-m/softfp\libg_nano.a(lib_a-malloc.o)
                              .\CortexM4\ARM_GCC_541\Debug\flash_config_u.o (malloc)
c:/program files (x86)/cypress/psoc creator/4.3/psoc creator/import/gnu/arm/5.4.1/bin/../lib/gcc/arm-none-eabi/5.4.1/../../../../arm-none-eabi/lib/armv7e-m/softfp\libg_nano.a(lib_a-memset.o)
                              c:/program files (x86)/cypress/psoc creator/4.3/psoc creator/import/gnu/arm/5.4.1/bin/../lib/gcc/arm-none-eabi/5.4.1/../../../../arm-none-eabi/lib/armv7e-m/softfp/crt0.o (memset)
c:/program files (x86)/cypress/psoc creator/4.3/psoc creator/import/gnu/arm/5.4.1/bin/../lib/gcc/arm-none-eabi/5.4.1/../../../../arm-none-eabi/lib/armv7e-m/softfp\libg_nano.a(lib_a-nano-freer.o)
                              c:/program files (x86)/cypress/psoc creator/4.3/psoc creator/import/gnu/arm/5.4.1/bin/../lib/gcc/arm-none-eabi/5.4.1/../../../../arm-none-eabi/lib/armv7e-m/softfp\libg_nano.a(lib_a-malloc.o) (_free_r)
[...]
Memory Configuration

Name             Origin             Length             Attributes
ram              0x08024000         0x00023800         xrw
flash            0x10080000         0x00080000         xr
em_eeprom        0x14000000         0x00008000         xr
sflash_user_data 0x16000800         0x00000800         xr
sflash_nar       0x16001a00         0x00000200         xr
sflash_public_key 0x16005a00         0x00000c00         xr
sflash_toc_2     0x16007c00         0x00000200         xr
sflash_rtoc_2    0x16007e00         0x00000200         xr
xip              0x18000000         0x08000000         xr
efuse            0x90700000         0x00100000         r
*default*        0x00000000         0xffffffff

Linker script and memory map

LOAD c:/program files (x86)/cypress/psoc creator/4.3/psoc creator/import/gnu/arm/5.4.1/bin/../lib/gcc/arm-none-eabi/5.4.1/armv7e-m/softfp/crti.o
LOAD c:/program files (x86)/cypress/psoc creator/4.3/psoc creator/import/gnu/arm/5.4.1/bin/../lib/gcc/arm-none-eabi/5.4.1/armv7e-m/softfp/crtbegin.o
LOAD c:/program files (x86)/cypress/psoc creator/4.3/psoc creator/import/gnu/arm/5.4.1/bin/../lib/gcc/arm-none-eabi/5.4.1/../../../../arm-none-eabi/lib/armv7e-m/softfp/crt0.o
START GROUP
LOAD .\CortexM4\ARM_GCC_541\Debug\startup_psoc63_cm4.o
LOAD .\CortexM4\ARM_GCC_541\Debug\main_cm4.o
LOAD .\CortexM4\ARM_GCC_541\Debug\system_psoc63_cm4.o
LOAD .\CortexM4\ARM_GCC_541\Debug\flash_config_u.o
LOAD .\CortexM4\ARM_GCC_541\Debug\CapSense_config_u.o
LOAD .\CortexM4\ARM_GCC_541\Debug\cy_ipc_config.o
LOAD .\CortexM4\ARM_GCC_541\Debug\cyfitter_sysint_cfg.o
LOAD .\CortexM4\ARM_GCC_541\Debug\cymetadata.o
LOAD .\CortexM4\ARM_GCC_541\Debug\cy_sysint.o
LOAD .\CortexM4\ARM_GCC_541\Debug\cy_ipc_drv.o
LOAD .\CortexM4\ARM_GCC_541\Debug\cy_ipc_sema.o
LOAD .\CortexM4\ARM_GCC_541\Debug\cy_ipc_pipe.o
LOAD .\CortexM4\ARM_GCC_541\Debug\cy_sysclk.o
LOAD .\CortexM4\ARM_GCC_541\Debug\cy_wdt.o
LOAD .\CortexM4\ARM_GCC_541\Debug\cy_efuse.o
LOAD .\CortexM4\ARM_GCC_541\Debug\cy_flash.o
LOAD .\CortexM4\ARM_GCC_541\Debug\cy_gpio.o
LOAD .\CortexM4\ARM_GCC_541\Debug\cy_sysanalog.o
LOAD .\CortexM4\ARM_GCC_541\Debug\cy_syspm.o
LOAD .\CortexM4\ARM_GCC_541\Debug\cy_syslib.o
LOAD .\CortexM4\ARM_GCC_541\Debug\cy_syslib_gcc.o
LOAD .\CortexM4\ARM_GCC_541\Debug\cy_trigmux.o
LOAD .\CortexM4\ARM_GCC_541\Debug\cy_systick.o
LOAD .\CortexM4\ARM_GCC_541\Debug\cy_profile.o
LOAD .\CortexM4\ARM_GCC_541\Debug\cy_prot.o
LOAD .\CortexM4\ARM_GCC_541\Debug\cy_lvd.o
LOAD .\CortexM4\ARM_GCC_541\Debug\cy_ble_clk.o
LOAD .\CortexM4\ARM_GCC_541\Debug\CapSense_Control.o
LOAD .\CortexM4\ARM_GCC_541\Debug\CapSense_Processing.o
LOAD .\CortexM4\ARM_GCC_541\Debug\CapSense_Structure.o
LOAD .\CortexM4\ARM_GCC_541\Debug\CapSense_Tuner.o
LOAD .\CortexM4\ARM_GCC_541\Debug\CapSense_Filter.o
LOAD .\CortexM4\ARM_GCC_541\Debug\CapSense_Sensing.o
LOAD .\CortexM4\ARM_GCC_541\Debug\CapSense_INT.o
LOAD .\CortexM4\ARM_GCC_541\Debug\CapSense_SensingCSD_LL.o
LOAD C:\Program Files (x86)\Cypress\PSoC Creator\4.3\PSoC Creator\psoc\content\CyComponentLibrary\CyComponentLibrary.cylib\CapSense_v3_0\Library\CapSense_Library_GCC_M4.a
END GROUP
START GROUP
LOAD c:/program files (x86)/cypress/psoc creator/4.3/psoc creator/import/gnu/arm/5.4.1/bin/../lib/gcc/arm-none-eabi/5.4.1/armv7e-m/softfp\libgcc.a
LOAD c:/program files (x86)/cypress/psoc creator/4.3/psoc creator/import/gnu/arm/5.4.1/bin/../lib/gcc/arm-none-eabi/5.4.1/../../../../arm-none-eabi/lib/armv7e-m/softfp\libg_nano.a
LOAD c:/program files (x86)/cypress/psoc creator/4.3/psoc creator/import/gnu/arm/5.4.1/bin/../lib/gcc/arm-none-eabi/5.4.1/../../../../arm-none-eabi/lib/armv7e-m/softfp\libc_nano.a
END GROUP
START GROUP
LOAD c:/program files (x86)/cypress/psoc creator/4.3/psoc creator/import/gnu/arm/5.4.1/bin/../lib/gcc/arm-none-eabi/5.4.1/armv7e-m/softfp\libgcc.a
LOAD c:/program files (x86)/cypress/psoc creator/4.3/psoc creator/import/gnu/arm/5.4.1/bin/../lib/gcc/arm-none-eabi/5.4.1/../../../../arm-none-eabi/lib/armv7e-m/softfp\libc_nano.a
END GROUP
LOAD c:/program files (x86)/cypress/psoc creator/4.3/psoc creator/import/gnu/arm/5.4.1/bin/../lib/gcc/arm-none-eabi/5.4.1/armv7e-m/softfp/crtend.o
LOAD c:/program files (x86)/cypress/psoc creator/4.3/psoc creator/import/gnu/arm/5.4.1/bin/../lib/gcc/arm-none-eabi/5.4.1/armv7e-m/softfp/crtn.o
START GROUP
LOAD c:/program files (x86)/cypress/psoc creator/4.3/psoc creator/import/gnu/arm/5.4.1/bin/../lib/gcc/arm-none-eabi/5.4.1/armv7e-m/softfp\libgcc.a
LOAD c:/program files (x86)/cypress/psoc creator/4.3/psoc creator/import/gnu/arm/5.4.1/bin/../lib/gcc/arm-none-eabi/5.4.1/../../../../arm-none-eabi/lib/armv7e-m/softfp\libc.a
LOAD c:/program files (x86)/cypress/psoc creator/4.3/psoc creator/import/gnu/arm/5.4.1/bin/../lib/gcc/arm-none-eabi/5.4.1/../../../../arm-none-eabi/lib/armv7e-m/softfp\libnosys.a
END GROUP
START GROUP
LOAD c:/program files (x86)/cypress/psoc creator/4.3/psoc creator/import/gnu/arm/5.4.1/bin/../lib/gcc/arm-none-eabi/5.4.1/armv7e-m/softfp\libgcc.a
LOAD c:/program files (x86)/cypress/psoc creator/4.3/psoc creator/import/gnu/arm/5.4.1/bin/../lib/gcc/arm-none-eabi/5.4.1/../../../../arm-none-eabi/lib/armv7e-m/softfp\libc.a
LOAD c:/program files (x86)/cypress/psoc creator/4.3/psoc creator/import/gnu/arm/5.4.1/bin/../lib/gcc/arm-none-eabi/5.4.1/../../../../arm-none-eabi/lib/armv7e-m/softfp\libm.a
LOAD c:/program files (x86)/cypress/psoc creator/4.3/psoc creator/import/gnu/arm/5.4.1/bin/../lib/gcc/arm-none-eabi/5.4.1/../../../../arm-none-eabi/lib/armv7e-m/softfp\libnosys.a
END GROUP

.text           0x10080000     0x22d8
                0x10080000                . = ALIGN (0x4)
                0x10080000                __Vectors = .
 *(.vectors)
 .vectors       0x10080000      0x28c .\CortexM4\ARM_GCC_541\Debug\startup_psoc63_cm4.o
                0x1008028c                . = ALIGN (0x4)
                0x1008028c                __Vectors_End = .
                0x0000028c                __Vectors_Size = (__Vectors_End - __Vectors)
                0x1008028c                __end__ = .
                0x1008028c                . = ALIGN (0x4)
 *(.text*)
 .text          0x1008028c       0x5c c:/program files (x86)/cypress/psoc creator/4.3/psoc creator/import/gnu/arm/5.4.1/bin/../lib/gcc/arm-none-eabi/5.4.1/armv7e-m/softfp/crtbegin.o
 .text          0x100802e8       0x94 .\CortexM4\ARM_GCC_541\Debug\startup_psoc63_cm4.o
                0x100802e8                Cy_OnResetUser
                0x100802ea                Cy_SaveIRQ
                0x100802f2                Cy_RestoreIRQ
                0x100802f8                Reset_Handler
                0x1008035c                tcpwm_1_interrupts_11_IRQHandler
                0x1008035c                cpuss_interrupts_ipc_0_IRQHandler
                0x1008035c                tcpwm_1_interrupts_15_IRQHandler
                0x1008035c                ioss_interrupts_gpio_13_IRQHandler
                0x1008035c                tcpwm_1_interrupts_13_IRQHandler
                0x1008035c                cpuss_interrupts_dw1_8_IRQHandler
                0x1008035c                tcpwm_0_interrupts_0_IRQHandler
                0x1008035c                SysTick_Handler
                0x1008035c                cpuss_interrupt_fm_IRQHandler
                0x1008035c                cpuss_interrupts_ipc_7_IRQHandler
                0x1008035c                tcpwm_1_interrupts_14_IRQHandler
                0x1008035c                cpuss_interrupts_dw0_11_IRQHandler
                0x1008035c                tcpwm_1_interrupts_9_IRQHandler
                0x1008035c                cpuss_interrupts_cm0_cti_1_IRQHandler
                0x1008035c                tcpwm_1_interrupts_22_IRQHandler
                0x1008035c                cpuss_interrupts_dw0_4_IRQHandler
                0x1008035c                PendSV_Handler
                0x1008035c                NMI_Handler
                0x1008035c                cpuss_interrupts_dw1_12_IRQHandler
                0x1008035c                tcpwm_1_interrupts_12_IRQHandler
                0x1008035c                smif_interrupt_IRQHandler
                0x1008035c                tcpwm_1_interrupts_2_IRQHandler
                0x1008035c                cpuss_interrupts_ipc_13_IRQHandler
                0x1008035c                udb_interrupts_11_IRQHandler
                0x1008035c                tcpwm_1_interrupts_18_IRQHandler
                0x1008035c                cpuss_interrupts_ipc_6_IRQHandler
                0x1008035c                tcpwm_0_interrupts_2_IRQHandler
                0x1008035c                cpuss_interrupts_dw0_13_IRQHandler
                0x1008035c                udb_interrupts_2_IRQHandler
                0x1008035c                cpuss_interrupts_dw1_7_IRQHandler
                0x1008035c                ioss_interrupts_gpio_1_IRQHandler
                0x1008035c                ioss_interrupts_gpio_7_IRQHandler
                0x1008035c                scb_5_interrupt_IRQHandler
                0x1008035c                udb_interrupts_6_IRQHandler
                0x1008035c                cpuss_interrupts_fault_1_IRQHandler
                0x1008035c                cpuss_interrupts_ipc_4_IRQHandler
                0x1008035c                cpuss_interrupts_ipc_5_IRQHandler
                0x1008035c                cpuss_interrupts_dw1_10_IRQHandler
                0x1008035c                udb_interrupts_0_IRQHandler
                0x1008035c                tcpwm_1_interrupts_6_IRQHandler
                0x1008035c                scb_4_interrupt_IRQHandler
                0x1008035c                pass_interrupt_dacs_IRQHandler
                0x1008035c                ioss_interrupts_gpio_2_IRQHandler
                0x1008035c                cpuss_interrupts_dw1_9_IRQHandler
                0x1008035c                cpuss_interrupts_dw1_13_IRQHandler
                0x1008035c                scb_2_interrupt_IRQHandler
                0x1008035c                cpuss_interrupts_cm0_cti_0_IRQHandler
                0x1008035c                udb_interrupts_5_IRQHandler
                0x1008035c                srss_interrupt_IRQHandler
                0x1008035c                udb_interrupts_12_IRQHandler
                0x1008035c                scb_0_interrupt_IRQHandler
                0x1008035c                csd_interrupt_IRQHandler
                0x1008035c                udb_interrupts_1_IRQHandler
                0x1008035c                profile_interrupt_IRQHandler
                0x1008035c                tcpwm_1_interrupts_1_IRQHandler
                0x1008035c                cpuss_interrupts_ipc_12_IRQHandler
                0x1008035c                tcpwm_1_interrupts_3_IRQHandler
                0x1008035c                tcpwm_0_interrupts_7_IRQHandler
                0x1008035c                cpuss_interrupts_dw1_1_IRQHandler
                0x1008035c                cpuss_interrupts_dw1_0_IRQHandler
                0x1008035c                cpuss_interrupts_dw0_9_IRQHandler
                0x1008035c                DebugMon_Handler
                0x1008035c                cpuss_interrupts_dw0_5_IRQHandler
                0x1008035c                udb_interrupts_4_IRQHandler
                0x1008035c                tcpwm_1_interrupts_20_IRQHandler
                0x1008035c                ioss_interrupt_gpio_IRQHandler
                0x1008035c                tcpwm_0_interrupts_1_IRQHandler
                0x1008035c                ioss_interrupts_gpio_8_IRQHandler
                0x1008035c                tcpwm_0_interrupts_6_IRQHandler
                0x1008035c                scb_7_interrupt_IRQHandler
                0x1008035c                tcpwm_1_interrupts_7_IRQHandler
                0x1008035c                cpuss_interrupts_ipc_11_IRQHandler
                0x1008035c                udb_interrupts_13_IRQHandler
                0x1008035c                cpuss_interrupts_dw0_15_IRQHandler
                0x1008035c                udb_interrupts_7_IRQHandler
                0x1008035c                cpuss_interrupts_dw1_6_IRQHandler
                0x1008035c                cpuss_interrupt_crypto_IRQHandler
                0x1008035c                scb_1_interrupt_IRQHandler
                0x1008035c                Default_Handler
                0x1008035c                usb_interrupt_hi_IRQHandler
                0x1008035c                tcpwm_1_interrupts_0_IRQHandler
                0x1008035c                udb_interrupts_9_IRQHandler
                0x1008035c                audioss_interrupt_pdm_IRQHandler
                0x1008035c                srss_interrupt_mcwdt_0_IRQHandler
                0x1008035c                scb_3_interrupt_IRQHandler
                0x1008035c                pass_interrupt_ctbs_IRQHandler
                0x1008035c                udb_interrupts_8_IRQHandler
                0x1008035c                ioss_interrupts_gpio_3_IRQHandler
                0x1008035c                scb_6_interrupt_IRQHandler
                0x1008035c                cpuss_interrupts_cm4_cti_0_IRQHandler
                0x1008035c                cpuss_interrupts_dw1_3_IRQHandler
                0x1008035c                pass_interrupt_sar_IRQHandler
                0x1008035c                ioss_interrupts_gpio_0_IRQHandler
                0x1008035c                ioss_interrupts_gpio_14_IRQHandler
                0x1008035c                tcpwm_0_interrupts_4_IRQHandler
                0x1008035c                udb_interrupts_3_IRQHandler
                0x1008035c                tcpwm_0_interrupts_5_IRQHandler
                0x1008035c                cpuss_interrupts_ipc_15_IRQHandler
                0x1008035c                cpuss_interrupts_cm4_cti_1_IRQHandler
                0x1008035c                scb_8_interrupt_IRQHandler
                0x1008035c                srss_interrupt_mcwdt_1_IRQHandler
                0x1008035c                cpuss_interrupts_dw1_2_IRQHandler
                0x1008035c                SVC_Handler
                0x1008035c                cpuss_interrupts_dw1_5_IRQHandler
                0x1008035c                cpuss_interrupts_ipc_1_IRQHandler
                0x1008035c                cpuss_interrupts_dw0_0_IRQHandler
                0x1008035c                ioss_interrupts_gpio_12_IRQHandler
                0x1008035c                cpuss_interrupts_ipc_3_IRQHandler
                0x1008035c                tcpwm_1_interrupts_17_IRQHandler
                0x1008035c                srss_interrupt_backup_IRQHandler
                0x1008035c                bless_interrupt_IRQHandler
                0x1008035c                cpuss_interrupts_ipc_10_IRQHandler
                0x1008035c                cpuss_interrupts_ipc_9_IRQHandler
                0x1008035c                cpuss_interrupts_dw0_14_IRQHandler
                0x1008035c                tcpwm_1_interrupts_4_IRQHandler
                0x1008035c                tcpwm_0_interrupts_3_IRQHandler
                0x1008035c                cpuss_interrupts_dw1_15_IRQHandler
                0x1008035c                ioss_interrupts_gpio_10_IRQHandler
                0x1008035c                udb_interrupts_10_IRQHandler
                0x1008035c                cpuss_interrupts_dw0_8_IRQHandler
                0x1008035c                ioss_interrupts_gpio_11_IRQHandler
                0x1008035c                cpuss_interrupts_ipc_14_IRQHandler
                0x1008035c                ioss_interrupts_gpio_5_IRQHandler
                0x1008035c                ioss_interrupts_gpio_4_IRQHandler
                0x1008035c                tcpwm_1_interrupts_8_IRQHandler
                0x1008035c                cpuss_interrupts_dw1_14_IRQHandler
                0x1008035c                usb_interrupt_med_IRQHandler
                0x1008035c                cpuss_interrupts_dw0_2_IRQHandler
                0x1008035c                tcpwm_1_interrupts_23_IRQHandler
                0x1008035c                tcpwm_1_interrupts_10_IRQHandler
                0x1008035c                cpuss_interrupts_fault_0_IRQHandler
                0x1008035c                cpuss_interrupts_dw0_12_IRQHandler
                0x1008035c                ioss_interrupts_gpio_6_IRQHandler
                0x1008035c                tcpwm_1_interrupts_21_IRQHandler
                0x1008035c                tcpwm_1_interrupts_16_IRQHandler
                0x1008035c                cpuss_interrupts_dw1_4_IRQHandler
                0x1008035c                udb_interrupts_15_IRQHandler
                0x1008035c                cpuss_interrupts_dw1_11_IRQHandler
                0x1008035c                cpuss_interrupts_dw0_6_IRQHandler
                0x1008035c                ioss_interrupt_vdd_IRQHandler
                0x1008035c                cpuss_interrupts_dw0_7_IRQHandler
                0x1008035c                audioss_interrupt_i2s_IRQHandler
                0x1008035c                tcpwm_1_interrupts_5_IRQHandler
                0x1008035c                cpuss_interrupts_ipc_2_IRQHandler
                0x1008035c                cpuss_interrupts_dw0_10_IRQHandler
                0x1008035c                tcpwm_1_interrupts_19_IRQHandler
                0x1008035c                cpuss_interrupts_dw0_1_IRQHandler
                0x1008035c                lpcomp_interrupt_IRQHandler
                0x1008035c                ioss_interrupts_gpio_9_IRQHandler
                0x1008035c                usb_interrupt_lo_IRQHandler
                0x1008035c                cpuss_interrupts_ipc_8_IRQHandler
                0x1008035c                udb_interrupts_14_IRQHandler
                0x1008035c                cpuss_interrupts_dw0_3_IRQHandler
                0x10080360                UsageFault_Handler
                0x10080360                HardFault_Handler
                0x10080360                MemManage_Handler
                0x10080360                BusFault_Handler
 .text.main     0x1008037c        0xc .\CortexM4\ARM_GCC_541\Debug\main_cm4.o
                0x1008037c                main
 .text.Cy_SystemInit
                0x10080388        0x4 .\CortexM4\ARM_GCC_541\Debug\system_psoc63_cm4.o
                0x10080388                Cy_SystemInit
 .text.SystemCoreClockUpdate
                0x1008038c      0x190 .\CortexM4\ARM_GCC_541\Debug\system_psoc63_cm4.o
                0x1008038c                SystemCoreClockUpdate
 .text.SystemInit
                0x1008051c       0x48 .\CortexM4\ARM_GCC_541\Debug\system_psoc63_cm4.o
                0x1008051c                SystemInit
 .text.Cy_SystemInitFpuEnable
                0x10080564       0x28 .\CortexM4\ARM_GCC_541\Debug\system_psoc63_cm4.o
                0x10080564                Cy_SystemInitFpuEnable
 .text.Cy_IPC_SystemPipeIsr
                0x1008058c        0xc .\CortexM4\ARM_GCC_541\Debug\cy_ipc_config.o
 .text.Cy_IPC_SystemSemaInit
                0x10080598       0x10 .\CortexM4\ARM_GCC_541\Debug\cy_ipc_config.o
                0x10080598                Cy_IPC_SystemSemaInit
 .text.Cy_IPC_SystemPipeInit
                0x100805a8       0x24 .\CortexM4\ARM_GCC_541\Debug\cy_ipc_config.o
                0x100805a8                Cy_IPC_SystemPipeInit
 .text.Cy_SysInt_SetVector
                0x100805cc       0x44 .\CortexM4\ARM_GCC_541\Debug\cy_sysint.o
                0x100805cc                Cy_SysInt_SetVector
 .text.Cy_SysInt_Init
                0x10080610       0x7c .\CortexM4\ARM_GCC_541\Debug\cy_sysint.o
                0x10080610                Cy_SysInt_Init
 .text.Cy_IPC_Drv_LockRelease
                0x1008068c       0x30 .\CortexM4\ARM_GCC_541\Debug\cy_ipc_drv.o
                0x1008068c                Cy_IPC_Drv_LockRelease
 .text.Cy_IPC_Drv_SendMsgWord
                0x100806bc       0x3c .\CortexM4\ARM_GCC_541\Debug\cy_ipc_drv.o
                0x100806bc                Cy_IPC_Drv_SendMsgWord
 .text.Cy_IPC_Drv_ReadMsgWord
                0x100806f8       0x2c .\CortexM4\ARM_GCC_541\Debug\cy_ipc_drv.o
                0x100806f8                Cy_IPC_Drv_ReadMsgWord
 .text.Cy_IPC_Sema_Init
                0x10080724       0xb0 .\CortexM4\ARM_GCC_541\Debug\cy_ipc_sema.o
                0x10080724                Cy_IPC_Sema_Init
 .text.Cy_IPC_Sema_Clear
                0x100807d4       0x88 .\CortexM4\ARM_GCC_541\Debug\cy_ipc_sema.o
                0x100807d4                Cy_IPC_Sema_Clear
 .text.Cy_IPC_Sema_Status
                0x1008085c       0x40 .\CortexM4\ARM_GCC_541\Debug\cy_ipc_sema.o
                0x1008085c                Cy_IPC_Sema_Status
 .text.Cy_IPC_Pipe_Config
                0x1008089c       0x10 .\CortexM4\ARM_GCC_541\Debug\cy_ipc_pipe.o
                0x1008089c                Cy_IPC_Pipe_Config
 .text.Cy_IPC_Pipe_EndpointInit
                0x100808ac       0xc8 .\CortexM4\ARM_GCC_541\Debug\cy_ipc_pipe.o
                0x100808ac                Cy_IPC_Pipe_EndpointInit
 .text.Cy_IPC_Pipe_Init
                0x10080974       0xc4 .\CortexM4\ARM_GCC_541\Debug\cy_ipc_pipe.o
                0x10080974                Cy_IPC_Pipe_Init
 .text.Cy_IPC_Pipe_SendMessage
                0x10080a38       0xc0 .\CortexM4\ARM_GCC_541\Debug\cy_ipc_pipe.o
                0x10080a38                Cy_IPC_Pipe_SendMessage
 .text.Cy_IPC_Pipe_RegisterCallback
                0x10080af8       0x60 .\CortexM4\ARM_GCC_541\Debug\cy_ipc_pipe.o
                0x10080af8                Cy_IPC_Pipe_RegisterCallback
 .text.Cy_IPC_Pipe_ExecCallback
                0x10080b58       0xb0 .\CortexM4\ARM_GCC_541\Debug\cy_ipc_pipe.o
                0x10080b58                Cy_IPC_Pipe_ExecCallback
 .text.Cy_IPC_Pipe_ExecuteCallback
                0x10080c08       0x3c .\CortexM4\ARM_GCC_541\Debug\cy_ipc_pipe.o
                0x10080c08                Cy_IPC_Pipe_ExecuteCallback
 .text.Cy_Flash_ProcessOpcode
                0x10080c44       0xac .\CortexM4\ARM_GCC_541\Debug\cy_flash.o
 .text.Cy_Flash_OperationStatus
                0x10080cf0       0x44 .\CortexM4\ARM_GCC_541\Debug\cy_flash.o
 .text.Cy_Flash_Init
                0x10080d34       0x4c .\CortexM4\ARM_GCC_541\Debug\cy_flash.o
                0x10080d34                Cy_Flash_Init
 .text.Cy_GPIO_Pin_FastInit
                0x10080d80       0xf0 .\CortexM4\ARM_GCC_541\Debug\cy_gpio.o
                0x10080d80                Cy_GPIO_Pin_FastInit
 .text.Cy_SysLib_DelayUs
                0x10080e70       0x14 .\CortexM4\ARM_GCC_541\Debug\cy_syslib.o
                0x10080e70                Cy_SysLib_DelayUs
 .text.Cy_SysLib_Halt
                0x10080e84        0x4 .\CortexM4\ARM_GCC_541\Debug\cy_syslib.o
                0x10080e84                Cy_SysLib_Halt
 .text.Cy_SysLib_AssertFailed
                0x10080e88       0x1c .\CortexM4\ARM_GCC_541\Debug\cy_syslib.o
                0x10080e88                Cy_SysLib_AssertFailed
 .text.Cy_SysLib_ProcessingFault
                0x10080ea4        0x4 .\CortexM4\ARM_GCC_541\Debug\cy_syslib.o
                0x10080ea4                Cy_SysLib_ProcessingFault
 .text.Cy_SysLib_FaultHandler
                0x10080ea8       0xa4 .\CortexM4\ARM_GCC_541\Debug\cy_syslib.o
                0x10080ea8                Cy_SysLib_FaultHandler
 *fill*         0x10080f4c        0x4 
 .text          0x10080f50       0x20 .\CortexM4\ARM_GCC_541\Debug\cy_syslib_gcc.o
                0x10080f50                Cy_SysLib_DelayCycles
                0x10080f62                Cy_SysLib_EnterCriticalSection
                0x10080f6a                Cy_SysLib_ExitCriticalSection
 .text.CapSense_Initialize
                0x10080f70       0x24 .\CortexM4\ARM_GCC_541\Debug\CapSense_Control.o
                0x10080f70                CapSense_Initialize
 .text.CapSense_Start
                0x10080f94       0x2c .\CortexM4\ARM_GCC_541\Debug\CapSense_Control.o
                0x10080f94                CapSense_Start
 .text.CapSense_DpInitialize
                0x10080fc0       0x58 .\CortexM4\ARM_GCC_541\Debug\CapSense_Processing.o
                0x10080fc0                CapSense_DpInitialize
 .text.CapSense_DsInitialize
                0x10081018       0x78 .\CortexM4\ARM_GCC_541\Debug\CapSense_Structure.o
                0x10081018                CapSense_DsInitialize
 .text.CapSense_TuInitialize
                0x10081090       0x14 .\CortexM4\ARM_GCC_541\Debug\CapSense_Tuner.o
                0x10081090                CapSense_TuInitialize
 .text.CapSense_FtInitializeBaselineChannel
                0x100810a4       0x20 .\CortexM4\ARM_GCC_541\Debug\CapSense_Filter.o
                0x100810a4                CapSense_FtInitializeBaselineChannel
 .text.CapSense_FtInitializeBaseline
                0x100810c4       0x20 .\CortexM4\ARM_GCC_541\Debug\CapSense_Filter.o
                0x100810c4                CapSense_FtInitializeBaseline
 .text.CapSense_InitializeSensorBaseline
                0x100810e4       0x20 .\CortexM4\ARM_GCC_541\Debug\CapSense_Filter.o
                0x100810e4                CapSense_InitializeSensorBaseline
 .text.CapSense_InitializeWidgetBaseline
                0x10081104       0x24 .\CortexM4\ARM_GCC_541\Debug\CapSense_Filter.o
                0x10081104                CapSense_InitializeWidgetBaseline
 .text.CapSense_InitializeAllBaselines
                0x10081128       0x18 .\CortexM4\ARM_GCC_541\Debug\CapSense_Filter.o
                0x10081128                CapSense_InitializeAllBaselines
 .text.CapSense_InitializeWidgetFilter
                0x10081140       0x40 .\CortexM4\ARM_GCC_541\Debug\CapSense_Filter.o
                0x10081140                CapSense_InitializeWidgetFilter
 .text.CapSense_InitializeAllFilters
                0x10081180       0x18 .\CortexM4\ARM_GCC_541\Debug\CapSense_Filter.o
                0x10081180                CapSense_InitializeAllFilters
 .text.CapSense_FtInitialize
                0x10081198        0x8 .\CortexM4\ARM_GCC_541\Debug\CapSense_Filter.o
                0x10081198                CapSense_FtInitialize
 .text.CapSense_SsSetWidgetSenseClkSrc
                0x100811a0        0x8 .\CortexM4\ARM_GCC_541\Debug\CapSense_Sensing.o
 .text.CapSense_IsBusy
                0x100811a8       0x10 .\CortexM4\ARM_GCC_541\Debug\CapSense_Sensing.o
                0x100811a8                CapSense_IsBusy
 .text.CapSense_SetBusyFlags
                0x100811b8       0x18 .\CortexM4\ARM_GCC_541\Debug\CapSense_Sensing.o
                0x100811b8                CapSense_SetBusyFlags
 .text.CapSense_ClrBusyFlags
                0x100811d0       0x18 .\CortexM4\ARM_GCC_541\Debug\CapSense_Sensing.o
                0x100811d0                CapSense_ClrBusyFlags
 .text.CapSense_SetupWidget
                0x100811e8       0x40 .\CortexM4\ARM_GCC_541\Debug\CapSense_Sensing.o
                0x100811e8                CapSense_SetupWidget
 .text.CapSense_Scan
                0x10081228       0x1c .\CortexM4\ARM_GCC_541\Debug\CapSense_Sensing.o
                0x10081228                CapSense_Scan
 .text.CapSense_ScanAllWidgets
                0x10081244       0x48 .\CortexM4\ARM_GCC_541\Debug\CapSense_Sensing.o
                0x10081244                CapSense_ScanAllWidgets
 .text.CapSense_SsSetIOsInDefaultState
                0x1008128c       0x28 .\CortexM4\ARM_GCC_541\Debug\CapSense_Sensing.o
                0x1008128c                CapSense_SsSetIOsInDefaultState
 .text.CapSense_SsPostAllWidgetsScan
                0x100812b4        0x4 .\CortexM4\ARM_GCC_541\Debug\CapSense_Sensing.o
                0x100812b4                CapSense_SsPostAllWidgetsScan
 .text.CapSense_SsIsrInitialize
                0x100812b8       0x58 .\CortexM4\ARM_GCC_541\Debug\CapSense_Sensing.o
                0x100812b8                CapSense_SsIsrInitialize
 .text.CapSense_SsAutoTune
                0x10081310      0x150 .\CortexM4\ARM_GCC_541\Debug\CapSense_Sensing.o
                0x10081310                CapSense_SsAutoTune
 .text.CapSense_SsInitializeSourceSenseClk
                0x10081460       0x20 .\CortexM4\ARM_GCC_541\Debug\CapSense_Sensing.o
                0x10081460                CapSense_SsInitializeSourceSenseClk
 .text.CapSense_SsInitialize
                0x10081480       0x14 .\CortexM4\ARM_GCC_541\Debug\CapSense_Sensing.o
                0x10081480                CapSense_SsInitialize
 .text.CapSense_SsClearCSDSensors
                0x10081494       0x34 .\CortexM4\ARM_GCC_541\Debug\CapSense_Sensing.o
                0x10081494                CapSense_SsClearCSDSensors
 .text.CapSense_BistDischargeExtCapacitors
                0x100814c8       0x38 .\CortexM4\ARM_GCC_541\Debug\CapSense_Sensing.o
                0x100814c8                CapSense_BistDischargeExtCapacitors
 .text.CapSense_SsCSDPostScan
                0x10081500       0x50 .\CortexM4\ARM_GCC_541\Debug\CapSense_INT.o
 .text.CapSense_SsCSDInitNextScan
                0x10081550       0x9c .\CortexM4\ARM_GCC_541\Debug\CapSense_INT.o
 .text.CapSense_CSDPostSingleScan
                0x100815ec       0x2c .\CortexM4\ARM_GCC_541\Debug\CapSense_INT.o
                0x100815ec                CapSense_CSDPostSingleScan
 .text.CapSense_CSDPostMultiScan
                0x10081618       0x40 .\CortexM4\ARM_GCC_541\Debug\CapSense_INT.o
                0x10081618                CapSense_CSDPostMultiScan
 .text.CapSense_SsCSDSetModeSnsClockDivider
                0x10081658       0x10 .\CortexM4\ARM_GCC_541\Debug\CapSense_SensingCSD_LL.o
 .text.CapSense_SsCSDSetFilterDelay
                0x10081668       0x50 .\CortexM4\ARM_GCC_541\Debug\CapSense_SensingCSD_LL.o
 .text.CapSense_SsCSDConfigIDACs
                0x100816b8       0x1c .\CortexM4\ARM_GCC_541\Debug\CapSense_SensingCSD_LL.o
 .text.CapSense_SsCSDSetSingleIdacMode
                0x100816d4       0x28 .\CortexM4\ARM_GCC_541\Debug\CapSense_SensingCSD_LL.o
 .text.CapSense_SsCSDRestoreIdacMode
                0x100816fc       0x2c .\CortexM4\ARM_GCC_541\Debug\CapSense_SensingCSD_LL.o
 .text.CapSense_SsCSDCalibrateCheck
                0x10081728       0x4c .\CortexM4\ARM_GCC_541\Debug\CapSense_SensingCSD_LL.o
 .text.CapSense_SsCSDCmodPrecharge
                0x10081774       0x70 .\CortexM4\ARM_GCC_541\Debug\CapSense_SensingCSD_LL.o
 .text.CapSense_SsCSDTriggerScan
                0x100817e4       0x8c .\CortexM4\ARM_GCC_541\Debug\CapSense_SensingCSD_LL.o
 .text.CapSense_SsCSDInitialize
                0x10081870      0x12c .\CortexM4\ARM_GCC_541\Debug\CapSense_SensingCSD_LL.o
                0x10081870                CapSense_SsCSDInitialize
 .text.CapSense_SsCSDSetUpIdacs
                0x1008199c       0x50 .\CortexM4\ARM_GCC_541\Debug\CapSense_SensingCSD_LL.o
                0x1008199c                CapSense_SsCSDSetUpIdacs
 .text.CapSense_SsCSDGetNumberOfConversions
                0x100819ec       0x2c .\CortexM4\ARM_GCC_541\Debug\CapSense_SensingCSD_LL.o
                0x100819ec                CapSense_SsCSDGetNumberOfConversions
 .text.CapSense_SsCSDConfigClock
                0x10081a18       0x2c .\CortexM4\ARM_GCC_541\Debug\CapSense_SensingCSD_LL.o
                0x10081a18                CapSense_SsCSDConfigClock
 .text.CapSense_SsCSDCalculateScanDuration
                0x10081a44       0x18 .\CortexM4\ARM_GCC_541\Debug\CapSense_SensingCSD_LL.o
                0x10081a44                CapSense_SsCSDCalculateScanDuration
 .text.CapSense_SsCSDStartSample
                0x10081a5c       0x44 .\CortexM4\ARM_GCC_541\Debug\CapSense_SensingCSD_LL.o
                0x10081a5c                CapSense_SsCSDStartSample
 .text.CapSense_CSDScanExt
                0x10081aa0       0x18 .\CortexM4\ARM_GCC_541\Debug\CapSense_SensingCSD_LL.o
                0x10081aa0                CapSense_CSDScanExt
 .text.CapSense_CSDConnectSns
                0x10081ab8       0x98 .\CortexM4\ARM_GCC_541\Debug\CapSense_SensingCSD_LL.o
                0x10081ab8                CapSense_CSDConnectSns
 .text.CapSense_CSDScan
                0x10081b50       0x68 .\CortexM4\ARM_GCC_541\Debug\CapSense_SensingCSD_LL.o
                0x10081b50                CapSense_CSDScan
 .text.CapSense_SsCSDConnectSensorExt
                0x10081bb8       0x20 .\CortexM4\ARM_GCC_541\Debug\CapSense_SensingCSD_LL.o
                0x10081bb8                CapSense_SsCSDConnectSensorExt
 .text.CapSense_CSDDisconnectSns
                0x10081bd8       0xa4 .\CortexM4\ARM_GCC_541\Debug\CapSense_SensingCSD_LL.o
                0x10081bd8                CapSense_CSDDisconnectSns
 .text.CapSense_SsCSDElectrodeCheck
                0x10081c7c       0x24 .\CortexM4\ARM_GCC_541\Debug\CapSense_SensingCSD_LL.o
                0x10081c7c                CapSense_SsCSDElectrodeCheck
 .text.CapSense_CSDSetupWidget
                0x10081ca0       0x4c .\CortexM4\ARM_GCC_541\Debug\CapSense_SensingCSD_LL.o
                0x10081ca0                CapSense_CSDSetupWidget
 .text.CapSense_CSDSetupWidgetExt
                0x10081cec       0x60 .\CortexM4\ARM_GCC_541\Debug\CapSense_SensingCSD_LL.o
                0x10081cec                CapSense_CSDSetupWidgetExt
 .text.CapSense_SsCSDCalibrateOneSensor
                0x10081d4c       0xe0 .\CortexM4\ARM_GCC_541\Debug\CapSense_SensingCSD_LL.o
 .text.CapSense_CSDCalibrateWidget
                0x10081e2c      0x10c .\CortexM4\ARM_GCC_541\Debug\CapSense_SensingCSD_LL.o
                0x10081e2c                CapSense_CSDCalibrateWidget
 .text.SmartSense_TunePrescalers
                0x10081f38       0x4c C:\Program Files (x86)\Cypress\PSoC Creator\4.3\PSoC Creator\psoc\content\CyComponentLibrary\CyComponentLibrary.cylib\CapSense_v3_0\Library\CapSense_Library_GCC_M4.a(CapSense_SmartSense_LL.o)
                0x10081f38                SmartSense_TunePrescalers
 .text.SmartSense_TuneSensitivity
                0x10081f84       0x64 C:\Program Files (x86)\Cypress\PSoC Creator\4.3\PSoC Creator\psoc\content\CyComponentLibrary\CyComponentLibrary.cylib\CapSense_v3_0\Library\CapSense_Library_GCC_M4.a(CapSense_SmartSense_LL.o)
                0x10081f84                SmartSense_TuneSensitivity
 .text.SmartSense_InitializeNoiseEnvelope
                0x10081fe8       0x18 C:\Program Files (x86)\Cypress\PSoC Creator\4.3\PSoC Creator\psoc\content\CyComponentLibrary\CyComponentLibrary.cylib\CapSense_v3_0\Library\CapSense_Library_GCC_M4.a(CapSense_SmartSense_SL.o)
                0x10081fe8                SmartSense_InitializeNoiseEnvelope
 .text.memset   0x10082000       0x10 c:/program files (x86)/cypress/psoc creator/4.3/psoc creator/import/gnu/arm/5.4.1/bin/../lib/gcc/arm-none-eabi/5.4.1/../../../../arm-none-eabi/lib/armv7e-m/softfp\libg_nano.a(lib_a-memset.o)
                0x10082000                memset
 .text.strncpy  0x10082010       0x26 c:/program files (x86)/cypress/psoc creator/4.3/psoc creator/import/gnu/arm/5.4.1/bin/../lib/gcc/arm-none-eabi/5.4.1/../../../../arm-none-eabi/lib/armv7e-m/softfp\libg_nano.a(lib_a-strncpy.o)
                0x10082010                strncpy
 *(.init)
 *fill*         0x10082036        0x2 
 .init          0x10082038        0x4 c:/program files (x86)/cypress/psoc creator/4.3/psoc creator/import/gnu/arm/5.4.1/bin/../lib/gcc/arm-none-eabi/5.4.1/armv7e-m/softfp/crti.o
                0x10082038                _init
 .init          0x1008203c        0x8 c:/program files (x86)/cypress/psoc creator/4.3/psoc creator/import/gnu/arm/5.4.1/bin/../lib/gcc/arm-none-eabi/5.4.1/armv7e-m/softfp/crtn.o
 *(.fini)
 .fini          0x10082044        0x4 c:/program files (x86)/cypress/psoc creator/4.3/psoc creator/import/gnu/arm/5.4.1/bin/../lib/gcc/arm-none-eabi/5.4.1/armv7e-m/softfp/crti.o
                0x10082044                _fini
 .fini          0x10082048        0x8 c:/program files (x86)/cypress/psoc creator/4.3/psoc creator/import/gnu/arm/5.4.1/bin/../lib/gcc/arm-none-eabi/5.4.1/armv7e-m/softfp/crtn.o
 *crtbegin.o(.ctors)
 *crtbegin?.o(.ctors)
 *(EXCLUDE_FILE(*crtend.o *crtend?.o) .ctors)
 *(SORT(.ctors.*))
 *(.ctors)
 *crtbegin.o(.dtors)
 *crtbegin?.o(.dtors)
 *(EXCLUDE_FILE(*crtend.o *crtend?.o) .dtors)
 *(SORT(.dtors.*))
 *(.dtors)
 *(.rodata .rodata.* .constdata .constdata.* .conststring .conststring.*)
 .rodata        0x10082050       0x34 .\CortexM4\ARM_GCC_541\Debug\cy_ipc_config.o
 .rodata        0x10082084        0x8 .\CortexM4\ARM_GCC_541\Debug\cyfitter_sysint_cfg.o
                0x10082084                CapSense_ISR_cfg
 .rodata.str1.4
                0x1008208c       0x41 .\CortexM4\ARM_GCC_541\Debug\cy_sysint.o
 *fill*         0x100820cd        0x3 
 .rodata.str1.4
                0x100820d0       0x7f .\CortexM4\ARM_GCC_541\Debug\cy_ipc_drv.o
 *fill*         0x1008214f        0x1 
 .rodata.str1.4
                0x10082150       0x3f .\CortexM4\ARM_GCC_541\Debug\cy_ipc_sema.o
 *fill*         0x1008218f        0x1 
 .rodata.str1.4
                0x10082190       0x40 .\CortexM4\ARM_GCC_541\Debug\cy_ipc_pipe.o
                                 0x7f (size before relaxing)
 .rodata.str1.4
                0x100821d0       0x7d .\CortexM4\ARM_GCC_541\Debug\cy_gpio.o
 *fill*         0x1008224d        0x3 
 .rodata        0x10082250       0x40 .\CortexM4\ARM_GCC_541\Debug\CapSense_Structure.o
                0x10082250                CapSense_ramIdacInit
                0x10082254                CapSense_dsFlash
                0x10082274                CapSense_ramWidgetInit
                0x10082288                CapSense_ioList
 .rodata        0x10082290        0x1 .\CortexM4\ARM_GCC_541\Debug\CapSense_Sensing.o
                0x10082290                CapSense_scanFreqIndex
 *fill*         0x10082291        0x3 
 .rodata.str1.4
                0x10082294       0x40 .\CortexM4\ARM_GCC_541\Debug\CapSense_SensingCSD_LL.o
                                 0x3d (size before relaxing)
 *(.eh_frame*)
 .eh_frame      0x100822d4        0x0 c:/program files (x86)/cypress/psoc creator/4.3/psoc creator/import/gnu/arm/5.4.1/bin/../lib/gcc/arm-none-eabi/5.4.1/armv7e-m/softfp/crtbegin.o
 .eh_frame      0x100822d4        0x4 c:/program files (x86)/cypress/psoc creator/4.3/psoc creator/import/gnu/arm/5.4.1/bin/../lib/gcc/arm-none-eabi/5.4.1/armv7e-m/softfp/crtend.o

.glue_7         0x100822d8        0x0
 .glue_7        0x100822d8        0x0 linker stubs

.glue_7t        0x100822d8        0x0
 .glue_7t       0x100822d8        0x0 linker stubs

.vfp11_veneer   0x100822d8        0x0
 .vfp11_veneer  0x100822d8        0x0 linker stubs

.v4_bx          0x100822d8        0x0
 .v4_bx         0x100822d8        0x0 linker stubs

.iplt           0x100822d8        0x0
 .iplt          0x100822d8        0x0 c:/program files (x86)/cypress/psoc creator/4.3/psoc creator/import/gnu/arm/5.4.1/bin/../lib/gcc/arm-none-eabi/5.4.1/armv7e-m/softfp/crtbegin.o

.ARM.extab
 *(.ARM.extab* .gnu.linkonce.armextab.*)
                0x100822d8                __exidx_start = .

.ARM.exidx
 *(.ARM.exidx* .gnu.linkonce.armexidx.*)
                0x100822d8                __exidx_end = .

.copy.table     0x100822d8       0x18
                0x100822d8                . = ALIGN (0x4)
                0x100822d8                __copy_table_start__ = .
                0x100822d8        0x4 LONG 0x10080000 __Vectors
                0x100822dc        0x4 LONG 0x8024000 __ram_vectors_start__
                0x100822e0        0x4 LONG 0x28c (__Vectors_End - __Vectors)
                0x100822e4        0x4 LONG 0x100822f8 __etext
                0x100822e8        0x4 LONG 0x802428c __data_start__
                0x100822ec        0x4 LONG 0x4d4 (__data_end__ - __data_start__)
                0x100822f0                __copy_table_end__ = .

.zero.table     0x100822f0        0x8
                0x100822f0                . = ALIGN (0x4)
                0x100822f0                __zero_table_start__ = .
                0x100822f0        0x4 LONG 0x80247f4 __bss_start__
                0x100822f4        0x4 LONG 0x250 (__bss_end__ - __bss_start__)
                0x100822f8                __zero_table_end__ = .
                0x100822f8                __etext = .

.ramVectors     0x08024000      0x28c
                0x08024000                __ram_vectors_start__ = .
 *(.ram_vectors)
 .ram_vectors   0x08024000      0x28c .\CortexM4\ARM_GCC_541\Debug\startup_psoc63_cm4.o
                0x08024000                __ramVectors
                0x0802428c                __ram_vectors_end__ = .

.data           0x0802428c      0x4d4 load address 0x100822f8
                0x0802428c                __data_start__ = .
 *(vtable)
 *(.data*)
 .data          0x0802428c       0x20 .\CortexM4\ARM_GCC_541\Debug\system_psoc63_cm4.o
                0x0802428c                cy_BleEcoClockFreqHz
                0x08024290                cy_Hfclk0FreqHz
                0x08024294                cy_PeriClkFreqHz
                0x08024298                SystemCoreClock
                0x0802429c                cy_delayFreqHz
                0x080242a0                cy_delayFreqMhz
                0x080242a4                cy_delayFreqKhz
                0x080242a8                cy_delay32kMs
 .data          0x080242ac        0x4 .\CortexM4\ARM_GCC_541\Debug\cy_flash.o
 .data          0x080242b0        0x8 .\CortexM4\ARM_GCC_541\Debug\CapSense_SensingCSD_LL.o
                0x080242b0                CapSense_configCsd
                0x080242b4                CapSense_calibratedIdac
                0x080242b6                CapSense_calibratedRawcount
                0x080242b8                . = ALIGN (0x4)
                0x080242b8                PROVIDE (__preinit_array_start, .)
 *(.preinit_array)
                0x080242b8                PROVIDE (__preinit_array_end, .)
                0x080242b8                . = ALIGN (0x4)
                0x080242b8                PROVIDE (__init_array_start, .)
 *(SORT(.init_array.*))
 *(.init_array)
 .init_array    0x080242b8        0x4 c:/program files (x86)/cypress/psoc creator/4.3/psoc creator/import/gnu/arm/5.4.1/bin/../lib/gcc/arm-none-eabi/5.4.1/armv7e-m/softfp/crtbegin.o
                0x080242bc                PROVIDE (__init_array_end, .)
                0x080242bc                . = ALIGN (0x4)
                [!provide]                PROVIDE (__fini_array_start, .)
 *(SORT(.fini_array.*))
 *(.fini_array)
 .fini_array    0x080242bc        0x4 c:/program files (x86)/cypress/psoc creator/4.3/psoc creator/import/gnu/arm/5.4.1/bin/../lib/gcc/arm-none-eabi/5.4.1/armv7e-m/softfp/crtbegin.o
                [!provide]                PROVIDE (__fini_array_end, .)
 *(.jcr*)
 .jcr           0x080242c0        0x0 c:/program files (x86)/cypress/psoc creator/4.3/psoc creator/import/gnu/arm/5.4.1/bin/../lib/gcc/arm-none-eabi/5.4.1/armv7e-m/softfp/crtbegin.o
 .jcr           0x080242c0        0x4 c:/program files (x86)/cypress/psoc creator/4.3/psoc creator/import/gnu/arm/5.4.1/bin/../lib/gcc/arm-none-eabi/5.4.1/armv7e-m/softfp/crtend.o
                0x080242c4                . = ALIGN (0x4)
 *(.cy_ramfunc*)
 .cy_ramfunc    0x080242c4      0x29c .\CortexM4\ARM_GCC_541\Debug\cy_flash.o
 .cy_ramfunc    0x08024560      0x190 .\CortexM4\ARM_GCC_541\Debug\cy_syspm.o
 .cy_ramfunc.__stub
                0x080246f0       0x70 linker stubs
                0x08024760                . = ALIGN (0x4)
                0x08024760                __data_end__ = .

.igot.plt       0x08024760        0x0 load address 0x100827cc
 .igot.plt      0x08024760        0x0 c:/program files (x86)/cypress/psoc creator/4.3/psoc creator/import/gnu/arm/5.4.1/bin/../lib/gcc/arm-none-eabi/5.4.1/armv7e-m/softfp/crtbegin.o

.noinit         0x08024760       0x94 load address 0x100827d0
 *(.noinit)
 .noinit        0x08024760       0x94 .\CortexM4\ARM_GCC_541\Debug\cy_syslib.o
                0x08024760                cy_assertFileName
                0x08024778                cy_assertLine
                0x0802477c                cy_faultFrame

.bss            0x080247f4      0x250 load address 0x10082864
                0x080247f4                . = ALIGN (0x4)
                0x080247f4                __bss_start__ = .
 *(.bss*)
 .bss           0x080247f4       0x1c c:/program files (x86)/cypress/psoc creator/4.3/psoc creator/import/gnu/arm/5.4.1/bin/../lib/gcc/arm-none-eabi/5.4.1/armv7e-m/softfp/crtbegin.o
 .bss           0x08024810      0x180 .\CortexM4\ARM_GCC_541\Debug\cy_ipc_config.o
 .bss           0x08024990        0xc .\CortexM4\ARM_GCC_541\Debug\cy_ipc_sema.o
 .bss           0x0802499c        0x4 .\CortexM4\ARM_GCC_541\Debug\cy_ipc_pipe.o
 .bss           0x080249a0       0x10 .\CortexM4\ARM_GCC_541\Debug\cy_flash.o
 .bss           0x080249b0       0x30 .\CortexM4\ARM_GCC_541\Debug\cy_syspm.o
 .bss           0x080249e0        0x1 .\CortexM4\ARM_GCC_541\Debug\CapSense_Control.o
 *fill*         0x080249e1        0x3 
 .bss           0x080249e4        0xd .\CortexM4\ARM_GCC_541\Debug\CapSense_Structure.o
 *fill*         0x080249f1        0x3 
 .bss           0x080249f4        0x4 .\CortexM4\ARM_GCC_541\Debug\CapSense_Tuner.o
 .bss           0x080249f8        0x3 .\CortexM4\ARM_GCC_541\Debug\CapSense_Sensing.o
                0x080249f8                CapSense_requestScanAllWidget
                0x080249f9                CapSense_sensorIndex
                0x080249fa                CapSense_widgetIndex
 .bss           0x080249fb        0x1 .\CortexM4\ARM_GCC_541\Debug\CapSense_SensingCSD_LL.o
 *(COMMON)
 COMMON         0x080249fc       0x40 .\CortexM4\ARM_GCC_541\Debug\CapSense_Structure.o
                0x080249fc                CapSense_dsRam
 COMMON         0x08024a3c        0x8 .\CortexM4\ARM_GCC_541\Debug\CapSense_Sensing.o
                0x08024a3c                CapSense_curRamSnsPtr
                0x08024a40                CapSense_curSnsIOPtr
                0x08024a44                . = ALIGN (0x4)
                0x08024a44                __bss_end__ = .

.heap           0x08024a48      0x400
                0x08024a48                __HeapBase = .
                0x08024a48                __end__ = .
                0x08024a48                end = __end__
 *(.heap*)
 .heap          0x08024a48      0x400 .\CortexM4\ARM_GCC_541\Debug\startup_psoc63_cm4.o
                0x08024e48                __HeapLimit = .

.stack_dummy    0x08024a48     0x1000
 *(.stack*)
 .stack         0x08024a48     0x1000 .\CortexM4\ARM_GCC_541\Debug\startup_psoc63_cm4.o
                0x08047800                __StackTop = (ORIGIN (ram) + LENGTH (ram))
                0x08046800                __StackLimit = (__StackTop - SIZEOF (.stack_dummy))
                0x08047800                PROVIDE (__stack, __StackTop)
                0x00000001                ASSERT ((__StackLimit >= __HeapLimit), region RAM overflowed with stack)

.cy_app_signature
 *(.cy_app_signature)

.cy_em_eeprom
 *(.cy_em_eeprom)

.cy_sflash_user_data
 *(.cy_sflash_user_data)

.cy_sflash_nar
 *(.cy_sflash_nar)

.cy_sflash_public_key
 *(.cy_sflash_public_key)

.cy_toc_part2
 *(.cy_toc_part2)

.cy_rtoc_part2
 *(.cy_rtoc_part2)

.cy_xip
 *(.cy_xip)

.cy_efuse
 *(.cy_efuse)

.cymeta         0x90500000        0xc
 *(.cymeta)
 .cymeta        0x90500000        0xc .\CortexM4\ARM_GCC_541\Debug\cymetadata.o
                0x90500000                cy_metadata
                0x10000000                __cy_memory_0_start = 0x10000000
                0x00100000                __cy_memory_0_length = 0x100000
                0x00000200                __cy_memory_0_row_size = 0x200
                0x14000000                __cy_memory_1_start = 0x14000000
                0x00008000                __cy_memory_1_length = 0x8000
                0x00000200                __cy_memory_1_row_size = 0x200
                0x16000000                __cy_memory_2_start = 0x16000000
                0x00008000                __cy_memory_2_length = 0x8000
                0x00000200                __cy_memory_2_row_size = 0x200
                0x18000000                __cy_memory_3_start = 0x18000000
                0x08000000                __cy_memory_3_length = 0x8000000
                0x00000200                __cy_memory_3_row_size = 0x200
                0x90700000                __cy_memory_4_start = 0x90700000
                0x00100000                __cy_memory_4_length = 0x100000
                0x00000001                __cy_memory_4_row_size = 0x1
OUTPUT(C:\Users\kotli\Documents\PSoC Creator\FLASH_test\FLASH_test.cydsn\CortexM4\ARM_GCC_541\Debug\FLASH_test_link.elf elf32-littlearm)

.rel.dyn        0x08024a44        0x0 load address 0x9855e07c
 .rel.iplt      0x08024a44        0x0 c:/program files (x86)/cypress/psoc creator/4.3/psoc creator/import/gnu/arm/5.4.1/bin/../lib/gcc/arm-none-eabi/5.4.1/armv7e-m/softfp/crtbegin.o

.ARM.attributes
                0x00000000       0x2e
 .ARM.attributes
                0x00000000       0x22 c:/program files (x86)/cypress/psoc creator/4.3/psoc creator/import/gnu/arm/5.4.1/bin/../lib/gcc/arm-none-eabi/5.4.1/armv7e-m/softfp/crti.o
 .ARM.attributes
                0x00000022       0x32 c:/program files (x86)/cypress/psoc creator/4.3/psoc creator/import/gnu/arm/5.4.1/bin/../lib/gcc/arm-none-eabi/5.4.1/armv7e-m/softfp/crtbegin.o
 .ARM.attributes
                0x00000054       0x1f .\CortexM4\ARM_GCC_541\Debug\startup_psoc63_cm4.o
 .ARM.attributes
                0x00000073       0x37 .\CortexM4\ARM_GCC_541\Debug\main_cm4.o
 .ARM.attributes
                0x000000aa       0x37 .\CortexM4\ARM_GCC_541\Debug\system_psoc63_cm4.o
 .ARM.attributes
                0x000000e1       0x37 .\CortexM4\ARM_GCC_541\Debug\cy_ipc_config.o
 .ARM.attributes
                0x00000118       0x37 .\CortexM4\ARM_GCC_541\Debug\cyfitter_sysint_cfg.o
 .ARM.attributes
                0x0000014f       0x37 .\CortexM4\ARM_GCC_541\Debug\cymetadata.o
 .ARM.attributes
                0x00000186       0x37 .\CortexM4\ARM_GCC_541\Debug\cy_sysint.o
 .ARM.attributes
                0x000001bd       0x37 .\CortexM4\ARM_GCC_541\Debug\cy_ipc_drv.o
 .ARM.attributes
                0x000001f4       0x37 .\CortexM4\ARM_GCC_541\Debug\cy_ipc_sema.o
 .ARM.attributes
                0x0000022b       0x37 .\CortexM4\ARM_GCC_541\Debug\cy_ipc_pipe.o
 .ARM.attributes
                0x00000262       0x37 .\CortexM4\ARM_GCC_541\Debug\cy_flash.o
 .ARM.attributes
                0x00000299       0x37 .\CortexM4\ARM_GCC_541\Debug\cy_gpio.o
 .ARM.attributes
                0x000002d0       0x37 .\CortexM4\ARM_GCC_541\Debug\cy_syspm.o
 .ARM.attributes
                0x00000307       0x37 .\CortexM4\ARM_GCC_541\Debug\cy_syslib.o
 .ARM.attributes
                0x0000033e       0x25 .\CortexM4\ARM_GCC_541\Debug\cy_syslib_gcc.o
 .ARM.attributes
                0x00000363       0x37 .\CortexM4\ARM_GCC_541\Debug\CapSense_Control.o
 .ARM.attributes
                0x0000039a       0x37 .\CortexM4\ARM_GCC_541\Debug\CapSense_Processing.o
 .ARM.attributes
                0x000003d1       0x37 .\CortexM4\ARM_GCC_541\Debug\CapSense_Structure.o
 .ARM.attributes
                0x00000408       0x37 .\CortexM4\ARM_GCC_541\Debug\CapSense_Tuner.o
 .ARM.attributes
                0x0000043f       0x37 .\CortexM4\ARM_GCC_541\Debug\CapSense_Filter.o
 .ARM.attributes
                0x00000476       0x37 .\CortexM4\ARM_GCC_541\Debug\CapSense_Sensing.o
 .ARM.attributes
                0x000004ad       0x37 .\CortexM4\ARM_GCC_541\Debug\CapSense_INT.o
 .ARM.attributes
                0x000004e4       0x37 .\CortexM4\ARM_GCC_541\Debug\CapSense_SensingCSD_LL.o
 .ARM.attributes
                0x0000051b       0x37 C:\Program Files (x86)\Cypress\PSoC Creator\4.3\PSoC Creator\psoc\content\CyComponentLibrary\CyComponentLibrary.cylib\CapSense_v3_0\Library\CapSense_Library_GCC_M4.a(CapSense_SmartSense_LL.o)
 .ARM.attributes
                0x00000552       0x37 C:\Program Files (x86)\Cypress\PSoC Creator\4.3\PSoC Creator\psoc\content\CyComponentLibrary\CyComponentLibrary.cylib\CapSense_v3_0\Library\CapSense_Library_GCC_M4.a(CapSense_SmartSense_SL.o)
 .ARM.attributes
                0x00000589       0x32 c:/program files (x86)/cypress/psoc creator/4.3/psoc creator/import/gnu/arm/5.4.1/bin/../lib/gcc/arm-none-eabi/5.4.1/../../../../arm-none-eabi/lib/armv7e-m/softfp\libg_nano.a(lib_a-memset.o)
 .ARM.attributes
                0x000005bb       0x32 c:/program files (x86)/cypress/psoc creator/4.3/psoc creator/import/gnu/arm/5.4.1/bin/../lib/gcc/arm-none-eabi/5.4.1/../../../../arm-none-eabi/lib/armv7e-m/softfp\libg_nano.a(lib_a-strncpy.o)
 .ARM.attributes
                0x000005ed       0x32 c:/program files (x86)/cypress/psoc creator/4.3/psoc creator/import/gnu/arm/5.4.1/bin/../lib/gcc/arm-none-eabi/5.4.1/armv7e-m/softfp/crtend.o
 .ARM.attributes
                0x0000061f       0x22 c:/program files (x86)/cypress/psoc creator/4.3/psoc creator/import/gnu/arm/5.4.1/bin/../lib/gcc/arm-none-eabi/5.4.1/armv7e-m/softfp/crtn.o

.comment        0x00000000       0x6e
 .comment       0x00000000       0x6e .\CortexM4\ARM_GCC_541\Debug\main_cm4.o
                                 0x6f (size before relaxing)
 .comment       0x0000006e       0x6f .\CortexM4\ARM_GCC_541\Debug\system_psoc63_cm4.o
 .comment       0x0000006e       0x6f .\CortexM4\ARM_GCC_541\Debug\cy_ipc_config.o
 .comment       0x0000006e       0x6f .\CortexM4\ARM_GCC_541\Debug\cyfitter_sysint_cfg.o
 .comment       0x0000006e       0x6f .\CortexM4\ARM_GCC_541\Debug\cymetadata.o
 .comment       0x0000006e       0x6f .\CortexM4\ARM_GCC_541\Debug\cy_sysint.o
 .comment       0x0000006e       0x6f .\CortexM4\ARM_GCC_541\Debug\cy_ipc_drv.o
 .comment       0x0000006e       0x6f .\CortexM4\ARM_GCC_541\Debug\cy_ipc_sema.o
 .comment       0x0000006e       0x6f .\CortexM4\ARM_GCC_541\Debug\cy_ipc_pipe.o
 .comment       0x0000006e       0x6f .\CortexM4\ARM_GCC_541\Debug\cy_flash.o
 .comment       0x0000006e       0x6f .\CortexM4\ARM_GCC_541\Debug\cy_gpio.o
 .comment       0x0000006e       0x6f .\CortexM4\ARM_GCC_541\Debug\cy_syspm.o
 .comment       0x0000006e       0x6f .\CortexM4\ARM_GCC_541\Debug\cy_syslib.o
 .comment       0x0000006e       0x6f .\CortexM4\ARM_GCC_541\Debug\CapSense_Control.o
 .comment       0x0000006e       0x6f .\CortexM4\ARM_GCC_541\Debug\CapSense_Processing.o
 .comment       0x0000006e       0x6f .\CortexM4\ARM_GCC_541\Debug\CapSense_Structure.o
 .comment       0x0000006e       0x6f .\CortexM4\ARM_GCC_541\Debug\CapSense_Tuner.o
 .comment       0x0000006e       0x6f .\CortexM4\ARM_GCC_541\Debug\CapSense_Filter.o
 .comment       0x0000006e       0x6f .\CortexM4\ARM_GCC_541\Debug\CapSense_Sensing.o
 .comment       0x0000006e       0x6f .\CortexM4\ARM_GCC_541\Debug\CapSense_INT.o
 .comment       0x0000006e       0x6f .\CortexM4\ARM_GCC_541\Debug\CapSense_SensingCSD_LL.o
 .comment       0x0000006e       0x6f C:\Program Files (x86)\Cypress\PSoC Creator\4.3\PSoC Creator\psoc\content\CyComponentLibrary\CyComponentLibrary.cylib\CapSense_v3_0\Library\CapSense_Library_GCC_M4.a(CapSense_SmartSense_LL.o)
 .comment       0x0000006e       0x6f C:\Program Files (x86)\Cypress\PSoC Creator\4.3\PSoC Creator\psoc\content\CyComponentLibrary\CyComponentLibrary.cylib\CapSense_v3_0\Library\CapSense_Library_GCC_M4.a(CapSense_SmartSense_SL.o)

.debug_line     0x00000000     0x5878
 .debug_line    0x00000000       0xa0 .\CortexM4\ARM_GCC_541\Debug\startup_psoc63_cm4.o
 .debug_line    0x000000a0      0x1f9 .\CortexM4\ARM_GCC_541\Debug\main_cm4.o
 .debug_line    0x00000299      0x2fa .\CortexM4\ARM_GCC_541\Debug\system_psoc63_cm4.o
 .debug_line    0x00000593      0x2bc .\CortexM4\ARM_GCC_541\Debug\cy_ipc_config.o
 .debug_line    0x0000084f      0x214 .\CortexM4\ARM_GCC_541\Debug\cyfitter_sysint_cfg.o
 .debug_line    0x00000a63      0x141 .\CortexM4\ARM_GCC_541\Debug\cymetadata.o
 .debug_line    0x00000ba4      0x2a8 .\CortexM4\ARM_GCC_541\Debug\cy_sysint.o
 .debug_line    0x00000e4c      0x2ac .\CortexM4\ARM_GCC_541\Debug\cy_ipc_drv.o
 .debug_line    0x000010f8      0x35f .\CortexM4\ARM_GCC_541\Debug\cy_ipc_sema.o
 .debug_line    0x00001457      0x572 .\CortexM4\ARM_GCC_541\Debug\cy_ipc_pipe.o
 .debug_line    0x000019c9      0x72e .\CortexM4\ARM_GCC_541\Debug\cy_flash.o
 .debug_line    0x000020f7      0x447 .\CortexM4\ARM_GCC_541\Debug\cy_gpio.o
 .debug_line    0x0000253e      0x8c7 .\CortexM4\ARM_GCC_541\Debug\cy_syspm.o
 .debug_line    0x00002e05      0x401 .\CortexM4\ARM_GCC_541\Debug\cy_syslib.o
 .debug_line    0x00003206       0x89 .\CortexM4\ARM_GCC_541\Debug\cy_syslib_gcc.o
 .debug_line    0x0000328f      0x432 .\CortexM4\ARM_GCC_541\Debug\CapSense_Control.o
 .debug_line    0x000036c1      0x485 .\CortexM4\ARM_GCC_541\Debug\CapSense_Processing.o
 .debug_line    0x00003b46      0x373 .\CortexM4\ARM_GCC_541\Debug\CapSense_Structure.o
 .debug_line    0x00003eb9      0x296 .\CortexM4\ARM_GCC_541\Debug\CapSense_Tuner.o
 .debug_line    0x0000414f      0x3b5 .\CortexM4\ARM_GCC_541\Debug\CapSense_Filter.o
 .debug_line    0x00004504      0x76e .\CortexM4\ARM_GCC_541\Debug\CapSense_Sensing.o
 .debug_line    0x00004c72      0x2fb .\CortexM4\ARM_GCC_541\Debug\CapSense_INT.o
 .debug_line    0x00004f6d      0x799 .\CortexM4\ARM_GCC_541\Debug\CapSense_SensingCSD_LL.o
 .debug_line    0x00005706       0x95 C:\Program Files (x86)\Cypress\PSoC Creator\4.3\PSoC Creator\psoc\content\CyComponentLibrary\CyComponentLibrary.cylib\CapSense_v3_0\Library\CapSense_Library_GCC_M4.a(CapSense_SmartSense_LL.o)
 .debug_line    0x0000579b       0xdd C:\Program Files (x86)\Cypress\PSoC Creator\4.3\PSoC Creator\psoc\content\CyComponentLibrary\CyComponentLibrary.cylib\CapSense_v3_0\Library\CapSense_Library_GCC_M4.a(CapSense_SmartSense_SL.o)

.debug_info     0x00000000    0x1d12e
 .debug_info    0x00000000       0x8e .\CortexM4\ARM_GCC_541\Debug\startup_psoc63_cm4.o
 .debug_info    0x0000008e      0x1dc .\CortexM4\ARM_GCC_541\Debug\main_cm4.o
 .debug_info    0x0000026a      0xff9 .\CortexM4\ARM_GCC_541\Debug\system_psoc63_cm4.o
 .debug_info    0x00001263      0x876 .\CortexM4\ARM_GCC_541\Debug\cy_ipc_config.o
 .debug_info    0x00001ad9      0x4d2 .\CortexM4\ARM_GCC_541\Debug\cyfitter_sysint_cfg.o
 .debug_info    0x00001fab       0xac .\CortexM4\ARM_GCC_541\Debug\cymetadata.o
 .debug_info    0x00002057      0x9c5 .\CortexM4\ARM_GCC_541\Debug\cy_sysint.o
 .debug_info    0x00002a1c      0x486 .\CortexM4\ARM_GCC_541\Debug\cy_ipc_drv.o
 .debug_info    0x00002ea2      0x808 .\CortexM4\ARM_GCC_541\Debug\cy_ipc_sema.o
 .debug_info    0x000036aa     0x15f4 .\CortexM4\ARM_GCC_541\Debug\cy_ipc_pipe.o
 .debug_info    0x00004c9e     0x27a5 .\CortexM4\ARM_GCC_541\Debug\cy_flash.o
 .debug_info    0x00007443     0x2ce5 .\CortexM4\ARM_GCC_541\Debug\cy_gpio.o
 .debug_info    0x0000a128     0x3d45 .\CortexM4\ARM_GCC_541\Debug\cy_syspm.o
 .debug_info    0x0000de6d     0x2511 .\CortexM4\ARM_GCC_541\Debug\cy_syslib.o
 .debug_info    0x0001037e       0xb3 .\CortexM4\ARM_GCC_541\Debug\cy_syslib_gcc.o
 .debug_info    0x00010431      0xc37 .\CortexM4\ARM_GCC_541\Debug\CapSense_Control.o
 .debug_info    0x00011068      0xbc1 .\CortexM4\ARM_GCC_541\Debug\CapSense_Processing.o
 .debug_info    0x00011c29      0xc27 .\CortexM4\ARM_GCC_541\Debug\CapSense_Structure.o
 .debug_info    0x00012850      0x6b4 .\CortexM4\ARM_GCC_541\Debug\CapSense_Tuner.o
 .debug_info    0x00012f04      0xa68 .\CortexM4\ARM_GCC_541\Debug\CapSense_Filter.o
 .debug_info    0x0001396c     0x433e .\CortexM4\ARM_GCC_541\Debug\CapSense_Sensing.o
 .debug_info    0x00017caa      0xd25 .\CortexM4\ARM_GCC_541\Debug\CapSense_INT.o
 .debug_info    0x000189cf     0x42d8 .\CortexM4\ARM_GCC_541\Debug\CapSense_SensingCSD_LL.o
 .debug_info    0x0001cca7      0x22c C:\Program Files (x86)\Cypress\PSoC Creator\4.3\PSoC Creator\psoc\content\CyComponentLibrary\CyComponentLibrary.cylib\CapSense_v3_0\Library\CapSense_Library_GCC_M4.a(CapSense_SmartSense_LL.o)
 .debug_info    0x0001ced3      0x25b C:\Program Files (x86)\Cypress\PSoC Creator\4.3\PSoC Creator\psoc\content\CyComponentLibrary\CyComponentLibrary.cylib\CapSense_v3_0\Library\CapSense_Library_GCC_M4.a(CapSense_SmartSense_SL.o)

.debug_abbrev   0x00000000     0x2e4d
 .debug_abbrev  0x00000000       0x14 .\CortexM4\ARM_GCC_541\Debug\startup_psoc63_cm4.o
 .debug_abbrev  0x00000014      0x131 .\CortexM4\ARM_GCC_541\Debug\main_cm4.o
 .debug_abbrev  0x00000145      0x1c4 .\CortexM4\ARM_GCC_541\Debug\system_psoc63_cm4.o
 .debug_abbrev  0x00000309      0x173 .\CortexM4\ARM_GCC_541\Debug\cy_ipc_config.o
 .debug_abbrev  0x0000047c       0xa0 .\CortexM4\ARM_GCC_541\Debug\cyfitter_sysint_cfg.o
 .debug_abbrev  0x0000051c       0x5d .\CortexM4\ARM_GCC_541\Debug\cymetadata.o
 .debug_abbrev  0x00000579      0x221 .\CortexM4\ARM_GCC_541\Debug\cy_sysint.o
 .debug_abbrev  0x0000079a      0x177 .\CortexM4\ARM_GCC_541\Debug\cy_ipc_drv.o
 .debug_abbrev  0x00000911      0x22d .\CortexM4\ARM_GCC_541\Debug\cy_ipc_sema.o
 .debug_abbrev  0x00000b3e      0x30d .\CortexM4\ARM_GCC_541\Debug\cy_ipc_pipe.o
 .debug_abbrev  0x00000e4b      0x340 .\CortexM4\ARM_GCC_541\Debug\cy_flash.o
 .debug_abbrev  0x0000118b      0x1d7 .\CortexM4\ARM_GCC_541\Debug\cy_gpio.o
 .debug_abbrev  0x00001362      0x349 .\CortexM4\ARM_GCC_541\Debug\cy_syspm.o
 .debug_abbrev  0x000016ab      0x310 .\CortexM4\ARM_GCC_541\Debug\cy_syslib.o
 .debug_abbrev  0x000019bb       0x14 .\CortexM4\ARM_GCC_541\Debug\cy_syslib_gcc.o
 .debug_abbrev  0x000019cf      0x24a .\CortexM4\ARM_GCC_541\Debug\CapSense_Control.o
 .debug_abbrev  0x00001c19      0x1d3 .\CortexM4\ARM_GCC_541\Debug\CapSense_Processing.o
 .debug_abbrev  0x00001dec      0x24a .\CortexM4\ARM_GCC_541\Debug\CapSense_Structure.o
 .debug_abbrev  0x00002036      0x177 .\CortexM4\ARM_GCC_541\Debug\CapSense_Tuner.o
 .debug_abbrev  0x000021ad      0x218 .\CortexM4\ARM_GCC_541\Debug\CapSense_Filter.o
 .debug_abbrev  0x000023c5      0x39b .\CortexM4\ARM_GCC_541\Debug\CapSense_Sensing.o
 .debug_abbrev  0x00002760      0x1ae .\CortexM4\ARM_GCC_541\Debug\CapSense_INT.o
 .debug_abbrev  0x0000290e      0x369 .\CortexM4\ARM_GCC_541\Debug\CapSense_SensingCSD_LL.o
 .debug_abbrev  0x00002c77      0x110 C:\Program Files (x86)\Cypress\PSoC Creator\4.3\PSoC Creator\psoc\content\CyComponentLibrary\CyComponentLibrary.cylib\CapSense_v3_0\Library\CapSense_Library_GCC_M4.a(CapSense_SmartSense_LL.o)
 .debug_abbrev  0x00002d87       0xc6 C:\Program Files (x86)\Cypress\PSoC Creator\4.3\PSoC Creator\psoc\content\CyComponentLibrary\CyComponentLibrary.cylib\CapSense_v3_0\Library\CapSense_Library_GCC_M4.a(CapSense_SmartSense_SL.o)

.debug_aranges  0x00000000      0x888
 .debug_aranges
                0x00000000       0x20 .\CortexM4\ARM_GCC_541\Debug\startup_psoc63_cm4.o
 .debug_aranges
                0x00000020       0x20 .\CortexM4\ARM_GCC_541\Debug\main_cm4.o
 .debug_aranges
                0x00000040       0x38 .\CortexM4\ARM_GCC_541\Debug\system_psoc63_cm4.o
 .debug_aranges
                0x00000078       0x30 .\CortexM4\ARM_GCC_541\Debug\cy_ipc_config.o
 .debug_aranges
                0x000000a8       0x18 .\CortexM4\ARM_GCC_541\Debug\cyfitter_sysint_cfg.o
 .debug_aranges
                0x000000c0       0x18 .\CortexM4\ARM_GCC_541\Debug\cymetadata.o
 .debug_aranges
                0x000000d8       0x30 .\CortexM4\ARM_GCC_541\Debug\cy_sysint.o
 .debug_aranges
                0x00000108       0x30 .\CortexM4\ARM_GCC_541\Debug\cy_ipc_drv.o
 .debug_aranges
                0x00000138       0x40 .\CortexM4\ARM_GCC_541\Debug\cy_ipc_sema.o
 .debug_aranges
                0x00000178       0x68 .\CortexM4\ARM_GCC_541\Debug\cy_ipc_pipe.o
 .debug_aranges
                0x000001e0       0xb0 .\CortexM4\ARM_GCC_541\Debug\cy_flash.o
 .debug_aranges
                0x00000290       0x38 .\CortexM4\ARM_GCC_541\Debug\cy_gpio.o
 .debug_aranges
                0x000002c8      0x108 .\CortexM4\ARM_GCC_541\Debug\cy_syspm.o
 .debug_aranges
                0x000003d0       0x78 .\CortexM4\ARM_GCC_541\Debug\cy_syslib.o
 .debug_aranges
                0x00000448       0x20 .\CortexM4\ARM_GCC_541\Debug\cy_syslib_gcc.o
 .debug_aranges
                0x00000468       0x88 .\CortexM4\ARM_GCC_541\Debug\CapSense_Control.o
 .debug_aranges
                0x000004f0       0x50 .\CortexM4\ARM_GCC_541\Debug\CapSense_Processing.o
 .debug_aranges
                0x00000540       0x50 .\CortexM4\ARM_GCC_541\Debug\CapSense_Structure.o
 .debug_aranges
                0x00000590       0x28 .\CortexM4\ARM_GCC_541\Debug\CapSense_Tuner.o
 .debug_aranges
                0x000005b8       0x90 .\CortexM4\ARM_GCC_541\Debug\CapSense_Filter.o
 .debug_aranges
                0x00000648       0xd0 .\CortexM4\ARM_GCC_541\Debug\CapSense_Sensing.o
 .debug_aranges
                0x00000718       0x38 .\CortexM4\ARM_GCC_541\Debug\CapSense_INT.o
 .debug_aranges
                0x00000750       0xe0 .\CortexM4\ARM_GCC_541\Debug\CapSense_SensingCSD_LL.o
 .debug_aranges
                0x00000830       0x28 C:\Program Files (x86)\Cypress\PSoC Creator\4.3\PSoC Creator\psoc\content\CyComponentLibrary\CyComponentLibrary.cylib\CapSense_v3_0\Library\CapSense_Library_GCC_M4.a(CapSense_SmartSense_LL.o)
 .debug_aranges
                0x00000858       0x30 C:\Program Files (x86)\Cypress\PSoC Creator\4.3\PSoC Creator\psoc\content\CyComponentLibrary\CyComponentLibrary.cylib\CapSense_v3_0\Library\CapSense_Library_GCC_M4.a(CapSense_SmartSense_SL.o)

.debug_ranges   0x00000000      0x748
 .debug_ranges  0x00000000       0x10 .\CortexM4\ARM_GCC_541\Debug\main_cm4.o
 .debug_ranges  0x00000010       0x40 .\CortexM4\ARM_GCC_541\Debug\system_psoc63_cm4.o
 .debug_ranges  0x00000050       0x20 .\CortexM4\ARM_GCC_541\Debug\cy_ipc_config.o
 .debug_ranges  0x00000070       0x20 .\CortexM4\ARM_GCC_541\Debug\cy_sysint.o
 .debug_ranges  0x00000090       0x20 .\CortexM4\ARM_GCC_541\Debug\cy_ipc_drv.o
 .debug_ranges  0x000000b0       0x30 .\CortexM4\ARM_GCC_541\Debug\cy_ipc_sema.o
 .debug_ranges  0x000000e0       0x58 .\CortexM4\ARM_GCC_541\Debug\cy_ipc_pipe.o
 .debug_ranges  0x00000138       0xa0 .\CortexM4\ARM_GCC_541\Debug\cy_flash.o
 .debug_ranges  0x000001d8       0x28 .\CortexM4\ARM_GCC_541\Debug\cy_gpio.o
 .debug_ranges  0x00000200      0x160 .\CortexM4\ARM_GCC_541\Debug\cy_syspm.o
 .debug_ranges  0x00000360       0x68 .\CortexM4\ARM_GCC_541\Debug\cy_syslib.o
 .debug_ranges  0x000003c8       0x78 .\CortexM4\ARM_GCC_541\Debug\CapSense_Control.o
 .debug_ranges  0x00000440       0x40 .\CortexM4\ARM_GCC_541\Debug\CapSense_Processing.o
 .debug_ranges  0x00000480       0x40 .\CortexM4\ARM_GCC_541\Debug\CapSense_Structure.o
 .debug_ranges  0x000004c0       0x18 .\CortexM4\ARM_GCC_541\Debug\CapSense_Tuner.o
 .debug_ranges  0x000004d8       0x80 .\CortexM4\ARM_GCC_541\Debug\CapSense_Filter.o
 .debug_ranges  0x00000558       0xc0 .\CortexM4\ARM_GCC_541\Debug\CapSense_Sensing.o
 .debug_ranges  0x00000618       0x28 .\CortexM4\ARM_GCC_541\Debug\CapSense_INT.o
 .debug_ranges  0x00000640       0xd0 .\CortexM4\ARM_GCC_541\Debug\CapSense_SensingCSD_LL.o
 .debug_ranges  0x00000710       0x18 C:\Program Files (x86)\Cypress\PSoC Creator\4.3\PSoC Creator\psoc\content\CyComponentLibrary\CyComponentLibrary.cylib\CapSense_v3_0\Library\CapSense_Library_GCC_M4.a(CapSense_SmartSense_LL.o)
 .debug_ranges  0x00000728       0x20 C:\Program Files (x86)\Cypress\PSoC Creator\4.3\PSoC Creator\psoc\content\CyComponentLibrary\CyComponentLibrary.cylib\CapSense_v3_0\Library\CapSense_Library_GCC_M4.a(CapSense_SmartSense_SL.o)

.debug_str      0x00000000     0xc4dc
 .debug_str     0x00000000      0x207 .\CortexM4\ARM_GCC_541\Debug\main_cm4.o
                                0x270 (size before relaxing)
 .debug_str     0x00000207      0x8d7 .\CortexM4\ARM_GCC_541\Debug\system_psoc63_cm4.o
                                0xafe (size before relaxing)
 .debug_str     0x00000ade     0x12f6 .\CortexM4\ARM_GCC_541\Debug\cy_ipc_config.o
                               0x1527 (size before relaxing)
 .debug_str     0x00001dd4       0x63 .\CortexM4\ARM_GCC_541\Debug\cyfitter_sysint_cfg.o
                               0x120a (size before relaxing)
 .debug_str     0x00001e37       0x30 .\CortexM4\ARM_GCC_541\Debug\cymetadata.o
                                0x1c4 (size before relaxing)
 .debug_str     0x00001e67      0x155 .\CortexM4\ARM_GCC_541\Debug\cy_sysint.o
                               0x13d3 (size before relaxing)
 .debug_str     0x00001fbc      0x196 .\CortexM4\ARM_GCC_541\Debug\cy_ipc_drv.o
                                0x3ce (size before relaxing)
 .debug_str     0x00002152      0x262 .\CortexM4\ARM_GCC_541\Debug\cy_ipc_sema.o
                                0x5f4 (size before relaxing)
 .debug_str     0x000023b4      0x46e .\CortexM4\ARM_GCC_541\Debug\cy_ipc_pipe.o
                               0x1acb (size before relaxing)
 .debug_str     0x00002822      0xc51 .\CortexM4\ARM_GCC_541\Debug\cy_flash.o
                               0x29e9 (size before relaxing)
 .debug_str     0x00003473     0x590f .\CortexM4\ARM_GCC_541\Debug\cy_gpio.o
                               0x5b5b (size before relaxing)
 .debug_str     0x00008d82     0x1539 .\CortexM4\ARM_GCC_541\Debug\cy_syspm.o
                               0x2521 (size before relaxing)
 .debug_str     0x0000a2bb      0x513 .\CortexM4\ARM_GCC_541\Debug\cy_syslib.o
                               0x18fa (size before relaxing)
 .debug_str     0x0000a7ce      0x7d9 .\CortexM4\ARM_GCC_541\Debug\CapSense_Control.o
                                0xb4b (size before relaxing)
 .debug_str     0x0000afa7      0x1df .\CortexM4\ARM_GCC_541\Debug\CapSense_Processing.o
                                0x94c (size before relaxing)
 .debug_str     0x0000b186      0x21e .\CortexM4\ARM_GCC_541\Debug\CapSense_Structure.o
                                0x92c (size before relaxing)
 .debug_str     0x0000b3a4      0x135 .\CortexM4\ARM_GCC_541\Debug\CapSense_Tuner.o
                                0x714 (size before relaxing)
 .debug_str     0x0000b4d9      0x25c .\CortexM4\ARM_GCC_541\Debug\CapSense_Filter.o
                                0x841 (size before relaxing)
 .debug_str     0x0000b735      0x7b3 .\CortexM4\ARM_GCC_541\Debug\CapSense_Sensing.o
                               0x78e7 (size before relaxing)
 .debug_str     0x0000bee8       0xf6 .\CortexM4\ARM_GCC_541\Debug\CapSense_INT.o
                                0xa13 (size before relaxing)
 .debug_str     0x0000bfde      0x314 .\CortexM4\ARM_GCC_541\Debug\CapSense_SensingCSD_LL.o
                               0x77e8 (size before relaxing)
 .debug_str     0x0000c2f2      0x17d C:\Program Files (x86)\Cypress\PSoC Creator\4.3\PSoC Creator\psoc\content\CyComponentLibrary\CyComponentLibrary.cylib\CapSense_v3_0\Library\CapSense_Library_GCC_M4.a(CapSense_SmartSense_LL.o)
                                0x2b6 (size before relaxing)
 .debug_str     0x0000c46f       0x6d C:\Program Files (x86)\Cypress\PSoC Creator\4.3\PSoC Creator\psoc\content\CyComponentLibrary\CyComponentLibrary.cylib\CapSense_v3_0\Library\CapSense_Library_GCC_M4.a(CapSense_SmartSense_SL.o)
                                0x31a (size before relaxing)

.debug_frame    0x00000000     0x1790
 .debug_frame   0x00000000       0x2c .\CortexM4\ARM_GCC_541\Debug\main_cm4.o
 .debug_frame   0x0000002c       0x68 .\CortexM4\ARM_GCC_541\Debug\system_psoc63_cm4.o
 .debug_frame   0x00000094       0x64 .\CortexM4\ARM_GCC_541\Debug\cy_ipc_config.o
 .debug_frame   0x000000f8       0x7c .\CortexM4\ARM_GCC_541\Debug\cy_sysint.o
 .debug_frame   0x00000174       0x70 .\CortexM4\ARM_GCC_541\Debug\cy_ipc_drv.o
 .debug_frame   0x000001e4       0xcc .\CortexM4\ARM_GCC_541\Debug\cy_ipc_sema.o
 .debug_frame   0x000002b0      0x164 .\CortexM4\ARM_GCC_541\Debug\cy_ipc_pipe.o
 .debug_frame   0x00000414      0x22c .\CortexM4\ARM_GCC_541\Debug\cy_flash.o
 .debug_frame   0x00000640       0xd0 .\CortexM4\ARM_GCC_541\Debug\cy_gpio.o
 .debug_frame   0x00000710      0x354 .\CortexM4\ARM_GCC_541\Debug\cy_syspm.o
 .debug_frame   0x00000a64      0x124 .\CortexM4\ARM_GCC_541\Debug\cy_syslib.o
 .debug_frame   0x00000b88      0x1ac .\CortexM4\ARM_GCC_541\Debug\CapSense_Control.o
 .debug_frame   0x00000d34      0x108 .\CortexM4\ARM_GCC_541\Debug\CapSense_Processing.o
 .debug_frame   0x00000e3c       0xd0 .\CortexM4\ARM_GCC_541\Debug\CapSense_Structure.o
 .debug_frame   0x00000f0c       0x40 .\CortexM4\ARM_GCC_541\Debug\CapSense_Tuner.o
 .debug_frame   0x00000f4c      0x1cc .\CortexM4\ARM_GCC_541\Debug\CapSense_Filter.o
 .debug_frame   0x00001118      0x268 .\CortexM4\ARM_GCC_541\Debug\CapSense_Sensing.o
 .debug_frame   0x00001380       0x78 .\CortexM4\ARM_GCC_541\Debug\CapSense_INT.o
 .debug_frame   0x000013f8      0x2c4 .\CortexM4\ARM_GCC_541\Debug\CapSense_SensingCSD_LL.o
 .debug_frame   0x000016bc       0x40 C:\Program Files (x86)\Cypress\PSoC Creator\4.3\PSoC Creator\psoc\content\CyComponentLibrary\CyComponentLibrary.cylib\CapSense_v3_0\Library\CapSense_Library_GCC_M4.a(CapSense_SmartSense_LL.o)
 .debug_frame   0x000016fc       0x4c C:\Program Files (x86)\Cypress\PSoC Creator\4.3\PSoC Creator\psoc\content\CyComponentLibrary\CyComponentLibrary.cylib\CapSense_v3_0\Library\CapSense_Library_GCC_M4.a(CapSense_SmartSense_SL.o)
 .debug_frame   0x00001748       0x20 c:/program files (x86)/cypress/psoc creator/4.3/psoc creator/import/gnu/arm/5.4.1/bin/../lib/gcc/arm-none-eabi/5.4.1/../../../../arm-none-eabi/lib/armv7e-m/softfp\libg_nano.a(lib_a-memset.o)
 .debug_frame   0x00001768       0x28 c:/program files (x86)/cypress/psoc creator/4.3/psoc creator/import/gnu/arm/5.4.1/bin/../lib/gcc/arm-none-eabi/5.4.1/../../../../arm-none-eabi/lib/armv7e-m/softfp\libg_nano.a(lib_a-strncpy.o)

.debug_loc      0x00000000     0x66ce
 .debug_loc     0x00000000      0x1fe .\CortexM4\ARM_GCC_541\Debug\system_psoc63_cm4.o
 .debug_loc     0x000001fe       0x1e .\CortexM4\ARM_GCC_541\Debug\cy_ipc_config.o
 .debug_loc     0x0000021c      0x223 .\CortexM4\ARM_GCC_541\Debug\cy_sysint.o
 .debug_loc     0x0000043f      0x2a1 .\CortexM4\ARM_GCC_541\Debug\cy_ipc_drv.o
 .debug_loc     0x000006e0      0x6c2 .\CortexM4\ARM_GCC_541\Debug\cy_ipc_sema.o
 .debug_loc     0x00000da2      0x7d4 .\CortexM4\ARM_GCC_541\Debug\cy_ipc_pipe.o
 .debug_loc     0x00001576      0xbe0 .\CortexM4\ARM_GCC_541\Debug\cy_flash.o
 .debug_loc     0x00002156      0x791 .\CortexM4\ARM_GCC_541\Debug\cy_gpio.o
 .debug_loc     0x000028e7      0xb0a .\CortexM4\ARM_GCC_541\Debug\cy_syspm.o
 .debug_loc     0x000033f1      0x1fc .\CortexM4\ARM_GCC_541\Debug\cy_syslib.o
 .debug_loc     0x000035ed      0x48b .\CortexM4\ARM_GCC_541\Debug\CapSense_Control.o
 .debug_loc     0x00003a78      0x505 .\CortexM4\ARM_GCC_541\Debug\CapSense_Processing.o
 .debug_loc     0x00003f7d      0x3fe .\CortexM4\ARM_GCC_541\Debug\CapSense_Structure.o
 .debug_loc     0x0000437b      0x18b .\CortexM4\ARM_GCC_541\Debug\CapSense_Tuner.o
 .debug_loc     0x00004506      0x871 .\CortexM4\ARM_GCC_541\Debug\CapSense_Filter.o
 .debug_loc     0x00004d77      0x957 .\CortexM4\ARM_GCC_541\Debug\CapSense_Sensing.o
 .debug_loc     0x000056ce       0xa2 .\CortexM4\ARM_GCC_541\Debug\CapSense_INT.o
 .debug_loc     0x00005770      0xb8e .\CortexM4\ARM_GCC_541\Debug\CapSense_SensingCSD_LL.o
 .debug_loc     0x000062fe      0x2ac C:\Program Files (x86)\Cypress\PSoC Creator\4.3\PSoC Creator\psoc\content\CyComponentLibrary\CyComponentLibrary.cylib\CapSense_v3_0\Library\CapSense_Library_GCC_M4.a(CapSense_SmartSense_LL.o)
 .debug_loc     0x000065aa      0x124 C:\Program Files (x86)\Cypress\PSoC Creator\4.3\PSoC Creator\psoc\content\CyComponentLibrary\CyComponentLibrary.cylib\CapSense_v3_0\Library\CapSense_Library_GCC_M4.a(CapSense_SmartSense_SL.o)
